<html>
<body>
<pre>
<h1>µVision Build Log</h1>
<h2>Tool Versions:</h2>
IDE-Version: ¦ÌVision V5.24.2.0
Copyright (C) 2017 ARM Ltd and ARM Germany GmbH. All rights reserved.
License Information: 1111 111, 11, LIC=KIVEV-P4LTL-33XM1-CP6X1-97MGL-N3RCF
 
Tool Versions:
Toolchain:       MDK-ARM Professional  Version: 5.24.1
Toolchain Path:  D:\hardware\ARM_V5\ARM\ARMCC\Bin
C Compiler:      Armcc.exe V5.06 update 5 (build 528)
Assembler:       Armasm.exe V5.06 update 5 (build 528)
Linker/Locator:  ArmLink.exe V5.06 update 5 (build 528)
Library Manager: ArmAr.exe V5.06 update 5 (build 528)
Hex Converter:   FromElf.exe V5.06 update 5 (build 528)
CPU DLL:         SARMCM3.DLL V5.24.1
Dialog DLL:      DARMCM1.DLL V1.18.0.0
Target DLL:      STLink\ST-LINKIII-KEIL_SWO.dll V3.0.1.0
Dialog DLL:      TARMCM1.DLL V1.13.0.0
 
<h2>Project:</h2>
E:\9. My Workspace\FW-STM32-CP\FW_STM32_STD\stm32f0_project\stm32f030f4_16_4\MDK-ARM\stm32f030f4_16_4.uvprojx
Project File Date:  03/07/2020

<h2>Output:</h2>
*** Using Compiler 'V5.06 update 5 (build 528)', folder: 'D:\hardware\ARM_V5\ARM\ARMCC\Bin'
Build target 'stm32f030f4'
compiling INC_MBAD9834.c...
..\Boards\INC_MBAD9834.c(82): warning:  #177-D: variable "NVIC_InitStructure"  was declared but never referenced
    NVIC_InitTypeDef NVIC_InitStructure;
..\Boards\INC_MBAD9834.c(181): warning:  #550-D: variable "VotageVal"  was set but never used
  		uint32_t VotageVal=0;	
..\Boards\INC_MBAD9834.c(79): warning:  #177-D: function "SPI_Config"  was declared but never referenced
  static void SPI_Config(void)
..\Boards\INC_MBAD9834.c: 3 warnings, 0 errors
linking...
Program Size: Code=9036 RO-data=348 RW-data=40 ZI-data=1160  
FromELF: creating hex file...
".\Objects\OKOA_LED_TEST.axf" - 0 Error(s), 3 Warning(s).

<h2>Software Packages used:</h2>

Package Vendor: Keil
                http://www.keil.com/pack/Keil.STM32F0xx_DFP.2.0.0.pack
                Keil.STM32F0xx_DFP.2.0.0
                STMicroelectronics STM32F0 Series Device Support, Drivers and Examples

<h2>Collection of Component include folders:</h2>
  .\RTE\_stm32f030f4
  D:\hardware\ARM_V5\ARM\PACK\Keil\STM32F0xx_DFP\2.0.0\Drivers\CMSIS\Device\ST\STM32F0xx\Include

<h2>Collection of Component Files used:</h2>
Build Time Elapsed:  00:00:04
</pre>
</body>
</html>
