Component: ARM Compiler 5.06 update 5 (build 528) Tool: armlink [4d35e2]

==============================================================================

Section Cross References

    system_stm32f10x.o(i.SetSysClock) refers to system_stm32f10x.o(i.SetSysClockTo72) for SetSysClockTo72
    system_stm32f10x.o(i.SystemCoreClockUpdate) refers to system_stm32f10x.o(.data) for SystemCoreClock
    system_stm32f10x.o(i.SystemInit) refers to system_stm32f10x.o(i.SetSysClock) for SetSysClock
    stm32f10x_gpio.o(i.GPIO_AFIODeInit) refers to stm32f10x_rcc.o(i.RCC_APB2PeriphResetCmd) for RCC_APB2PeriphResetCmd
    stm32f10x_gpio.o(i.GPIO_DeInit) refers to stm32f10x_rcc.o(i.RCC_APB2PeriphResetCmd) for RCC_APB2PeriphResetCmd
    stm32f10x_rcc.o(i.RCC_GetClocksFreq) refers to stm32f10x_rcc.o(.data) for APBAHBPrescTable
    stm32f10x_rcc.o(i.RCC_WaitForHSEStartUp) refers to stm32f10x_rcc.o(i.RCC_GetFlagStatus) for RCC_GetFlagStatus
    stm32f10x_tim.o(i.TIM_DeInit) refers to stm32f10x_rcc.o(i.RCC_APB2PeriphResetCmd) for RCC_APB2PeriphResetCmd
    stm32f10x_tim.o(i.TIM_DeInit) refers to stm32f10x_rcc.o(i.RCC_APB1PeriphResetCmd) for RCC_APB1PeriphResetCmd
    stm32f10x_tim.o(i.TIM_ETRClockMode1Config) refers to stm32f10x_tim.o(i.TIM_ETRConfig) for TIM_ETRConfig
    stm32f10x_tim.o(i.TIM_ETRClockMode2Config) refers to stm32f10x_tim.o(i.TIM_ETRConfig) for TIM_ETRConfig
    stm32f10x_tim.o(i.TIM_ICInit) refers to stm32f10x_tim.o(i.TI1_Config) for TI1_Config
    stm32f10x_tim.o(i.TIM_ICInit) refers to stm32f10x_tim.o(i.TIM_SetIC1Prescaler) for TIM_SetIC1Prescaler
    stm32f10x_tim.o(i.TIM_ICInit) refers to stm32f10x_tim.o(i.TI2_Config) for TI2_Config
    stm32f10x_tim.o(i.TIM_ICInit) refers to stm32f10x_tim.o(i.TIM_SetIC2Prescaler) for TIM_SetIC2Prescaler
    stm32f10x_tim.o(i.TIM_ICInit) refers to stm32f10x_tim.o(i.TI3_Config) for TI3_Config
    stm32f10x_tim.o(i.TIM_ICInit) refers to stm32f10x_tim.o(i.TIM_SetIC3Prescaler) for TIM_SetIC3Prescaler
    stm32f10x_tim.o(i.TIM_ICInit) refers to stm32f10x_tim.o(i.TI4_Config) for TI4_Config
    stm32f10x_tim.o(i.TIM_ICInit) refers to stm32f10x_tim.o(i.TIM_SetIC4Prescaler) for TIM_SetIC4Prescaler
    stm32f10x_tim.o(i.TIM_ITRxExternalClockConfig) refers to stm32f10x_tim.o(i.TIM_SelectInputTrigger) for TIM_SelectInputTrigger
    stm32f10x_tim.o(i.TIM_PWMIConfig) refers to stm32f10x_tim.o(i.TI1_Config) for TI1_Config
    stm32f10x_tim.o(i.TIM_PWMIConfig) refers to stm32f10x_tim.o(i.TIM_SetIC1Prescaler) for TIM_SetIC1Prescaler
    stm32f10x_tim.o(i.TIM_PWMIConfig) refers to stm32f10x_tim.o(i.TI2_Config) for TI2_Config
    stm32f10x_tim.o(i.TIM_PWMIConfig) refers to stm32f10x_tim.o(i.TIM_SetIC2Prescaler) for TIM_SetIC2Prescaler
    stm32f10x_tim.o(i.TIM_TIxExternalClockConfig) refers to stm32f10x_tim.o(i.TI2_Config) for TI2_Config
    stm32f10x_tim.o(i.TIM_TIxExternalClockConfig) refers to stm32f10x_tim.o(i.TI1_Config) for TI1_Config
    stm32f10x_tim.o(i.TIM_TIxExternalClockConfig) refers to stm32f10x_tim.o(i.TIM_SelectInputTrigger) for TIM_SelectInputTrigger
    stm32f10x_usart.o(i.USART_DeInit) refers to stm32f10x_rcc.o(i.RCC_APB2PeriphResetCmd) for RCC_APB2PeriphResetCmd
    stm32f10x_usart.o(i.USART_DeInit) refers to stm32f10x_rcc.o(i.RCC_APB1PeriphResetCmd) for RCC_APB1PeriphResetCmd
    stm32f10x_usart.o(i.USART_Init) refers to stm32f10x_rcc.o(i.RCC_GetClocksFreq) for RCC_GetClocksFreq
    startup_stm32f10x_hd.o(RESET) refers to startup_stm32f10x_hd.o(STACK) for __initial_sp
    startup_stm32f10x_hd.o(RESET) refers to startup_stm32f10x_hd.o(.text) for Reset_Handler
    startup_stm32f10x_hd.o(RESET) refers to stm32f10x_it.o(i.NMI_Handler) for NMI_Handler
    startup_stm32f10x_hd.o(RESET) refers to stm32f10x_it.o(i.HardFault_Handler) for HardFault_Handler
    startup_stm32f10x_hd.o(RESET) refers to stm32f10x_it.o(i.MemManage_Handler) for MemManage_Handler
    startup_stm32f10x_hd.o(RESET) refers to stm32f10x_it.o(i.BusFault_Handler) for BusFault_Handler
    startup_stm32f10x_hd.o(RESET) refers to stm32f10x_it.o(i.UsageFault_Handler) for UsageFault_Handler
    startup_stm32f10x_hd.o(RESET) refers to stm32f10x_it.o(i.SVC_Handler) for SVC_Handler
    startup_stm32f10x_hd.o(RESET) refers to stm32f10x_it.o(i.DebugMon_Handler) for DebugMon_Handler
    startup_stm32f10x_hd.o(RESET) refers to stm32f10x_it.o(i.PendSV_Handler) for PendSV_Handler
    startup_stm32f10x_hd.o(RESET) refers to bsp_mcu_systick.o(i.SysTick_Handler) for SysTick_Handler
    startup_stm32f10x_hd.o(RESET) refers to bsp_mcu_exti.o(i.EXTI2_IRQHandler) for EXTI2_IRQHandler
    startup_stm32f10x_hd.o(RESET) refers to bsp_mcu_uart.o(i.USART1_IRQHandler) for USART1_IRQHandler
    startup_stm32f10x_hd.o(RESET) refers to bsp_mcu_uart.o(i.USART3_IRQHandler) for USART3_IRQHandler
    startup_stm32f10x_hd.o(.text) refers to system_stm32f10x.o(i.SystemInit) for SystemInit
    startup_stm32f10x_hd.o(.text) refers to entry.o(.ARM.Collect$$$$00000000) for __main
[...]
    ..\drivers\mcu_system_config\stm32f10x_it.c 0x00000000   Number         0  stm32f10x_it.o ABSOLUTE
    ..\drivers\mcu_system_config\system_stm32f10x.c 0x00000000   Number         0  system_stm32f10x.o ABSOLUTE
    ..\drivers\motor_controller\bsp_motor_tmc429.c 0x00000000   Number         0  bsp_motor_tmc429.o ABSOLUTE
    ..\drivers\user_sys_app\app_button.c     0x00000000   Number         0  app_button.o ABSOLUTE
    ..\drivers\user_sys_app\app_gpio_dido.c  0x00000000   Number         0  app_gpio_dido.o ABSOLUTE
    ..\drivers\user_sys_app\app_motor_home.c 0x00000000   Number         0  app_motor_home.o ABSOLUTE
    ..\drivers\user_sys_app\app_motor_tmc429.c 0x00000000   Number         0  app_motor_tmc429.o ABSOLUTE
    ..\drivers\user_sys_app\app_serial.c     0x00000000   Number         0  app_serial.o ABSOLUTE
    ..\drivers\user_sys_app\app_sys_control.c 0x00000000   Number         0  app_sys_control.o ABSOLUTE
    ..\drivers\user_sys_app\app_task_tick.c  0x00000000   Number         0  app_task_tick.o ABSOLUTE
    ..\drivers\user_sys_app\inc_mbtmc429.c   0x00000000   Number         0  inc_mbtmc429.o ABSOLUTE
    cdrcmple.s                               0x00000000   Number         0  cdrcmple.o ABSOLUTE
    dc.s                                     0x00000000   Number         0  dc.o ABSOLUTE
    handlers.s                               0x00000000   Number         0  handlers.o ABSOLUTE
    init.s                                   0x00000000   Number         0  init.o ABSOLUTE
    RESET                                    0x08000000   Section      304  startup_stm32f10x_hd.o(RESET)
    .ARM.Collect$$$$00000000                 0x08000130   Section        0  entry.o(.ARM.Collect$$$$00000000)
    .ARM.Collect$$$$00000001                 0x08000130   Section        4  entry2.o(.ARM.Collect$$$$00000001)
    .ARM.Collect$$$$00000004                 0x08000134   Section        4  entry5.o(.ARM.Collect$$$$00000004)
    .ARM.Collect$$$$00000008                 0x08000138   Section        0  entry7b.o(.ARM.Collect$$$$00000008)
    .ARM.Collect$$$$0000000A                 0x08000138   Section        0  entry8b.o(.ARM.Collect$$$$0000000A)
    .ARM.Collect$$$$0000000B                 0x08000138   Section        8  entry9a.o(.ARM.Collect$$$$0000000B)
    .ARM.Collect$$$$0000000D                 0x08000140   Section        0  entry10a.o(.ARM.Collect$$$$0000000D)
    .ARM.Collect$$$$0000000F                 0x08000140   Section        0  entry11a.o(.ARM.Collect$$$$0000000F)
    .ARM.Collect$$$$00002712                 0x08000140   Section        4  entry2.o(.ARM.Collect$$$$00002712)
    __lit__00000000                          0x08000140   Data           4  entry2.o(.ARM.Collect$$$$00002712)
    .text                                    0x08000144   Section       36  startup_stm32f10x_hd.o(.text)
    .text                                    0x08000168   Section        0  strlen.o(.text)
    .text                                    0x08000176   Section        0  strcmp.o(.text)
    .text                                    0x08000192   Section        0  strncmp.o(.text)
    .text                                    0x080001b0   Section        0  strtol.o(.text)
    .text                                    0x08000220   Section        0  dmul.o(.text)
    .text                                    0x08000304   Section        0  ddiv.o(.text)
    .text                                    0x080003e2   Section        0  dflti.o(.text)
    .text                                    0x08000404   Section        0  dfltui.o(.text)
    .text                                    0x0800041e   Section        0  dfixi.o(.text)
    .text                                    0x0800045c   Section        0  f2d.o(.text)
    .text                                    0x08000482   Section        0  d2f.o(.text)
    .text                                    0x080004ba   Section        0  uidiv.o(.text)
    .text                                    0x080004e6   Section        0  uldiv.o(.text)
    .text                                    0x08000548   Section        0  llushr.o(.text)
    .text                                    0x08000568   Section        0  ctype_o.o(.text)
    .text                                    0x08000570   Section        0  _strtoul.o(.text)
    .text                                    0x0800060e   Section        0  fepilogue.o(.text)
    .text                                    0x0800060e   Section        0  iusefp.o(.text)
    .text                                    0x0800067c   Section        0  depilogue.o(.text)
    .text                                    0x08000736   Section        0  dadd.o(.text)
    .text                                    0x08000884   Section        0  dfixul.o(.text)
    .text                                    0x080008b4   Section       48  cdrcmple.o(.text)
    .text                                    0x080008e4   Section       36  init.o(.text)
    .text                                    0x08000908   Section        0  llshl.o(.text)
    .text                                    0x08000926   Section        0  llsshr.o(.text)
    .text                                    0x0800094a   Section        0  _chval.o(.text)
    .text                                    0x08000966   Section        0  __dczerorl2.o(.text)
    i.AT24CXX_CheckOk                        0x080009bc   Section        0  bsp_eeprom_24xx.o(i.AT24CXX_CheckOk)
    i.AT24CXX_Init                           0x080009e8   Section        0  bsp_eeprom_24xx.o(i.AT24CXX_Init)
    i.AT24CXX_ReadF32                        0x08000a00   Section        0  bsp_eeprom_24xx.o(i.AT24CXX_ReadF32)
    i.AT24CXX_ReadU16                        0x08000a2c   Section        0  bsp_eeprom_24xx.o(i.AT24CXX_ReadU16)
    i.AT24CXX_ReadU32                        0x08000a5a   Section        0  bsp_eeprom_24xx.o(i.AT24CXX_ReadU32)
    i.AT24CXX_ReadU8                         0x08000a86   Section        0  bsp_eeprom_24xx.o(i.AT24CXX_ReadU8)
    i.AT24CXX_Reads                          0x08000ab4   Section        0  bsp_eeprom_24xx.o(i.AT24CXX_Reads)
    i.AT24CXX_WriteF32                       0x08000b30   Section        0  bsp_eeprom_24xx.o(i.AT24CXX_WriteF32)
    i.AT24CXX_WriteU16                       0x08000b60   Section        0  bsp_eeprom_24xx.o(i.AT24CXX_WriteU16)
    i.AT24CXX_WriteU32                       0x08000b90   Section        0  bsp_eeprom_24xx.o(i.AT24CXX_WriteU32)
    i.AT24CXX_WriteU8                        0x08000bc0   Section        0  bsp_eeprom_24xx.o(i.AT24CXX_WriteU8)
    i.AT24CXX_Writes                         0x08000bf0   Section        0  bsp_eeprom_24xx.o(i.AT24CXX_Writes)
    i.BusFault_Handler                       0x08000ce4   Section        0  stm32f10x_it.o(i.BusFault_Handler)
    i.CommandCheckAndExeViaUart1             0x08000ce8   Section        0  inc_mbtmc429.o(i.CommandCheckAndExeViaUart1)
    i.Command_Analysis_Process               0x08000d5c   Section        0  inc_mbtmc429.o(i.Command_Analysis_Process)
    i.Command_analysis_button                0x08000f50   Section        0  app_button.o(i.Command_analysis_button)
    i.Command_analysis_dido                  0x08001014   Section        0  app_gpio_dido.o(i.Command_analysis_dido)
    i.Command_analysis_eeprom                0x080011c4   Section        0  app_eeprom_24xx.o(i.Command_analysis_eeprom)
    i.Command_analysis_motor                 0x08001454   Section        0  app_motor_tmc429.o(i.Command_analysis_motor)
    i.Command_analysis_motor_get             0x08001af8   Section        0  app_motor_tmc429.o(i.Command_analysis_motor_get)
    i.Command_analysis_motor_set             0x08001f08   Section        0  app_motor_tmc429.o(i.Command_analysis_motor_set)
    i.Command_analysis_os_check              0x08002318   Section        0  inc_mbtmc429.o(i.Command_analysis_os_check)
    i.Command_analysis_uart3                 0x08002778   Section        0  app_serial.o(i.Command_analysis_uart3)
    i.DebugMon_Handler                       0x0800284c   Section        0  stm32f10x_it.o(i.DebugMon_Handler)
    i.EXTI2_IRQHandler                       0x08002850   Section        0  bsp_mcu_exti.o(i.EXTI2_IRQHandler)
    i.EXTI_ClearITPendingBit                 0x080028d8   Section        0  stm32f10x_exti.o(i.EXTI_ClearITPendingBit)
    i.EnableInterrupts                       0x080028e4   Section        0  app_sys_control.o(i.EnableInterrupts)
    i.GPIO_Init                              0x080028e8   Section        0  stm32f10x_gpio.o(i.GPIO_Init)
    i.GPIO_PinRemapConfig                    0x08002a00   Section        0  stm32f10x_gpio.o(i.GPIO_PinRemapConfig)
    i.GPIO_ReadInputDataBit                  0x08002a90   Section        0  stm32f10x_gpio.o(i.GPIO_ReadInputDataBit)
    i.GPIO_ResetBits                         0x08002aa2   Section        0  stm32f10x_gpio.o(i.GPIO_ResetBits)
    i.GPIO_SetBits                           0x08002aa6   Section        0  stm32f10x_gpio.o(i.GPIO_SetBits)
    i.HardFault_Handler                      0x08002aaa   Section        0  stm32f10x_it.o(i.HardFault_Handler)
    i.HardStop                               0x08002aae   Section        0  bsp_motor_tmc429.o(i.HardStop)
    i.InitUART_1                             0x08002ad4   Section        0  bsp_mcu_uart.o(i.InitUART_1)
    i.InitUART_2                             0x08002bc8   Section        0  bsp_mcu_uart.o(i.InitUART_2)
    i.KeyTask_every_ms                       0x08002cc8   Section        0  app_task_tick.o(i.KeyTask_every_ms)
    i.MemManage_Handler                      0x08002d1c   Section        0  stm32f10x_it.o(i.MemManage_Handler)
    i.MotorAutoReset_preset                  0x08002d20   Section        0  app_motor_home.o(i.MotorAutoReset_preset)
    i.MotorHomingWithHomeSensor              0x08002e4c   Section        0  app_motor_home.o(i.MotorHomingWithHomeSensor)
    i.MotorHomingWithLimitSwitch             0x08002f34   Section        0  app_motor_home.o(i.MotorHomingWithLimitSwitch)
    i.NMI_Handler                            0x08002f8c   Section        0  stm32f10x_it.o(i.NMI_Handler)
    i.NVIC_Init                              0x08002f90   Section        0  misc.o(i.NVIC_Init)
    i.NVIC_PriorityGroupConfig               0x08003000   Section        0  misc.o(i.NVIC_PriorityGroupConfig)
    i.PendSV_Handler                         0x08003014   Section        0  stm32f10x_it.o(i.PendSV_Handler)
    i.PressAlarmTask_every_ms                0x08003018   Section        0  app_task_tick.o(i.PressAlarmTask_every_ms)
    i.PrintfUart3DataToUart1                 0x080030d4   Section        0  app_serial.o(i.PrintfUart3DataToUart1)
    i.RCC_APB1PeriphClockCmd                 0x08003100   Section        0  stm32f10x_rcc.o(i.RCC_APB1PeriphClockCmd)
    i.RCC_APB1PeriphResetCmd                 0x08003120   Section        0  stm32f10x_rcc.o(i.RCC_APB1PeriphResetCmd)
    i.RCC_APB2PeriphClockCmd                 0x08003140   Section        0  stm32f10x_rcc.o(i.RCC_APB2PeriphClockCmd)
    i.RCC_APB2PeriphResetCmd                 0x08003160   Section        0  stm32f10x_rcc.o(i.RCC_APB2PeriphResetCmd)
    i.RCC_GetClocksFreq                      0x08003180   Section        0  stm32f10x_rcc.o(i.RCC_GetClocksFreq)
    i.Read429Bytes                           0x08003254   Section        0  bsp_motor_tmc429.o(i.Read429Bytes)
    i.Read429Int                             0x08003282   Section        0  bsp_motor_tmc429.o(i.Read429Int)
    i.Read429Short                           0x080032bc   Section        0  bsp_motor_tmc429.o(i.Read429Short)
    i.Read429SingleByte                      0x080032f0   Section        0  bsp_motor_tmc429.o(i.Read429SingleByte)
    i.Read429Status                          0x0800330c   Section        0  bsp_motor_tmc429.o(i.Read429Status)
    i.ReadPageStringFromEEPROM               0x0800331c   Section        0  app_eeprom_24xx.o(i.ReadPageStringFromEEPROM)
    ReadPageStringFromEEPROM                 0x0800331d   Thumb Code    90  app_eeprom_24xx.o(i.ReadPageStringFromEEPROM)
    i.ReadWrite429                           0x08003380   Section        0  bsp_motor_tmc429.o(i.ReadWrite429)
    i.ReadWriteSPI1                          0x080033b8   Section        0  bsp_mcu_spi.o(i.ReadWriteSPI1)
    i.ResetCPU                               0x08003434   Section        0  app_sys_control.o(i.ResetCPU)
    i.SPI_I2S_GetFlagStatus                  0x0800345c   Section        0  stm32f10x_spi.o(i.SPI_I2S_GetFlagStatus)
    i.SPI_I2S_ReceiveData                    0x0800346e   Section        0  stm32f10x_spi.o(i.SPI_I2S_ReceiveData)
    i.SPI_I2S_SendData                       0x08003474   Section        0  stm32f10x_spi.o(i.SPI_I2S_SendData)
    i.SVC_Handler                            0x08003478   Section        0  stm32f10x_it.o(i.SVC_Handler)
    i.SaveParamToEeprom                      0x0800347c   Section        0  app_eeprom_24xx.o(i.SaveParamToEeprom)
    SaveParamToEeprom                        0x0800347d   Thumb Code    40  app_eeprom_24xx.o(i.SaveParamToEeprom)
    i.Set429RampMode                         0x080034b0   Section        0  bsp_motor_tmc429.o(i.Set429RampMode)
    i.SetAMax                                0x080034f8   Section        0  bsp_motor_tmc429.o(i.SetAMax)
    i.SetAmaxAutoByspeed                     0x08003664   Section        0  app_motor_tmc429.o(i.SetAmaxAutoByspeed)
    i.SetSysClock                            0x08003a24   Section        0  system_stm32f10x.o(i.SetSysClock)
    SetSysClock                              0x08003a25   Thumb Code     8  system_stm32f10x.o(i.SetSysClock)
    i.SetSysClockTo72                        0x08003a2c   Section        0  system_stm32f10x.o(i.SetSysClockTo72)
    SetSysClockTo72                          0x08003a2d   Thumb Code   214  system_stm32f10x.o(i.SetSysClockTo72)
    i.SoftI2c_CheckDevice                    0x08003b0c   Section        0  bsp_mcu_softi2c.o(i.SoftI2c_CheckDevice)
    i.SoftI2c_Init                           0x08003b48   Section        0  bsp_mcu_softi2c.o(i.SoftI2c_Init)
    i.SoftI2c_read_byte                      0x08003b66   Section        0  bsp_mcu_softi2c.o(i.SoftI2c_read_byte)
    i.SoftI2c_reads                          0x08003bc6   Section        0  bsp_mcu_softi2c.o(i.SoftI2c_reads)
    i.SoftI2c_send_ack                       0x08003d2c   Section        0  bsp_mcu_softi2c.o(i.SoftI2c_send_ack)
    i.SoftI2c_send_byte                      0x08003d74   Section        0  bsp_mcu_softi2c.o(i.SoftI2c_send_byte)
    i.SoftI2c_send_no_ack                    0x08003dd6   Section        0  bsp_mcu_softi2c.o(i.SoftI2c_send_no_ack)
    i.SoftI2c_start                          0x08003e16   Section        0  bsp_mcu_softi2c.o(i.SoftI2c_start)
    i.SoftI2c_stop                           0x08003e56   Section        0  bsp_mcu_softi2c.o(i.SoftI2c_stop)
    i.SoftI2c_wait_ack                       0x08003e8e   Section        0  bsp_mcu_softi2c.o(i.SoftI2c_wait_ack)
    i.SoftI2c_writes                         0x08003ee2   Section        0  bsp_mcu_softi2c.o(i.SoftI2c_writes)
    i.StopMotorByRamp                        0x08004030   Section        0  app_motor_tmc429.o(i.StopMotorByRamp)
    i.SysTick_CLKSourceConfig                0x0800404a   Section        0  misc.o(i.SysTick_CLKSourceConfig)
    i.SysTick_GetTimer                       0x08004074   Section        0  bsp_mcu_systick.o(i.SysTick_GetTimer)
    i.SysTick_Handler                        0x08004080   Section        0  bsp_mcu_systick.o(i.SysTick_Handler)
    i.SysTick_Init                           0x08004090   Section        0  bsp_mcu_systick.o(i.SysTick_Init)
    i.SystemInit                             0x080040bc   Section        0  system_stm32f10x.o(i.SystemInit)
    i.TMC429_GetAxisParameter                0x0800411c   Section        0  app_motor_tmc429.o(i.TMC429_GetAxisParameter)
    TMC429_GetAxisParameter                  0x0800411d   Thumb Code   856  app_motor_tmc429.o(i.TMC429_GetAxisParameter)
    i.TMC429_MotorRotate                     0x080047b0   Section        0  app_motor_tmc429.o(i.TMC429_MotorRotate)
    i.TMC429_MotorStop                       0x08004818   Section        0  app_motor_tmc429.o(i.TMC429_MotorStop)
    i.TMC429_MoveToPosition                  0x0800483c   Section        0  app_motor_tmc429.o(i.TMC429_MoveToPosition)
    TMC429_MoveToPosition                    0x0800483d   Thumb Code   158  app_motor_tmc429.o(i.TMC429_MoveToPosition)
    i.TMC429_SetAxisParameter                0x08004944   Section        0  app_motor_tmc429.o(i.TMC429_SetAxisParameter)
    TMC429_SetAxisParameter                  0x08004945   Thumb Code   964  app_motor_tmc429.o(i.TMC429_SetAxisParameter)
    i.UART3_DisableRX                        0x08004fc8   Section        0  app_serial.o(i.UART3_DisableRX)
    i.UART3_EnableRX                         0x08004fdc   Section        0  app_serial.o(i.UART3_EnableRX)
    i.USART1_IRQHandler                      0x08004ff0   Section        0  bsp_mcu_uart.o(i.USART1_IRQHandler)
    i.USART3_IRQHandler                      0x080050b8   Section        0  bsp_mcu_uart.o(i.USART3_IRQHandler)
    i.USART_ClearFlag                        0x08005188   Section        0  stm32f10x_usart.o(i.USART_ClearFlag)
    i.USART_ClearITPendingBit                0x0800519a   Section        0  stm32f10x_usart.o(i.USART_ClearITPendingBit)
    i.USART_Cmd                              0x080051b8   Section        0  stm32f10x_usart.o(i.USART_Cmd)
    i.USART_DeInit                           0x080051d0   Section        0  stm32f10x_usart.o(i.USART_DeInit)
    i.USART_GetFlagStatus                    0x0800526c   Section        0  stm32f10x_usart.o(i.USART_GetFlagStatus)
    i.USART_ITConfig                         0x08005286   Section        0  stm32f10x_usart.o(i.USART_ITConfig)
    i.USART_Init                             0x080052d0   Section        0  stm32f10x_usart.o(i.USART_Init)
    i.USART_ReceiveData                      0x080053a8   Section        0  stm32f10x_usart.o(i.USART_ReceiveData)
    i.USART_StructInit                       0x080053b2   Section        0  stm32f10x_usart.o(i.USART_StructInit)
    i.UsageFault_Handler                     0x080053ca   Section        0  stm32f10x_it.o(i.UsageFault_Handler)
    i.Write429Bytes                          0x080053ce   Section        0  bsp_motor_tmc429.o(i.Write429Bytes)
    i.Write429Int                            0x080053f4   Section        0  bsp_motor_tmc429.o(i.Write429Int)
    i.Write429Short                          0x0800541a   Section        0  bsp_motor_tmc429.o(i.Write429Short)
    i.Write429Zero                           0x08005440   Section        0  bsp_motor_tmc429.o(i.Write429Zero)
    i.WritePageStringToEEPROM                0x08005460   Section        0  app_eeprom_24xx.o(i.WritePageStringToEEPROM)
    WritePageStringToEEPROM                  0x08005461   Thumb Code    94  app_eeprom_24xx.o(i.WritePageStringToEEPROM)
    i.__0printf                              0x080054c8   Section        0  printfa.o(i.__0printf)
    i.__aeabi_errno_addr                     0x080054e8   Section        0  errno.o(i.__aeabi_errno_addr)
    i.__scatterload_copy                     0x080054f0   Section       14  handlers.o(i.__scatterload_copy)
    i.__scatterload_null                     0x080054fe   Section        2  handlers.o(i.__scatterload_null)
    i.__scatterload_zeroinit                 0x08005500   Section       14  handlers.o(i.__scatterload_zeroinit)
    i._fp_digits                             0x08005510   Section        0  printfa.o(i._fp_digits)
    _fp_digits                               0x08005511   Thumb Code   366  printfa.o(i._fp_digits)
    i._printf_core                           0x08005694   Section        0  printfa.o(i._printf_core)
    _printf_core                             0x08005695   Thumb Code  1744  printfa.o(i._printf_core)
    i._printf_post_padding                   0x08005d70   Section        0  printfa.o(i._printf_post_padding)
    _printf_post_padding                     0x08005d71   Thumb Code    36  printfa.o(i._printf_post_padding)
    i._printf_pre_padding                    0x08005d94   Section        0  printfa.o(i._printf_pre_padding)
    _printf_pre_padding                      0x08005d95   Thumb Code    46  printfa.o(i._printf_pre_padding)
    i.buttonRESET_process                    0x08005dc4   Section        0  app_button.o(i.buttonRESET_process)
    i.buttonSTART_process                    0x08005e0c   Section        0  app_button.o(i.buttonSTART_process)
    i.delay_ms                               0x08005e88   Section        0  bsp_mcu_delay.o(i.delay_ms)
    i.drv_mdelay                             0x08005e94   Section        0  bsp_mcu_delay.o(i.drv_mdelay)
    i.drv_udelay                             0x08005ea8   Section        0  bsp_mcu_delay.o(i.drv_udelay)
    i.ee_ReadBytes                           0x08005ec8   Section        0  bsp_eeprom_24xx.o(i.ee_ReadBytes)
    i.ee_WriteBytes                          0x08005fb4   Section        0  bsp_eeprom_24xx.o(i.ee_WriteBytes)
    i.fputc                                  0x080060a0   Section        0  bsp_mcu_uart.o(i.fputc)
    i.getChInput                             0x080060bc   Section        0  app_gpio_dido.o(i.getChInput)
    i.get_pin                                0x080060d8   Section        0  bsp_mcu_gpio.o(i.get_pin)
    get_pin                                  0x080060d9   Thumb Code    30  bsp_mcu_gpio.o(i.get_pin)
    i.main                                   0x080060fc   Section        0  inc_mbtmc429.o(i.main)
    i.pinMode                                0x08006194   Section        0  bsp_mcu_gpio.o(i.pinMode)
    i.pinRead                                0x0800626c   Section        0  bsp_mcu_gpio.o(i.pinRead)
    i.pinReset                               0x08006290   Section        0  bsp_mcu_gpio.o(i.pinReset)
    i.pinSet                                 0x080062ae   Section        0  bsp_mcu_gpio.o(i.pinSet)
    i.pinToggle                              0x080062cc   Section        0  bsp_mcu_gpio.o(i.pinToggle)
    i.pinWrite                               0x080062e6   Section        0  bsp_mcu_gpio.o(i.pinWrite)
    i.printf_cmdList_button                  0x08006300   Section        0  app_button.o(i.printf_cmdList_button)
    printf_cmdList_button                    0x08006301   Thumb Code    22  app_button.o(i.printf_cmdList_button)
    i.printf_cmdList_eeprom                  0x08006370   Section        0  app_eeprom_24xx.o(i.printf_cmdList_eeprom)
    printf_cmdList_eeprom                    0x08006371   Thumb Code    82  app_eeprom_24xx.o(i.printf_cmdList_eeprom)
    i.printf_cmdList_gpio                    0x08006594   Section        0  app_gpio_dido.o(i.printf_cmdList_gpio)
    printf_cmdList_gpio                      0x08006595   Thumb Code    28  app_gpio_dido.o(i.printf_cmdList_gpio)
    i.printf_cmdList_motor                   0x08006638   Section        0  app_motor_tmc429.o(i.printf_cmdList_motor)
    printf_cmdList_motor                     0x08006639   Thumb Code    76  app_motor_tmc429.o(i.printf_cmdList_motor)
    i.printf_cmdList_motor_get               0x08006844   Section        0  app_motor_tmc429.o(i.printf_cmdList_motor_get)
    printf_cmdList_motor_get                 0x08006845   Thumb Code    94  app_motor_tmc429.o(i.printf_cmdList_motor_get)
    i.printf_cmdList_motor_set               0x08006b70   Section        0  app_motor_tmc429.o(i.printf_cmdList_motor_set)
    printf_cmdList_motor_set                 0x08006b71   Thumb Code    40  app_motor_tmc429.o(i.printf_cmdList_motor_set)
    i.printf_cmdList_uart3                   0x08006bb8   Section        0  app_serial.o(i.printf_cmdList_uart3)
    i.serial3_data_processing                0x08006c18   Section        0  app_serial.o(i.serial3_data_processing)
    serial3_data_processing                  0x08006c19   Thumb Code   154  app_serial.o(i.serial3_data_processing)
    i.setChOutput                            0x08006d14   Section        0  app_gpio_dido.o(i.setChOutput)
    i.setPositionAsOrigin                    0x08006d2c   Section        0  app_motor_home.o(i.setPositionAsOrigin)
    setPositionAsOrigin                      0x08006d2d   Thumb Code   292  app_motor_home.o(i.setPositionAsOrigin)
    i.user_show_version                      0x08006ec8   Section        0  inc_mbtmc429.o(i.user_show_version)
    .constdata                               0x08006f74   Section     1344  bsp_mcu_gpio.o(.constdata)
    pins                                     0x08006f74   Data        1344  bsp_mcu_gpio.o(.constdata)
    .constdata                               0x080074b4   Section      129  ctype_o.o(.constdata)
    .constdata                               0x08007538   Section        4  ctype_o.o(.constdata)
    table                                    0x08007538   Data           4  ctype_o.o(.constdata)
    .conststring                             0x0800753c   Section     1451  inc_mbtmc429.o(.conststring)
    .conststring                             0x08007ae8   Section       65  app_button.o(.conststring)
    .conststring                             0x08007b2c   Section       65  app_eeprom_24xx.o(.conststring)
    .conststring                             0x08007b70   Section      862  app_motor_tmc429.o(.conststring)
    .data                                    0x20000000   Section       20  system_stm32f10x.o(.data)
    .data                                    0x20000014   Section       20  stm32f10x_rcc.o(.data)
    APBAHBPrescTable                         0x20000014   Data          16  stm32f10x_rcc.o(.data)
    ADCPrescTable                            0x20000024   Data           4  stm32f10x_rcc.o(.data)
    .data                                    0x20000028   Section       56  bsp_eeprom_24xx.o(.data)
    .data                                    0x20000060   Section        4  bsp_mcu_systick.o(.data)
    SysTick_u32Timer                         0x20000060   Data           4  bsp_mcu_systick.o(.data)
    .data                                    0x20000064   Section       44  bsp_mcu_softi2c.o(.data)
    .data                                    0x20000090   Section        4  bsp_mcu_uart.o(.data)
    .data                                    0x20000094   Section        2  bsp_mcu_exti.o(.data)
    .data                                    0x20000096   Section        9  inc_mbtmc429.o(.data)
    .data                                    0x2000009f   Section       23  app_gpio_dido.o(.data)
    .data                                    0x200000b6   Section        4  app_button.o(.data)
    buttonSTARTCNT                           0x200000b8   Data           1  app_button.o(.data)
    buttonRESETCNT                           0x200000b9   Data           1  app_button.o(.data)
    .data                                    0x200000bc   Section       32  app_eeprom_24xx.o(.data)
    .data                                    0x200000dc   Section       70  app_motor_tmc429.o(.data)
    SpeedChangedFlag                         0x2000011c   Data           3  app_motor_tmc429.o(.data)
    MotorStopByLimit                         0x2000011f   Data           3  app_motor_tmc429.o(.data)
    .data                                    0x20000122   Section        1  app_motor_home.o(.data)
    .data                                    0x20000124   Section       12  app_serial.o(.data)
    DataRemoveCnt                            0x20000124   Data           1  app_serial.o(.data)
    AxisSpeedKeepZeroCnt                     0x20000125   Data           1  app_serial.o(.data)
    input8Cnt                                0x20000126   Data           1  app_serial.o(.data)
    next_posititon                           0x20000128   Data           4  app_serial.o(.data)
    current_posititon                        0x2000012c   Data           4  app_serial.o(.data)
    .data                                    0x20000130   Section        9  app_task_tick.o(.data)
    KeyTaskDelay                             0x20000130   Data           4  app_task_tick.o(.data)
    PressAlarmTaskDelay                      0x20000134   Data           4  app_task_tick.o(.data)
    IN8_ONCnt                                0x20000138   Data           1  app_task_tick.o(.data)
    .data                                    0x2000013c   Section        4  stdout.o(.data)
    .data                                    0x20000140   Section        4  errno.o(.data)
    _errno                                   0x20000140   Data           4  errno.o(.data)
    .bss                                     0x20000144   Section      250  bsp_mcu_uart.o(.bss)
    .bss                                     0x20000240   Section       60  app_eeprom_24xx.o(.bss)
    .bss                                     0x2000027c   Section       24  app_motor_tmc429.o(.bss)
    STACK                                    0x20000298   Section     1024  startup_stm32f10x_hd.o(STACK)

    Global Symbols

    Symbol Name                              Value     Ov Type        Size  Object(Section)

    BuildAttributes$$THM_ISAv4$P$D$K$B$S$PE$A:L22UL41UL21$X:L11$S22US41US21$IEEE1$IW$USESV6$~STKCKD$USESV7$~SHL$OTIME$ROPI$EBA8$MICROLIB$REQ8$PRES8$EABIv2 0x00000000   Number         0  anon$$obj.o ABSOLUTE
    __ARM_use_no_argv                        0x00000000   Number         0  inc_mbtmc429.o ABSOLUTE
    _printf_a                                0x00000000   Number         0  stubs.o ABSOLUTE
    _printf_c                                0x00000000   Number         0  stubs.o ABSOLUTE
    _printf_charcount                        0x00000000   Number         0  stubs.o ABSOLUTE
    _printf_d                                0x00000000   Number         0  stubs.o ABSOLUTE
    _printf_e                                0x00000000   Number         0  stubs.o ABSOLUTE
    _printf_f                                0x00000000   Number         0  stubs.o ABSOLUTE
    _printf_flags                            0x00000000   Number         0  stubs.o ABSOLUTE
    _printf_fp_dec                           0x00000000   Number         0  stubs.o ABSOLUTE
    _printf_fp_hex                           0x00000000   Number         0  stubs.o ABSOLUTE
    _printf_g                                0x00000000   Number         0  stubs.o ABSOLUTE
    _printf_i                                0x00000000   Number         0  stubs.o ABSOLUTE
    _printf_int_dec                          0x00000000   Number         0  stubs.o ABSOLUTE
    _printf_l                                0x00000000   Number         0  stubs.o ABSOLUTE
    _printf_lc                               0x00000000   Number         0  stubs.o ABSOLUTE
    _printf_ll                               0x00000000   Number         0  stubs.o ABSOLUTE
    _printf_lld                              0x00000000   Number         0  stubs.o ABSOLUTE
    _printf_lli                              0x00000000   Number         0  stubs.o ABSOLUTE
    _printf_llo                              0x00000000   Number         0  stubs.o ABSOLUTE
    _printf_llu                              0x00000000   Number         0  stubs.o ABSOLUTE
    _printf_llx                              0x00000000   Number         0  stubs.o ABSOLUTE
    _printf_longlong_dec                     0x00000000   Number         0  stubs.o ABSOLUTE
    _printf_longlong_hex                     0x00000000   Number         0  stubs.o ABSOLUTE
    _printf_longlong_oct                     0x00000000   Number         0  stubs.o ABSOLUTE
    _printf_ls                               0x00000000   Number         0  stubs.o ABSOLUTE
    _printf_mbtowc                           0x00000000   Number         0  stubs.o ABSOLUTE
    _printf_n                                0x00000000   Number         0  stubs.o ABSOLUTE
    _printf_o                                0x00000000   Number         0  stubs.o ABSOLUTE
    _printf_p                                0x00000000   Number         0  stubs.o ABSOLUTE
    _printf_percent                          0x00000000   Number         0  stubs.o ABSOLUTE
    _printf_pre_padding                      0x00000000   Number         0  stubs.o ABSOLUTE
    _printf_return_value                     0x00000000   Number         0  stubs.o ABSOLUTE
    _printf_s                                0x00000000   Number         0  stubs.o ABSOLUTE
    _printf_sizespec                         0x00000000   Number         0  stubs.o ABSOLUTE
    _printf_str                              0x00000000   Number         0  stubs.o ABSOLUTE
    _printf_truncate_signed                  0x00000000   Number         0  stubs.o ABSOLUTE
    _printf_truncate_unsigned                0x00000000   Number         0  stubs.o ABSOLUTE
    _printf_u                                0x00000000   Number         0  stubs.o ABSOLUTE
    _printf_wc                               0x00000000   Number         0  stubs.o ABSOLUTE
    _printf_wctomb                           0x00000000   Number         0  stubs.o ABSOLUTE
    _printf_widthprec                        0x00000000   Number         0  stubs.o ABSOLUTE
    _printf_x                                0x00000000   Number         0  stubs.o ABSOLUTE
    __cpp_initialize__aeabi_                  - Undefined Weak Reference
    __cxa_finalize                            - Undefined Weak Reference
    _clock_init                               - Undefined Weak Reference
    _microlib_exit                            - Undefined Weak Reference
    __Vectors_Size                           0x00000130   Number         0  startup_stm32f10x_hd.o ABSOLUTE
    __Vectors                                0x08000000   Data           4  startup_stm32f10x_hd.o(RESET)
    __Vectors_End                            0x08000130   Data           0  startup_stm32f10x_hd.o(RESET)
    __main                                   0x08000131   Thumb Code     0  entry.o(.ARM.Collect$$$$00000000)
    _main_stk                                0x08000131   Thumb Code     0  entry2.o(.ARM.Collect$$$$00000001)
    _main_scatterload                        0x08000135   Thumb Code     0  entry5.o(.ARM.Collect$$$$00000004)
    __main_after_scatterload                 0x08000139   Thumb Code     0  entry5.o(.ARM.Collect$$$$00000004)
    _main_clock                              0x08000139   Thumb Code     0  entry7b.o(.ARM.Collect$$$$00000008)
    _main_cpp_init                           0x08000139   Thumb Code     0  entry8b.o(.ARM.Collect$$$$0000000A)
    _main_init                               0x08000139   Thumb Code     0  entry9a.o(.ARM.Collect$$$$0000000B)
    __rt_final_cpp                           0x08000141   Thumb Code     0  entry10a.o(.ARM.Collect$$$$0000000D)
    __rt_final_exit                          0x08000141   Thumb Code     0  entry11a.o(.ARM.Collect$$$$0000000F)
    Reset_Handler                            0x08000145   Thumb Code     8  startup_stm32f10x_hd.o(.text)
    ADC1_2_IRQHandler                        0x0800015f   Thumb Code     0  startup_stm32f10x_hd.o(.text)
    ADC3_IRQHandler                          0x0800015f   Thumb Code     0  startup_stm32f10x_hd.o(.text)
    CAN1_RX1_IRQHandler                      0x0800015f   Thumb Code     0  startup_stm32f10x_hd.o(.text)
    CAN1_SCE_IRQHandler                      0x0800015f   Thumb Code     0  startup_stm32f10x_hd.o(.text)
    DMA1_Channel1_IRQHandler                 0x0800015f   Thumb Code     0  startup_stm32f10x_hd.o(.text)
    DMA1_Channel2_IRQHandler                 0x0800015f   Thumb Code     0  startup_stm32f10x_hd.o(.text)
    DMA1_Channel3_IRQHandler                 0x0800015f   Thumb Code     0  startup_stm32f10x_hd.o(.text)
    DMA1_Channel4_IRQHandler                 0x0800015f   Thumb Code     0  startup_stm32f10x_hd.o(.text)
    DMA1_Channel5_IRQHandler                 0x0800015f   Thumb Code     0  startup_stm32f10x_hd.o(.text)
    DMA1_Channel6_IRQHandler                 0x0800015f   Thumb Code     0  startup_stm32f10x_hd.o(.text)
    DMA1_Channel7_IRQHandler                 0x0800015f   Thumb Code     0  startup_stm32f10x_hd.o(.text)
    DMA2_Channel1_IRQHandler                 0x0800015f   Thumb Code     0  startup_stm32f10x_hd.o(.text)
    DMA2_Channel2_IRQHandler                 0x0800015f   Thumb Code     0  startup_stm32f10x_hd.o(.text)
    DMA2_Channel3_IRQHandler                 0x0800015f   Thumb Code     0  startup_stm32f10x_hd.o(.text)
    DMA2_Channel4_5_IRQHandler               0x0800015f   Thumb Code     0  startup_stm32f10x_hd.o(.text)
    EXTI0_IRQHandler                         0x0800015f   Thumb Code     0  startup_stm32f10x_hd.o(.text)
    EXTI15_10_IRQHandler                     0x0800015f   Thumb Code     0  startup_stm32f10x_hd.o(.text)
    EXTI1_IRQHandler                         0x0800015f   Thumb Code     0  startup_stm32f10x_hd.o(.text)
    EXTI3_IRQHandler                         0x0800015f   Thumb Code     0  startup_stm32f10x_hd.o(.text)
    EXTI4_IRQHandler                         0x0800015f   Thumb Code     0  startup_stm32f10x_hd.o(.text)
    EXTI9_5_IRQHandler                       0x0800015f   Thumb Code     0  startup_stm32f10x_hd.o(.text)
    FLASH_IRQHandler                         0x0800015f   Thumb Code     0  startup_stm32f10x_hd.o(.text)
    FSMC_IRQHandler                          0x0800015f   Thumb Code     0  startup_stm32f10x_hd.o(.text)
    I2C1_ER_IRQHandler                       0x0800015f   Thumb Code     0  startup_stm32f10x_hd.o(.text)
    I2C1_EV_IRQHandler                       0x0800015f   Thumb Code     0  startup_stm32f10x_hd.o(.text)
    I2C2_ER_IRQHandler                       0x0800015f   Thumb Code     0  startup_stm32f10x_hd.o(.text)
    I2C2_EV_IRQHandler                       0x0800015f   Thumb Code     0  startup_stm32f10x_hd.o(.text)
    PVD_IRQHandler                           0x0800015f   Thumb Code     0  startup_stm32f10x_hd.o(.text)
    RCC_IRQHandler                           0x0800015f   Thumb Code     0  startup_stm32f10x_hd.o(.text)
    RTCAlarm_IRQHandler                      0x0800015f   Thumb Code     0  startup_stm32f10x_hd.o(.text)
    RTC_IRQHandler                           0x0800015f   Thumb Code     0  startup_stm32f10x_hd.o(.text)
    SDIO_IRQHandler                          0x0800015f   Thumb Code     0  startup_stm32f10x_hd.o(.text)
    SPI1_IRQHandler                          0x0800015f   Thumb Code     0  startup_stm32f10x_hd.o(.text)
    SPI2_IRQHandler                          0x0800015f   Thumb Code     0  startup_stm32f10x_hd.o(.text)
    SPI3_IRQHandler                          0x0800015f   Thumb Code     0  startup_stm32f10x_hd.o(.text)
    TAMPER_IRQHandler                        0x0800015f   Thumb Code     0  startup_stm32f10x_hd.o(.text)
    TIM1_BRK_IRQHandler                      0x0800015f   Thumb Code     0  startup_stm32f10x_hd.o(.text)
    TIM1_CC_IRQHandler                       0x0800015f   Thumb Code     0  startup_stm32f10x_hd.o(.text)
    TIM1_TRG_COM_IRQHandler                  0x0800015f   Thumb Code     0  startup_stm32f10x_hd.o(.text)
    TIM1_UP_IRQHandler                       0x0800015f   Thumb Code     0  startup_stm32f10x_hd.o(.text)
    TIM2_IRQHandler                          0x0800015f   Thumb Code     0  startup_stm32f10x_hd.o(.text)
    TIM3_IRQHandler                          0x0800015f   Thumb Code     0  startup_stm32f10x_hd.o(.text)
    TIM4_IRQHandler                          0x0800015f   Thumb Code     0  startup_stm32f10x_hd.o(.text)
    TIM5_IRQHandler                          0x0800015f   Thumb Code     0  startup_stm32f10x_hd.o(.text)
    TIM6_IRQHandler                          0x0800015f   Thumb Code     0  startup_stm32f10x_hd.o(.text)
    TIM7_IRQHandler                          0x0800015f   Thumb Code     0  startup_stm32f10x_hd.o(.text)
    TIM8_BRK_IRQHandler                      0x0800015f   Thumb Code     0  startup_stm32f10x_hd.o(.text)
    TIM8_CC_IRQHandler                       0x0800015f   Thumb Code     0  startup_stm32f10x_hd.o(.text)
    TIM8_TRG_COM_IRQHandler                  0x0800015f   Thumb Code     0  startup_stm32f10x_hd.o(.text)
    TIM8_UP_IRQHandler                       0x0800015f   Thumb Code     0  startup_stm32f10x_hd.o(.text)
    UART4_IRQHandler                         0x0800015f   Thumb Code     0  startup_stm32f10x_hd.o(.text)
    UART5_IRQHandler                         0x0800015f   Thumb Code     0  startup_stm32f10x_hd.o(.text)
    USART2_IRQHandler                        0x0800015f   Thumb Code     0  startup_stm32f10x_hd.o(.text)
    USBWakeUp_IRQHandler                     0x0800015f   Thumb Code     0  startup_stm32f10x_hd.o(.text)
    USB_HP_CAN1_TX_IRQHandler                0x0800015f   Thumb Code     0  startup_stm32f10x_hd.o(.text)
    USB_LP_CAN1_RX0_IRQHandler               0x0800015f   Thumb Code     0  startup_stm32f10x_hd.o(.text)
    WWDG_IRQHandler                          0x0800015f   Thumb Code     0  startup_stm32f10x_hd.o(.text)
    strlen                                   0x08000169   Thumb Code    14  strlen.o(.text)
    strcmp                                   0x08000177   Thumb Code    28  strcmp.o(.text)
    strncmp                                  0x08000193   Thumb Code    30  strncmp.o(.text)
    strtol                                   0x080001b1   Thumb Code   112  strtol.o(.text)
    __aeabi_dmul                             0x08000221   Thumb Code   228  dmul.o(.text)
    __aeabi_ddiv                             0x08000305   Thumb Code   222  ddiv.o(.text)
    __aeabi_i2d                              0x080003e3   Thumb Code    34  dflti.o(.text)
    __aeabi_ui2d                             0x08000405   Thumb Code    26  dfltui.o(.text)
    __aeabi_d2iz                             0x0800041f   Thumb Code    62  dfixi.o(.text)
    __aeabi_f2d                              0x0800045d   Thumb Code    38  f2d.o(.text)
    __aeabi_d2f                              0x08000483   Thumb Code    56  d2f.o(.text)
    __aeabi_uidiv                            0x080004bb   Thumb Code     0  uidiv.o(.text)
    __aeabi_uidivmod                         0x080004bb   Thumb Code    44  uidiv.o(.text)
    __aeabi_uldivmod                         0x080004e7   Thumb Code    98  uldiv.o(.text)
    __aeabi_llsr                             0x08000549   Thumb Code    32  llushr.o(.text)
    _ll_ushift_r                             0x08000549   Thumb Code     0  llushr.o(.text)
    __rt_ctype_table                         0x08000569   Thumb Code     4  ctype_o.o(.text)
    _strtoul                                 0x08000571   Thumb Code   158  _strtoul.o(.text)
    __I$use$fp                               0x0800060f   Thumb Code     0  iusefp.o(.text)
    _float_round                             0x0800060f   Thumb Code    18  fepilogue.o(.text)
    _float_epilogue                          0x08000621   Thumb Code    92  fepilogue.o(.text)
    _double_round                            0x0800067d   Thumb Code    30  depilogue.o(.text)
    _double_epilogue                         0x0800069b   Thumb Code   156  depilogue.o(.text)
    __aeabi_dadd                             0x08000737   Thumb Code   322  dadd.o(.text)
    __aeabi_dsub                             0x08000879   Thumb Code     6  dadd.o(.text)
    __aeabi_drsub                            0x0800087f   Thumb Code     6  dadd.o(.text)
    __aeabi_d2ulz                            0x08000885   Thumb Code    48  dfixul.o(.text)
    __aeabi_cdrcmple                         0x080008b5   Thumb Code    48  cdrcmple.o(.text)
    __scatterload                            0x080008e5   Thumb Code    28  init.o(.text)
    __scatterload_rt2                        0x080008e5   Thumb Code     0  init.o(.text)
    __aeabi_llsl                             0x08000909   Thumb Code    30  llshl.o(.text)
    _ll_shift_l                              0x08000909   Thumb Code     0  llshl.o(.text)
    __aeabi_lasr                             0x08000927   Thumb Code    36  llsshr.o(.text)
    _ll_sshift_r                             0x08000927   Thumb Code     0  llsshr.o(.text)
    _chval                                   0x0800094b   Thumb Code    28  _chval.o(.text)
    __decompress                             0x08000967   Thumb Code     0  __dczerorl2.o(.text)
    __decompress1                            0x08000967   Thumb Code    86  __dczerorl2.o(.text)
    AT24CXX_CheckOk                          0x080009bd   Thumb Code    38  bsp_eeprom_24xx.o(i.AT24CXX_CheckOk)
    AT24CXX_Init                             0x080009e9   Thumb Code    18  bsp_eeprom_24xx.o(i.AT24CXX_Init)
    AT24CXX_ReadF32                          0x08000a01   Thumb Code    44  bsp_eeprom_24xx.o(i.AT24CXX_ReadF32)
    AT24CXX_ReadU16                          0x08000a2d   Thumb Code    46  bsp_eeprom_24xx.o(i.AT24CXX_ReadU16)
    AT24CXX_ReadU32                          0x08000a5b   Thumb Code    44  bsp_eeprom_24xx.o(i.AT24CXX_ReadU32)
    AT24CXX_ReadU8                           0x08000a87   Thumb Code    46  bsp_eeprom_24xx.o(i.AT24CXX_ReadU8)
    AT24CXX_Reads                            0x08000ab5   Thumb Code   118  bsp_eeprom_24xx.o(i.AT24CXX_Reads)
    AT24CXX_WriteF32                         0x08000b31   Thumb Code    48  bsp_eeprom_24xx.o(i.AT24CXX_WriteF32)
    AT24CXX_WriteU16                         0x08000b61   Thumb Code    48  bsp_eeprom_24xx.o(i.AT24CXX_WriteU16)
    AT24CXX_WriteU32                         0x08000b91   Thumb Code    48  bsp_eeprom_24xx.o(i.AT24CXX_WriteU32)
    AT24CXX_WriteU8                          0x08000bc1   Thumb Code    48  bsp_eeprom_24xx.o(i.AT24CXX_WriteU8)
    AT24CXX_Writes                           0x08000bf1   Thumb Code   238  bsp_eeprom_24xx.o(i.AT24CXX_Writes)
    BusFault_Handler                         0x08000ce5   Thumb Code     4  stm32f10x_it.o(i.BusFault_Handler)
    CommandCheckAndExeViaUart1               0x08000ce9   Thumb Code    50  inc_mbtmc429.o(i.CommandCheckAndExeViaUart1)
    Command_Analysis_Process                 0x08000d5d   Thumb Code   238  inc_mbtmc429.o(i.Command_Analysis_Process)
    Command_analysis_button                  0x08000f51   Thumb Code    82  app_button.o(i.Command_analysis_button)
    Command_analysis_dido                    0x08001015   Thumb Code   276  app_gpio_dido.o(i.Command_analysis_dido)
    Command_analysis_eeprom                  0x080011c5   Thumb Code   314  app_eeprom_24xx.o(i.Command_analysis_eeprom)
    Command_analysis_motor                   0x08001455   Thumb Code  1634  app_motor_tmc429.o(i.Command_analysis_motor)
    Command_analysis_motor_get               0x08001af9   Thumb Code   816  app_motor_tmc429.o(i.Command_analysis_motor_get)
    Command_analysis_motor_set               0x08001f09   Thumb Code   902  app_motor_tmc429.o(i.Command_analysis_motor_set)
    Command_analysis_os_check                0x08002319   Thumb Code   314  inc_mbtmc429.o(i.Command_analysis_os_check)
    Command_analysis_uart3                   0x08002779   Thumb Code   108  app_serial.o(i.Command_analysis_uart3)
    DebugMon_Handler                         0x0800284d   Thumb Code     2  stm32f10x_it.o(i.DebugMon_Handler)
    EXTI2_IRQHandler                         0x08002851   Thumb Code    80  bsp_mcu_exti.o(i.EXTI2_IRQHandler)
    EXTI_ClearITPendingBit                   0x080028d9   Thumb Code     6  stm32f10x_exti.o(i.EXTI_ClearITPendingBit)
    EnableInterrupts                         0x080028e5   Thumb Code     4  app_sys_control.o(i.EnableInterrupts)
    GPIO_Init                                0x080028e9   Thumb Code   278  stm32f10x_gpio.o(i.GPIO_Init)
    GPIO_PinRemapConfig                      0x08002a01   Thumb Code   138  stm32f10x_gpio.o(i.GPIO_PinRemapConfig)
    GPIO_ReadInputDataBit                    0x08002a91   Thumb Code    18  stm32f10x_gpio.o(i.GPIO_ReadInputDataBit)
    GPIO_ResetBits                           0x08002aa3   Thumb Code     4  stm32f10x_gpio.o(i.GPIO_ResetBits)
    GPIO_SetBits                             0x08002aa7   Thumb Code     4  stm32f10x_gpio.o(i.GPIO_SetBits)
    HardFault_Handler                        0x08002aab   Thumb Code     4  stm32f10x_it.o(i.HardFault_Handler)
    HardStop                                 0x08002aaf   Thumb Code    38  bsp_motor_tmc429.o(i.HardStop)
    InitUART_1                               0x08002ad5   Thumb Code   236  bsp_mcu_uart.o(i.InitUART_1)
    InitUART_2                               0x08002bc9   Thumb Code   244  bsp_mcu_uart.o(i.InitUART_2)
    KeyTask_every_ms                         0x08002cc9   Thumb Code    76  app_task_tick.o(i.KeyTask_every_ms)
    MemManage_Handler                        0x08002d1d   Thumb Code     4  stm32f10x_it.o(i.MemManage_Handler)
    MotorAutoReset_preset                    0x08002d21   Thumb Code   228  app_motor_home.o(i.MotorAutoReset_preset)
    MotorHomingWithHomeSensor                0x08002e4d   Thumb Code   220  app_motor_home.o(i.MotorHomingWithHomeSensor)
    MotorHomingWithLimitSwitch               0x08002f35   Thumb Code    82  app_motor_home.o(i.MotorHomingWithLimitSwitch)
    NMI_Handler                              0x08002f8d   Thumb Code     2  stm32f10x_it.o(i.NMI_Handler)
    NVIC_Init                                0x08002f91   Thumb Code   100  misc.o(i.NVIC_Init)
    NVIC_PriorityGroupConfig                 0x08003001   Thumb Code    10  misc.o(i.NVIC_PriorityGroupConfig)
    PendSV_Handler                           0x08003015   Thumb Code     2  stm32f10x_it.o(i.PendSV_Handler)
    PressAlarmTask_every_ms                  0x08003019   Thumb Code   128  app_task_tick.o(i.PressAlarmTask_every_ms)
    PrintfUart3DataToUart1                   0x080030d5   Thumb Code    34  app_serial.o(i.PrintfUart3DataToUart1)
    RCC_APB1PeriphClockCmd                   0x08003101   Thumb Code    26  stm32f10x_rcc.o(i.RCC_APB1PeriphClockCmd)
    RCC_APB1PeriphResetCmd                   0x08003121   Thumb Code    26  stm32f10x_rcc.o(i.RCC_APB1PeriphResetCmd)
    RCC_APB2PeriphClockCmd                   0x08003141   Thumb Code    26  stm32f10x_rcc.o(i.RCC_APB2PeriphClockCmd)
    RCC_APB2PeriphResetCmd                   0x08003161   Thumb Code    26  stm32f10x_rcc.o(i.RCC_APB2PeriphResetCmd)
    RCC_GetClocksFreq                        0x08003181   Thumb Code   192  stm32f10x_rcc.o(i.RCC_GetClocksFreq)
    Read429Bytes                             0x08003255   Thumb Code    46  bsp_motor_tmc429.o(i.Read429Bytes)
    Read429Int                               0x08003283   Thumb Code    56  bsp_motor_tmc429.o(i.Read429Int)
    Read429Short                             0x080032bd   Thumb Code    46  bsp_motor_tmc429.o(i.Read429Short)
    Read429SingleByte                        0x080032f1   Thumb Code    28  bsp_motor_tmc429.o(i.Read429SingleByte)
    Read429Status                            0x0800330d   Thumb Code    14  bsp_motor_tmc429.o(i.Read429Status)
    ReadWrite429                             0x08003381   Thumb Code    56  bsp_motor_tmc429.o(i.ReadWrite429)
    ReadWriteSPI1                            0x080033b9   Thumb Code   114  bsp_mcu_spi.o(i.ReadWriteSPI1)
    ResetCPU                                 0x08003435   Thumb Code    30  app_sys_control.o(i.ResetCPU)
    SPI_I2S_GetFlagStatus                    0x0800345d   Thumb Code    18  stm32f10x_spi.o(i.SPI_I2S_GetFlagStatus)
    SPI_I2S_ReceiveData                      0x0800346f   Thumb Code     6  stm32f10x_spi.o(i.SPI_I2S_ReceiveData)
    SPI_I2S_SendData                         0x08003475   Thumb Code     4  stm32f10x_spi.o(i.SPI_I2S_SendData)
    SVC_Handler                              0x08003479   Thumb Code     2  stm32f10x_it.o(i.SVC_Handler)
    Set429RampMode                           0x080034b1   Thumb Code    70  bsp_motor_tmc429.o(i.Set429RampMode)
    SetAMax                                  0x080034f9   Thumb Code   348  bsp_motor_tmc429.o(i.SetAMax)
    SetAmaxAutoByspeed                       0x08003665   Thumb Code   956  app_motor_tmc429.o(i.SetAmaxAutoByspeed)
    SoftI2c_CheckDevice                      0x08003b0d   Thumb Code    60  bsp_mcu_softi2c.o(i.SoftI2c_CheckDevice)
    SoftI2c_Init                             0x08003b49   Thumb Code    30  bsp_mcu_softi2c.o(i.SoftI2c_Init)
    SoftI2c_read_byte                        0x08003b67   Thumb Code    96  bsp_mcu_softi2c.o(i.SoftI2c_read_byte)
    SoftI2c_reads                            0x08003bc7   Thumb Code   358  bsp_mcu_softi2c.o(i.SoftI2c_reads)
    SoftI2c_send_ack                         0x08003d2d   Thumb Code    72  bsp_mcu_softi2c.o(i.SoftI2c_send_ack)
    SoftI2c_send_byte                        0x08003d75   Thumb Code    98  bsp_mcu_softi2c.o(i.SoftI2c_send_byte)
    SoftI2c_send_no_ack                      0x08003dd7   Thumb Code    64  bsp_mcu_softi2c.o(i.SoftI2c_send_no_ack)
    SoftI2c_start                            0x08003e17   Thumb Code    64  bsp_mcu_softi2c.o(i.SoftI2c_start)
    SoftI2c_stop                             0x08003e57   Thumb Code    56  bsp_mcu_softi2c.o(i.SoftI2c_stop)
    SoftI2c_wait_ack                         0x08003e8f   Thumb Code    84  bsp_mcu_softi2c.o(i.SoftI2c_wait_ack)
    SoftI2c_writes                           0x08003ee3   Thumb Code   334  bsp_mcu_softi2c.o(i.SoftI2c_writes)
    StopMotorByRamp                          0x08004031   Thumb Code    26  app_motor_tmc429.o(i.StopMotorByRamp)
    SysTick_CLKSourceConfig                  0x0800404b   Thumb Code    40  misc.o(i.SysTick_CLKSourceConfig)
    SysTick_GetTimer                         0x08004075   Thumb Code     6  bsp_mcu_systick.o(i.SysTick_GetTimer)
    SysTick_Handler                          0x08004081   Thumb Code    12  bsp_mcu_systick.o(i.SysTick_Handler)
    SysTick_Init                             0x08004091   Thumb Code    42  bsp_mcu_systick.o(i.SysTick_Init)
    SystemInit                               0x080040bd   Thumb Code    78  system_stm32f10x.o(i.SystemInit)
    TMC429_MotorRotate                       0x080047b1   Thumb Code    72  app_motor_tmc429.o(i.TMC429_MotorRotate)
    TMC429_MotorStop                         0x08004819   Thumb Code    32  app_motor_tmc429.o(i.TMC429_MotorStop)
    UART3_DisableRX                          0x08004fc9   Thumb Code    16  app_serial.o(i.UART3_DisableRX)
    UART3_EnableRX                           0x08004fdd   Thumb Code    16  app_serial.o(i.UART3_EnableRX)
    USART1_IRQHandler                        0x08004ff1   Thumb Code   186  bsp_mcu_uart.o(i.USART1_IRQHandler)
    USART3_IRQHandler                        0x080050b9   Thumb Code   192  bsp_mcu_uart.o(i.USART3_IRQHandler)
    USART_ClearFlag                          0x08005189   Thumb Code    18  stm32f10x_usart.o(i.USART_ClearFlag)
    USART_ClearITPendingBit                  0x0800519b   Thumb Code    30  stm32f10x_usart.o(i.USART_ClearITPendingBit)
    USART_Cmd                                0x080051b9   Thumb Code    24  stm32f10x_usart.o(i.USART_Cmd)
    USART_DeInit                             0x080051d1   Thumb Code   134  stm32f10x_usart.o(i.USART_DeInit)
    USART_GetFlagStatus                      0x0800526d   Thumb Code    26  stm32f10x_usart.o(i.USART_GetFlagStatus)
    USART_ITConfig                           0x08005287   Thumb Code    74  stm32f10x_usart.o(i.USART_ITConfig)
    USART_Init                               0x080052d1   Thumb Code   210  stm32f10x_usart.o(i.USART_Init)
    USART_ReceiveData                        0x080053a9   Thumb Code    10  stm32f10x_usart.o(i.USART_ReceiveData)
    USART_StructInit                         0x080053b3   Thumb Code    24  stm32f10x_usart.o(i.USART_StructInit)
    UsageFault_Handler                       0x080053cb   Thumb Code     4  stm32f10x_it.o(i.UsageFault_Handler)
    Write429Bytes                            0x080053cf   Thumb Code    38  bsp_motor_tmc429.o(i.Write429Bytes)
    Write429Int                              0x080053f5   Thumb Code    38  bsp_motor_tmc429.o(i.Write429Int)
    Write429Short                            0x0800541b   Thumb Code    38  bsp_motor_tmc429.o(i.Write429Short)
    Write429Zero                             0x08005441   Thumb Code    32  bsp_motor_tmc429.o(i.Write429Zero)
    __0printf                                0x080054c9   Thumb Code    22  printfa.o(i.__0printf)
    __1printf                                0x080054c9   Thumb Code     0  printfa.o(i.__0printf)
    __2printf                                0x080054c9   Thumb Code     0  printfa.o(i.__0printf)
    __c89printf                              0x080054c9   Thumb Code     0  printfa.o(i.__0printf)
    printf                                   0x080054c9   Thumb Code     0  printfa.o(i.__0printf)
    __aeabi_errno_addr                       0x080054e9   Thumb Code     4  errno.o(i.__aeabi_errno_addr)
    __rt_errno_addr                          0x080054e9   Thumb Code     0  errno.o(i.__aeabi_errno_addr)
    __scatterload_copy                       0x080054f1   Thumb Code    14  handlers.o(i.__scatterload_copy)
    __scatterload_null                       0x080054ff   Thumb Code     2  handlers.o(i.__scatterload_null)
    __scatterload_zeroinit                   0x08005501   Thumb Code    14  handlers.o(i.__scatterload_zeroinit)
    buttonRESET_process                      0x08005dc5   Thumb Code    62  app_button.o(i.buttonRESET_process)
    buttonSTART_process                      0x08005e0d   Thumb Code    96  app_button.o(i.buttonSTART_process)
    delay_ms                                 0x08005e89   Thumb Code    12  bsp_mcu_delay.o(i.delay_ms)
    drv_mdelay                               0x08005e95   Thumb Code    18  bsp_mcu_delay.o(i.drv_mdelay)
    drv_udelay                               0x08005ea9   Thumb Code    24  bsp_mcu_delay.o(i.drv_udelay)
    ee_ReadBytes                             0x08005ec9   Thumb Code   232  bsp_eeprom_24xx.o(i.ee_ReadBytes)
    ee_WriteBytes                            0x08005fb5   Thumb Code   232  bsp_eeprom_24xx.o(i.ee_WriteBytes)
    fputc                                    0x080060a1   Thumb Code    24  bsp_mcu_uart.o(i.fputc)
    getChInput                               0x080060bd   Thumb Code    24  app_gpio_dido.o(i.getChInput)
    main                                     0x080060fd   Thumb Code   142  inc_mbtmc429.o(i.main)
    pinMode                                  0x08006195   Thumb Code   196  bsp_mcu_gpio.o(i.pinMode)
    pinRead                                  0x0800626d   Thumb Code    36  bsp_mcu_gpio.o(i.pinRead)
    pinReset                                 0x08006291   Thumb Code    30  bsp_mcu_gpio.o(i.pinReset)
    pinSet                                   0x080062af   Thumb Code    30  bsp_mcu_gpio.o(i.pinSet)
    pinToggle                                0x080062cd   Thumb Code    26  bsp_mcu_gpio.o(i.pinToggle)
    pinWrite                                 0x080062e7   Thumb Code    24  bsp_mcu_gpio.o(i.pinWrite)
    printf_cmdList_uart3                     0x08006bb9   Thumb Code    28  app_serial.o(i.printf_cmdList_uart3)
    setChOutput                              0x08006d15   Thumb Code    20  app_gpio_dido.o(i.setChOutput)
    user_show_version                        0x08006ec9   Thumb Code    34  inc_mbtmc429.o(i.user_show_version)
    __ctype_table                            0x080074b4   Data         129  ctype_o.o(.constdata)
    Region$$Table$$Base                      0x08007ed0   Number         0  anon$$obj.o(Region$$Table)
    Region$$Table$$Limit                     0x08007ef0   Number         0  anon$$obj.o(Region$$Table)
    SystemCoreClock                          0x20000000   Data           4  system_stm32f10x.o(.data)
    AHBPrescTable                            0x20000004   Data          16  system_stm32f10x.o(.data)
    at24cxx                                  0x20000028   Data          56  bsp_eeprom_24xx.o(.data)
    SoftI2c                                  0x20000064   Data          44  bsp_mcu_softi2c.o(.data)
    USART1_RX_STA                            0x20000090   Data           2  bsp_mcu_uart.o(.data)
    USART3_RX_STA                            0x20000092   Data           2  bsp_mcu_uart.o(.data)
    u8PressAlarm                             0x20000094   Data           1  bsp_mcu_exti.o(.data)
    printStr5times                           0x20000095   Data           1  bsp_mcu_exti.o(.data)
    version_string                           0x20000096   Data           9  inc_mbtmc429.o(.data)
    rgb_pin_num                              0x2000009f   Data           3  app_gpio_dido.o(.data)
    inputs_pin_num                           0x200000a2   Data          12  app_gpio_dido.o(.data)
    outputs_pin_num                          0x200000ae   Data           8  app_gpio_dido.o(.data)
    buttonSTARTpressed                       0x200000b6   Data           1  app_button.o(.data)
    buttonRESETpressed                       0x200000b7   Data           1  app_button.o(.data)
    at24c256                                 0x200000bc   Data          32  app_eeprom_24xx.o(.data)
    homeSensorPin                            0x200000dc   Data           3  app_motor_tmc429.o(.data)
    MotorConfig                              0x200000e0   Data          36  app_motor_tmc429.o(.data)
    CMDGetFromUart                           0x20000104   Data           8  app_motor_tmc429.o(.data)
    TMC429_ParameterGet                      0x2000010c   Data           8  app_motor_tmc429.o(.data)
    TMC429_ParameterSet                      0x20000114   Data           8  app_motor_tmc429.o(.data)
    motorsReset_InOrder                      0x20000122   Data           1  app_motor_home.o(.data)
    __stdout                                 0x2000013c   Data           4  stdout.o(.data)
    USART1_RX_BUF                            0x20000144   Data         200  bsp_mcu_uart.o(.bss)
    USART3_RX_BUF                            0x2000020c   Data          50  bsp_mcu_uart.o(.bss)
    g_tParam                                 0x20000240   Data          60  app_eeprom_24xx.o(.bss)
    homeInfo                                 0x2000027c   Data          24  app_motor_tmc429.o(.bss)
    __initial_sp                             0x20000698   Data           0  startup_stm32f10x_hd.o(STACK)



==============================================================================

Memory Map of the image

  Image Entry point : 0x08000131

  Load Region LR_IROM1 (Base: 0x08000000, Size: 0x00008034, Max: 0x00080000, ABSOLUTE, COMPRESSED[0x00007f90])

    Execution Region ER_IROM1 (Exec base: 0x08000000, Load base: 0x08000000, Size: 0x00007ef0, Max: 0x00080000, ABSOLUTE)

    Exec Addr    Load Addr    Size         Type   Attr      Idx    E Section Name        Object

    0x08000000   0x08000000   0x00000130   Data   RO         1308    RESET               startup_stm32f10x_hd.o
    0x08000130   0x08000130   0x00000000   Code   RO         2700  * .ARM.Collect$$$$00000000  mc_w.l(entry.o)
    0x08000130   0x08000130   0x00000004   Code   RO         2992    .ARM.Collect$$$$00000001  mc_w.l(entry2.o)
    0x08000134   0x08000134   0x00000004   Code   RO         2995    .ARM.Collect$$$$00000004  mc_w.l(entry5.o)
    0x08000138   0x08000138   0x00000000   Code   RO         2997    .ARM.Collect$$$$00000008  mc_w.l(entry7b.o)
    0x08000138   0x08000138   0x00000000   Code   RO         2999    .ARM.Collect$$$$0000000A  mc_w.l(entry8b.o)
    0x08000138   0x08000138   0x00000008   Code   RO         3000    .ARM.Collect$$$$0000000B  mc_w.l(entry9a.o)
    0x08000140   0x08000140   0x00000000   Code   RO         3002    .ARM.Collect$$$$0000000D  mc_w.l(entry10a.o)
    0x08000140   0x08000140   0x00000000   Code   RO         3004    .ARM.Collect$$$$0000000F  mc_w.l(entry11a.o)
    0x08000140   0x08000140   0x00000004   Code   RO         2993    .ARM.Collect$$$$00002712  mc_w.l(entry2.o)
    0x08000144   0x08000144   0x00000024   Code   RO         1309    .text               startup_stm32f10x_hd.o
    0x08000168   0x08000168   0x0000000e   Code   RO         2705    .text               mc_w.l(strlen.o)
    0x08000176   0x08000176   0x0000001c   Code   RO         2707    .text               mc_w.l(strcmp.o)
    0x08000192   0x08000192   0x0000001e   Code   RO         2709    .text               mc_w.l(strncmp.o)
    0x080001b0   0x080001b0   0x00000070   Code   RO         2974    .text               mc_w.l(strtol.o)
    0x08000220   0x08000220   0x000000e4   Code   RO         2978    .text               mf_w.l(dmul.o)
    0x08000304   0x08000304   0x000000de   Code   RO         2980    .text               mf_w.l(ddiv.o)
    0x080003e2   0x080003e2   0x00000022   Code   RO         2982    .text               mf_w.l(dflti.o)
    0x08000404   0x08000404   0x0000001a   Code   RO         2984    .text               mf_w.l(dfltui.o)
    0x0800041e   0x0800041e   0x0000003e   Code   RO         2986    .text               mf_w.l(dfixi.o)
    0x0800045c   0x0800045c   0x00000026   Code   RO         2988    .text               mf_w.l(f2d.o)
    0x08000482   0x08000482   0x00000038   Code   RO         2990    .text               mf_w.l(d2f.o)
    0x080004ba   0x080004ba   0x0000002c   Code   RO         3007    .text               mc_w.l(uidiv.o)
    0x080004e6   0x080004e6   0x00000062   Code   RO         3009    .text               mc_w.l(uldiv.o)
    0x08000548   0x08000548   0x00000020   Code   RO         3011    .text               mc_w.l(llushr.o)
    0x08000568   0x08000568   0x00000008   Code   RO         3013    .text               mc_w.l(ctype_o.o)
    0x08000570   0x08000570   0x0000009e   Code   RO         3048    .text               mc_w.l(_strtoul.o)
    0x0800060e   0x0800060e   0x00000000   Code   RO         3050    .text               mc_w.l(iusefp.o)
    0x0800060e   0x0800060e   0x0000006e   Code   RO         3051    .text               mf_w.l(fepilogue.o)
    0x0800067c   0x0800067c   0x000000ba   Code   RO         3053    .text               mf_w.l(depilogue.o)
    0x08000736   0x08000736   0x0000014e   Code   RO         3055    .text               mf_w.l(dadd.o)
    0x08000884   0x08000884   0x00000030   Code   RO         3057    .text               mf_w.l(dfixul.o)
    0x080008b4   0x080008b4   0x00000030   Code   RO         3059    .text               mf_w.l(cdrcmple.o)
    0x080008e4   0x080008e4   0x00000024   Code   RO         3061    .text               mc_w.l(init.o)
    0x08000908   0x08000908   0x0000001e   Code   RO         3063    .text               mc_w.l(llshl.o)
    0x08000926   0x08000926   0x00000024   Code   RO         3065    .text               mc_w.l(llsshr.o)
    0x0800094a   0x0800094a   0x0000001c   Code   RO         3067    .text               mc_w.l(_chval.o)
    0x08000966   0x08000966   0x00000056   Code   RO         3077    .text               mc_w.l(__dczerorl2.o)
    0x080009bc   0x080009bc   0x0000002c   Code   RO         1517    i.AT24CXX_CheckOk   bsp_eeprom_24xx.o
    0x080009e8   0x080009e8   0x00000018   Code   RO         1518    i.AT24CXX_Init      bsp_eeprom_24xx.o
    0x08000a00   0x08000a00   0x0000002c   Code   RO         1519    i.AT24CXX_ReadF32   bsp_eeprom_24xx.o
    0x08000a2c   0x08000a2c   0x0000002e   Code   RO         1520    i.AT24CXX_ReadU16   bsp_eeprom_24xx.o
    0x08000a5a   0x08000a5a   0x0000002c   Code   RO         1521    i.AT24CXX_ReadU32   bsp_eeprom_24xx.o
    0x08000a86   0x08000a86   0x0000002e   Code   RO         1522    i.AT24CXX_ReadU8    bsp_eeprom_24xx.o
    0x08000ab4   0x08000ab4   0x0000007c   Code   RO         1523    i.AT24CXX_Reads     bsp_eeprom_24xx.o
    0x08000b30   0x08000b30   0x00000030   Code   RO         1524    i.AT24CXX_WriteF32  bsp_eeprom_24xx.o
    0x08000b60   0x08000b60   0x00000030   Code   RO         1525    i.AT24CXX_WriteU16  bsp_eeprom_24xx.o
    0x08000b90   0x08000b90   0x00000030   Code   RO         1526    i.AT24CXX_WriteU32  bsp_eeprom_24xx.o
    0x08000bc0   0x08000bc0   0x00000030   Code   RO         1527    i.AT24CXX_WriteU8   bsp_eeprom_24xx.o
    0x08000bf0   0x08000bf0   0x000000f4   Code   RO         1528    i.AT24CXX_Writes    bsp_eeprom_24xx.o
    0x08000ce4   0x08000ce4   0x00000004   Code   RO            1    i.BusFault_Handler  stm32f10x_it.o
    0x08000ce8   0x08000ce8   0x00000074   Code   RO         2141    i.CommandCheckAndExeViaUart1  inc_mbtmc429.o
    0x08000d5c   0x08000d5c   0x000001f4   Code   RO         2142    i.Command_Analysis_Process  inc_mbtmc429.o
    0x08000f50   0x08000f50   0x000000c4   Code   RO         2292    i.Command_analysis_button  app_button.o
    0x08001014   0x08001014   0x000001b0   Code   RO         2235    i.Command_analysis_dido  app_gpio_dido.o
    0x080011c4   0x080011c4   0x00000290   Code   RO         2334    i.Command_analysis_eeprom  app_eeprom_24xx.o
    0x08001454   0x08001454   0x000006a4   Code   RO         2412    i.Command_analysis_motor  app_motor_tmc429.o
    0x08001af8   0x08001af8   0x00000410   Code   RO         2413    i.Command_analysis_motor_get  app_motor_tmc429.o
    0x08001f08   0x08001f08   0x00000410   Code   RO         2414    i.Command_analysis_motor_set  app_motor_tmc429.o
    0x08002318   0x08002318   0x00000460   Code   RO         2143    i.Command_analysis_os_check  inc_mbtmc429.o
    0x08002778   0x08002778   0x000000d4   Code   RO         2562    i.Command_analysis_uart3  app_serial.o
    0x0800284c   0x0800284c   0x00000002   Code   RO            2    i.DebugMon_Handler  stm32f10x_it.o
    0x0800284e   0x0800284e   0x00000002   PAD
    0x08002850   0x08002850   0x00000088   Code   RO         2083    i.EXTI2_IRQHandler  bsp_mcu_exti.o
    0x080028d8   0x080028d8   0x0000000c   Code   RO         1461    i.EXTI_ClearITPendingBit  stm32f10x_exti.o
    0x080028e4   0x080028e4   0x00000004   Code   RO         2612    i.EnableInterrupts  app_sys_control.o
    0x080028e8   0x080028e8   0x00000116   Code   RO          244    i.GPIO_Init         stm32f10x_gpio.o
    0x080029fe   0x080029fe   0x00000002   PAD
    0x08002a00   0x08002a00   0x00000090   Code   RO          246    i.GPIO_PinRemapConfig  stm32f10x_gpio.o
    0x08002a90   0x08002a90   0x00000012   Code   RO          248    i.GPIO_ReadInputDataBit  stm32f10x_gpio.o
    0x08002aa2   0x08002aa2   0x00000004   Code   RO          251    i.GPIO_ResetBits    stm32f10x_gpio.o
    0x08002aa6   0x08002aa6   0x00000004   Code   RO          252    i.GPIO_SetBits      stm32f10x_gpio.o
    0x08002aaa   0x08002aaa   0x00000004   Code   RO            3    i.HardFault_Handler  stm32f10x_it.o
    0x08002aae   0x08002aae   0x00000026   Code   RO         1641    i.HardStop          bsp_motor_tmc429.o
    0x08002ad4   0x08002ad4   0x000000f4   Code   RO         1967    i.InitUART_1        bsp_mcu_uart.o
    0x08002bc8   0x08002bc8   0x00000100   Code   RO         1968    i.InitUART_2        bsp_mcu_uart.o
    0x08002cc8   0x08002cc8   0x00000054   Code   RO         2675    i.KeyTask_every_ms  app_task_tick.o
    0x08002d1c   0x08002d1c   0x00000004   Code   RO            4    i.MemManage_Handler  stm32f10x_it.o
    0x08002d20   0x08002d20   0x0000012c   Code   RO         2523    i.MotorAutoReset_preset  app_motor_home.o
    0x08002e4c   0x08002e4c   0x000000e8   Code   RO         2524    i.MotorHomingWithHomeSensor  app_motor_home.o
    0x08002f34   0x08002f34   0x00000058   Code   RO         2525    i.MotorHomingWithLimitSwitch  app_motor_home.o
    0x08002f8c   0x08002f8c   0x00000002   Code   RO            5    i.NMI_Handler       stm32f10x_it.o
    0x08002f8e   0x08002f8e   0x00000002   PAD
    0x08002f90   0x08002f90   0x00000070   Code   RO          175    i.NVIC_Init         misc.o
    0x08003000   0x08003000   0x00000014   Code   RO          176    i.NVIC_PriorityGroupConfig  misc.o
    0x08003014   0x08003014   0x00000002   Code   RO            6    i.PendSV_Handler    stm32f10x_it.o
    0x08003016   0x08003016   0x00000002   PAD
    0x08003018   0x08003018   0x000000bc   Code   RO         2676    i.PressAlarmTask_every_ms  app_task_tick.o
    0x080030d4   0x080030d4   0x0000002c   Code   RO         2563    i.PrintfUart3DataToUart1  app_serial.o
    0x08003100   0x08003100   0x00000020   Code   RO          360    i.RCC_APB1PeriphClockCmd  stm32f10x_rcc.o
    0x08003120   0x08003120   0x00000020   Code   RO          361    i.RCC_APB1PeriphResetCmd  stm32f10x_rcc.o
    0x08003140   0x08003140   0x00000020   Code   RO          362    i.RCC_APB2PeriphClockCmd  stm32f10x_rcc.o
    0x08003160   0x08003160   0x00000020   Code   RO          363    i.RCC_APB2PeriphResetCmd  stm32f10x_rcc.o
    0x08003180   0x08003180   0x000000d4   Code   RO          370    i.RCC_GetClocksFreq  stm32f10x_rcc.o
    0x08003254   0x08003254   0x0000002e   Code   RO         1642    i.Read429Bytes      bsp_motor_tmc429.o
    0x08003282   0x08003282   0x00000038   Code   RO         1643    i.Read429Int        bsp_motor_tmc429.o
    0x080032ba   0x080032ba   0x00000002   PAD
    0x080032bc   0x080032bc   0x00000034   Code   RO         1644    i.Read429Short      bsp_motor_tmc429.o
    0x080032f0   0x080032f0   0x0000001c   Code   RO         1645    i.Read429SingleByte  bsp_motor_tmc429.o
    0x0800330c   0x0800330c   0x0000000e   Code   RO         1646    i.Read429Status     bsp_motor_tmc429.o
    0x0800331a   0x0800331a   0x00000002   PAD
    0x0800331c   0x0800331c   0x00000064   Code   RO         2338    i.ReadPageStringFromEEPROM  app_eeprom_24xx.o
    0x08003380   0x08003380   0x00000038   Code   RO         1647    i.ReadWrite429      bsp_motor_tmc429.o
    0x080033b8   0x080033b8   0x0000007c   Code   RO         2045    i.ReadWriteSPI1     bsp_mcu_spi.o
    0x08003434   0x08003434   0x00000028   Code   RO         2615    i.ResetCPU          app_sys_control.o
    0x0800345c   0x0800345c   0x00000012   Code   RO         1326    i.SPI_I2S_GetFlagStatus  stm32f10x_spi.o
    0x0800346e   0x0800346e   0x00000006   Code   RO         1329    i.SPI_I2S_ReceiveData  stm32f10x_spi.o
    0x08003474   0x08003474   0x00000004   Code   RO         1330    i.SPI_I2S_SendData  stm32f10x_spi.o
    0x08003478   0x08003478   0x00000002   Code   RO            7    i.SVC_Handler       stm32f10x_it.o
    0x0800347a   0x0800347a   0x00000002   PAD
    0x0800347c   0x0800347c   0x00000034   Code   RO         2339    i.SaveParamToEeprom  app_eeprom_24xx.o
    0x080034b0   0x080034b0   0x00000046   Code   RO         1648    i.Set429RampMode    bsp_motor_tmc429.o
    0x080034f6   0x080034f6   0x00000002   PAD
    0x080034f8   0x080034f8   0x0000016c   Code   RO         1650    i.SetAMax           bsp_motor_tmc429.o
    0x08003664   0x08003664   0x000003c0   Code   RO         2416    i.SetAmaxAutoByspeed  app_motor_tmc429.o
    0x08003a24   0x08003a24   0x00000008   Code   RO          104    i.SetSysClock       system_stm32f10x.o
    0x08003a2c   0x08003a2c   0x000000e0   Code   RO          105    i.SetSysClockTo72   system_stm32f10x.o
    0x08003b0c   0x08003b0c   0x0000003c   Code   RO         1887    i.SoftI2c_CheckDevice  bsp_mcu_softi2c.o
    0x08003b48   0x08003b48   0x0000001e   Code   RO         1888    i.SoftI2c_Init      bsp_mcu_softi2c.o
    0x08003b66   0x08003b66   0x00000060   Code   RO         1889    i.SoftI2c_read_byte  bsp_mcu_softi2c.o
    0x08003bc6   0x08003bc6   0x00000166   Code   RO         1890    i.SoftI2c_reads     bsp_mcu_softi2c.o
    0x08003d2c   0x08003d2c   0x00000048   Code   RO         1891    i.SoftI2c_send_ack  bsp_mcu_softi2c.o
    0x08003d74   0x08003d74   0x00000062   Code   RO         1892    i.SoftI2c_send_byte  bsp_mcu_softi2c.o
    0x08003dd6   0x08003dd6   0x00000040   Code   RO         1893    i.SoftI2c_send_no_ack  bsp_mcu_softi2c.o
    0x08003e16   0x08003e16   0x00000040   Code   RO         1894    i.SoftI2c_start     bsp_mcu_softi2c.o
    0x08003e56   0x08003e56   0x00000038   Code   RO         1895    i.SoftI2c_stop      bsp_mcu_softi2c.o
    0x08003e8e   0x08003e8e   0x00000054   Code   RO         1896    i.SoftI2c_wait_ack  bsp_mcu_softi2c.o
    0x08003ee2   0x08003ee2   0x0000014e   Code   RO         1897    i.SoftI2c_writes    bsp_mcu_softi2c.o
    0x08004030   0x08004030   0x0000001a   Code   RO         2417    i.StopMotorByRamp   app_motor_tmc429.o
    0x0800404a   0x0800404a   0x00000028   Code   RO          179    i.SysTick_CLKSourceConfig  misc.o
    0x08004072   0x08004072   0x00000002   PAD
    0x08004074   0x08004074   0x0000000c   Code   RO         1746    i.SysTick_GetTimer  bsp_mcu_systick.o
    0x08004080   0x08004080   0x00000010   Code   RO         1747    i.SysTick_Handler   bsp_mcu_systick.o
    0x08004090   0x08004090   0x0000002a   Code   RO         1748    i.SysTick_Init      bsp_mcu_systick.o
    0x080040ba   0x080040ba   0x00000002   PAD
    0x080040bc   0x080040bc   0x00000060   Code   RO          107    i.SystemInit        system_stm32f10x.o
    0x0800411c   0x0800411c   0x00000694   Code   RO         2418    i.TMC429_GetAxisParameter  app_motor_tmc429.o
    0x080047b0   0x080047b0   0x00000068   Code   RO         2419    i.TMC429_MotorRotate  app_motor_tmc429.o
    0x08004818   0x08004818   0x00000024   Code   RO         2420    i.TMC429_MotorStop  app_motor_tmc429.o
    0x0800483c   0x0800483c   0x00000108   Code   RO         2421    i.TMC429_MoveToPosition  app_motor_tmc429.o
    0x08004944   0x08004944   0x00000684   Code   RO         2423    i.TMC429_SetAxisParameter  app_motor_tmc429.o
    0x08004fc8   0x08004fc8   0x00000014   Code   RO         2564    i.UART3_DisableRX   app_serial.o
    0x08004fdc   0x08004fdc   0x00000014   Code   RO         2565    i.UART3_EnableRX    app_serial.o
    0x08004ff0   0x08004ff0   0x000000c8   Code   RO         1972    i.USART1_IRQHandler  bsp_mcu_uart.o
    0x080050b8   0x080050b8   0x000000d0   Code   RO         1973    i.USART3_IRQHandler  bsp_mcu_uart.o
    0x08005188   0x08005188   0x00000012   Code   RO         1112    i.USART_ClearFlag   stm32f10x_usart.o
    0x0800519a   0x0800519a   0x0000001e   Code   RO         1113    i.USART_ClearITPendingBit  stm32f10x_usart.o
    0x080051b8   0x080051b8   0x00000018   Code   RO         1116    i.USART_Cmd         stm32f10x_usart.o
    0x080051d0   0x080051d0   0x0000009c   Code   RO         1118    i.USART_DeInit      stm32f10x_usart.o
    0x0800526c   0x0800526c   0x0000001a   Code   RO         1119    i.USART_GetFlagStatus  stm32f10x_usart.o
    0x08005286   0x08005286   0x0000004a   Code   RO         1122    i.USART_ITConfig    stm32f10x_usart.o
    0x080052d0   0x080052d0   0x000000d8   Code   RO         1123    i.USART_Init        stm32f10x_usart.o
    0x080053a8   0x080053a8   0x0000000a   Code   RO         1130    i.USART_ReceiveData  stm32f10x_usart.o
    0x080053b2   0x080053b2   0x00000018   Code   RO         1139    i.USART_StructInit  stm32f10x_usart.o
    0x080053ca   0x080053ca   0x00000004   Code   RO            8    i.UsageFault_Handler  stm32f10x_it.o
    0x080053ce   0x080053ce   0x00000026   Code   RO         1651    i.Write429Bytes     bsp_motor_tmc429.o
    0x080053f4   0x080053f4   0x00000026   Code   RO         1653    i.Write429Int       bsp_motor_tmc429.o
    0x0800541a   0x0800541a   0x00000026   Code   RO         1654    i.Write429Short     bsp_motor_tmc429.o
    0x08005440   0x08005440   0x00000020   Code   RO         1655    i.Write429Zero      bsp_motor_tmc429.o
    0x08005460   0x08005460   0x00000068   Code   RO         2340    i.WritePageStringToEEPROM  app_eeprom_24xx.o
    0x080054c8   0x080054c8   0x00000020   Code   RO         2946    i.__0printf         mc_w.l(printfa.o)
    0x080054e8   0x080054e8   0x00000008   Code   RO         3041    i.__aeabi_errno_addr  mc_w.l(errno.o)
    0x080054f0   0x080054f0   0x0000000e   Code   RO         3071    i.__scatterload_copy  mc_w.l(handlers.o)
    0x080054fe   0x080054fe   0x00000002   Code   RO         3072    i.__scatterload_null  mc_w.l(handlers.o)
    0x08005500   0x08005500   0x0000000e   Code   RO         3073    i.__scatterload_zeroinit  mc_w.l(handlers.o)
    0x0800550e   0x0800550e   0x00000002   PAD
    0x08005510   0x08005510   0x00000184   Code   RO         2953    i._fp_digits        mc_w.l(printfa.o)
    0x08005694   0x08005694   0x000006dc   Code   RO         2954    i._printf_core      mc_w.l(printfa.o)
    0x08005d70   0x08005d70   0x00000024   Code   RO         2955    i._printf_post_padding  mc_w.l(printfa.o)
    0x08005d94   0x08005d94   0x0000002e   Code   RO         2956    i._printf_pre_padding  mc_w.l(printfa.o)
    0x08005dc2   0x08005dc2   0x00000002   PAD
    0x08005dc4   0x08005dc4   0x00000048   Code   RO         2293    i.buttonRESET_process  app_button.o
    0x08005e0c   0x08005e0c   0x0000007c   Code   RO         2295    i.buttonSTART_process  app_button.o
    0x08005e88   0x08005e88   0x0000000c   Code   RO         1772    i.delay_ms          bsp_mcu_delay.o
    0x08005e94   0x08005e94   0x00000012   Code   RO         1774    i.drv_mdelay        bsp_mcu_delay.o
    0x08005ea6   0x08005ea6   0x00000002   PAD
    0x08005ea8   0x08005ea8   0x00000020   Code   RO         1775    i.drv_udelay        bsp_mcu_delay.o
    0x08005ec8   0x08005ec8   0x000000ec   Code   RO         1529    i.ee_ReadBytes      bsp_eeprom_24xx.o
    0x08005fb4   0x08005fb4   0x000000ec   Code   RO         1530    i.ee_WriteBytes     bsp_eeprom_24xx.o
    0x080060a0   0x080060a0   0x0000001c   Code   RO         1974    i.fputc             bsp_mcu_uart.o
    0x080060bc   0x080060bc   0x0000001c   Code   RO         2237    i.getChInput        app_gpio_dido.o
    0x080060d8   0x080060d8   0x00000024   Code   RO         1815    i.get_pin           bsp_mcu_gpio.o
    0x080060fc   0x080060fc   0x00000098   Code   RO         2144    i.main              inc_mbtmc429.o
    0x08006194   0x08006194   0x000000d8   Code   RO         1817    i.pinMode           bsp_mcu_gpio.o
    0x0800626c   0x0800626c   0x00000024   Code   RO         1818    i.pinRead           bsp_mcu_gpio.o
    0x08006290   0x08006290   0x0000001e   Code   RO         1819    i.pinReset          bsp_mcu_gpio.o
    0x080062ae   0x080062ae   0x0000001e   Code   RO         1821    i.pinSet            bsp_mcu_gpio.o
    0x080062cc   0x080062cc   0x0000001a   Code   RO         1822    i.pinToggle         bsp_mcu_gpio.o
    0x080062e6   0x080062e6   0x00000018   Code   RO         1823    i.pinWrite          bsp_mcu_gpio.o
    0x080062fe   0x080062fe   0x00000002   PAD
    0x08006300   0x08006300   0x00000070   Code   RO         2296    i.printf_cmdList_button  app_button.o
    0x08006370   0x08006370   0x00000224   Code   RO         2342    i.printf_cmdList_eeprom  app_eeprom_24xx.o
    0x08006594   0x08006594   0x000000a4   Code   RO         2239    i.printf_cmdList_gpio  app_gpio_dido.o
    0x08006638   0x08006638   0x0000020c   Code   RO         2424    i.printf_cmdList_motor  app_motor_tmc429.o
    0x08006844   0x08006844   0x0000032c   Code   RO         2425    i.printf_cmdList_motor_get  app_motor_tmc429.o
    0x08006b70   0x08006b70   0x00000048   Code   RO         2426    i.printf_cmdList_motor_set  app_motor_tmc429.o
    0x08006bb8   0x08006bb8   0x00000060   Code   RO         2567    i.printf_cmdList_uart3  app_serial.o
    0x08006c18   0x08006c18   0x000000fc   Code   RO         2568    i.serial3_data_processing  app_serial.o
    0x08006d14   0x08006d14   0x00000018   Code   RO         2242    i.setChOutput       app_gpio_dido.o
    0x08006d2c   0x08006d2c   0x0000019c   Code   RO         2526    i.setPositionAsOrigin  app_motor_home.o
    0x08006ec8   0x08006ec8   0x000000ac   Code   RO         2145    i.user_show_version  inc_mbtmc429.o
    0x08006f74   0x08006f74   0x00000540   Data   RO         1826    .constdata          bsp_mcu_gpio.o
    0x080074b4   0x080074b4   0x00000081   Data   RO         3014    .constdata          mc_w.l(ctype_o.o)
    0x08007535   0x08007535   0x00000003   PAD
    0x08007538   0x08007538   0x00000004   Data   RO         3015    .constdata          mc_w.l(ctype_o.o)
    0x0800753c   0x0800753c   0x000005ab   Data   RO         2146    .conststring        inc_mbtmc429.o
    0x08007ae7   0x08007ae7   0x00000001   PAD
    0x08007ae8   0x08007ae8   0x00000041   Data   RO         2297    .conststring        app_button.o
    0x08007b29   0x08007b29   0x00000003   PAD
    0x08007b2c   0x08007b2c   0x00000041   Data   RO         2346    .conststring        app_eeprom_24xx.o
    0x08007b6d   0x08007b6d   0x00000003   PAD
    0x08007b70   0x08007b70   0x0000035e   Data   RO         2429    .conststring        app_motor_tmc429.o
    0x08007ece   0x08007ece   0x00000002   PAD
    0x08007ed0   0x08007ed0   0x00000020   Data   RO         3069    Region$$Table       anon$$obj.o


    Execution Region RW_IRAM1 (Exec base: 0x20000000, Load base: 0x08007ef0, Size: 0x00000698, Max: 0x00010000, ABSOLUTE, COMPRESSED[0x000000a0])

    Exec Addr    Load Addr    Size         Type   Attr      Idx    E Section Name        Object

    0x20000000   COMPRESSED   0x00000014   Data   RW          108    .data               system_stm32f10x.o
    0x20000014   COMPRESSED   0x00000014   Data   RW          390    .data               stm32f10x_rcc.o
    0x20000028   COMPRESSED   0x00000038   Data   RW         1532    .data               bsp_eeprom_24xx.o
    0x20000060   COMPRESSED   0x00000004   Data   RW         1749    .data               bsp_mcu_systick.o
    0x20000064   COMPRESSED   0x0000002c   Data   RW         1898    .data               bsp_mcu_softi2c.o
    0x20000090   COMPRESSED   0x00000004   Data   RW         1976    .data               bsp_mcu_uart.o
    0x20000094   COMPRESSED   0x00000002   Data   RW         2085    .data               bsp_mcu_exti.o
    0x20000096   COMPRESSED   0x00000009   Data   RW         2147    .data               inc_mbtmc429.o
    0x2000009f   COMPRESSED   0x00000017   Data   RW         2243    .data               app_gpio_dido.o
    0x200000b6   COMPRESSED   0x00000004   Data   RW         2298    .data               app_button.o
    0x200000ba   COMPRESSED   0x00000002   PAD
    0x200000bc   COMPRESSED   0x00000020   Data   RW         2347    .data               app_eeprom_24xx.o
    0x200000dc   COMPRESSED   0x00000046   Data   RW         2430    .data               app_motor_tmc429.o
    0x20000122   COMPRESSED   0x00000001   Data   RW         2527    .data               app_motor_home.o
    0x20000123   COMPRESSED   0x00000001   PAD
    0x20000124   COMPRESSED   0x0000000c   Data   RW         2569    .data               app_serial.o
    0x20000130   COMPRESSED   0x00000009   Data   RW         2677    .data               app_task_tick.o
    0x20000139   COMPRESSED   0x00000003   PAD
    0x2000013c   COMPRESSED   0x00000004   Data   RW         3006    .data               mc_w.l(stdout.o)
    0x20000140   COMPRESSED   0x00000004   Data   RW         3044    .data               mc_w.l(errno.o)
    0x20000144        -       0x000000fa   Zero   RW         1975    .bss                bsp_mcu_uart.o
    0x2000023e   COMPRESSED   0x00000002   PAD
    0x20000240        -       0x0000003c   Zero   RW         2345    .bss                app_eeprom_24xx.o
    0x2000027c        -       0x00000018   Zero   RW         2428    .bss                app_motor_tmc429.o
    0x20000294   COMPRESSED   0x00000004   PAD
    0x20000298        -       0x00000400   Zero   RW         1306    STACK               startup_stm32f10x_hd.o


==============================================================================

Image component sizes


      Code (inc. data)   RO Data    RW Data    ZI Data      Debug   Object Name

       504        242         65          4          0       2850   app_button.o
      1460        840         65         32         60       6335   app_eeprom_24xx.o
       648        300          0         23          0       3556   app_gpio_dido.o
      1032        210          0          1          0       3335   app_motor_home.o
      9930       3812        862         70         24      15774   app_motor_tmc429.o
       644        288          0         12          0       3692   app_serial.o
        44         10          0          0          0      16245   app_sys_control.o
       272         68          0          9          0       1321   app_task_tick.o
      1280         32          0         56          0      17625   bsp_eeprom_24xx.o
        62          8          0          0          0       6165   bsp_mcu_delay.o
       136         56          0          2          0       1365   bsp_mcu_exti.o
       398         26       1344          0          0       4919   bsp_mcu_gpio.o
      1316          0          0         44          0       8979   bsp_mcu_softi2c.o
       124         10          0          0          0        868   bsp_mcu_spi.o
        70         10          0          4          0       2076   bsp_mcu_systick.o
       936         54          0          4        250       6208   bsp_mcu_uart.o
       870         22          0          0          0       9853   bsp_motor_tmc429.o
         0          0          0          0          0         32   core_cm3.o
      2060       1282       1451          9          0       5234   inc_mbtmc429.o
       172         22          0          0          0      12677   misc.o
        36          8        304          0       1024        836   startup_stm32f10x_hd.o
        12          6          0          0          0        541   stm32f10x_exti.o
       448          6          0          0          0      13054   stm32f10x_gpio.o
        24          0          0          0          0     227816   stm32f10x_it.o
       340         44          0         20          0      14536   stm32f10x_rcc.o
        28          0          0          0          0       9789   stm32f10x_spi.o
       578         28          0          0          0      13522   stm32f10x_usart.o
       328         28          0         20          0     205657   system_stm32f10x.o

    ----------------------------------------------------------------------
     23776       7412       4132        316       1364     614860   Object Totals
         0          0         32          0          0          0   (incl. Generated)
        24          0          9          6          6          0   (incl. Padding)

    ----------------------------------------------------------------------

      Code (inc. data)   RO Data    RW Data    ZI Data      Debug   Library Member Name

        86          0          0          0          0          0   __dczerorl2.o
        28          0          0          0          0         68   _chval.o
       158          0          0          0          0         92   _strtoul.o
         8          4        133          0          0         68   ctype_o.o
         0          0          0          0          0          0   entry.o
         0          0          0          0          0          0   entry10a.o
         0          0          0          0          0          0   entry11a.o
         8          4          0          0          0          0   entry2.o
         4          0          0          0          0          0   entry5.o
         0          0          0          0          0          0   entry7b.o
         0          0          0          0          0          0   entry8b.o
         8          4          0          0          0          0   entry9a.o
         8          4          0          4          0         68   errno.o
        30          0          0          0          0          0   handlers.o
        36          8          0          0          0         68   init.o
         0          0          0          0          0          0   iusefp.o
        30          0          0          0          0         68   llshl.o
        36          0          0          0          0         68   llsshr.o
        32          0          0          0          0         68   llushr.o
      2258         90          0          0          0        452   printfa.o
         0          0          0          4          0          0   stdout.o
        28          0          0          0          0         76   strcmp.o
        14          0          0          0          0         68   strlen.o
        30          0          0          0          0         80   strncmp.o
       112          0          0          0          0         88   strtol.o
        44          0          0          0          0         80   uidiv.o
        98          0          0          0          0         92   uldiv.o
        48          0          0          0          0         68   cdrcmple.o
        56          0          0          0          0         88   d2f.o
       334          0          0          0          0        148   dadd.o
       222          0          0          0          0        100   ddiv.o
       186          0          0          0          0        176   depilogue.o
        62          0          0          0          0         80   dfixi.o
        48          0          0          0          0         68   dfixul.o
        34          0          0          0          0         76   dflti.o
        26          0          0          0          0         76   dfltui.o
       228          0          0          0          0         96   dmul.o
        38          0          0          0          0         68   f2d.o
       110          0          0          0          0        168   fepilogue.o

    ----------------------------------------------------------------------
      4452        114        136          8          0       2716   Library Totals
         4          0          3          0          0          0   (incl. Padding)

    ----------------------------------------------------------------------

      Code (inc. data)   RO Data    RW Data    ZI Data      Debug   Library Name

      3056        114        133          8          0       1504   mc_w.l
      1392          0          0          0          0       1212   mf_w.l

    ----------------------------------------------------------------------
      4452        114        136          8          0       2716   Library Totals

    ----------------------------------------------------------------------

==============================================================================


      Code (inc. data)   RO Data    RW Data    ZI Data      Debug   

     28228       7526       4268        324       1364     609332   Grand Totals
     28228       7526       4268        160       1364     609332   ELF Image Totals (compressed)
     28228       7526       4268        160          0          0   ROM Totals

==============================================================================

    Total RO  Size (Code + RO Data)                32496 (  31.73kB)
    Total RW  Size (RW Data + ZI Data)              1688 (   1.65kB)
    Total ROM Size (Code + RO Data + RW Data)      32656 (  31.89kB)

==============================================================================

