Component: ARM Compiler 5.06 update 5 (build 528) Tool: armlink [4d35e2]

==============================================================================

Section Cross References

    system_stm32f10x.o(i.SetSysClock) refers to system_stm32f10x.o(i.SetSysClockTo72) for SetSysClockTo72
    system_stm32f10x.o(i.SystemCoreClockUpdate) refers to system_stm32f10x.o(.data) for SystemCoreClock
    system_stm32f10x.o(i.SystemInit) refers to system_stm32f10x.o(i.SetSysClock) for SetSysClock
    stm32f10x_gpio.o(i.GPIO_AFIODeInit) refers to stm32f10x_rcc.o(i.RCC_APB2PeriphResetCmd) for RCC_APB2PeriphResetCmd
    stm32f10x_gpio.o(i.GPIO_DeInit) refers to stm32f10x_rcc.o(i.RCC_APB2PeriphResetCmd) for RCC_APB2PeriphResetCmd
    stm32f10x_rcc.o(i.RCC_GetClocksFreq) refers to stm32f10x_rcc.o(.data) for APBAHBPrescTable
    stm32f10x_rcc.o(i.RCC_WaitForHSEStartUp) refers to stm32f10x_rcc.o(i.RCC_GetFlagStatus) for RCC_GetFlagStatus
    stm32f10x_tim.o(i.TIM_DeInit) refers to stm32f10x_rcc.o(i.RCC_APB2PeriphResetCmd) for RCC_APB2PeriphResetCmd
    stm32f10x_tim.o(i.TIM_DeInit) refers to stm32f10x_rcc.o(i.RCC_APB1PeriphResetCmd) for RCC_APB1PeriphResetCmd
    stm32f10x_tim.o(i.TIM_ETRClockMode1Config) refers to stm32f10x_tim.o(i.TIM_ETRConfig) for TIM_ETRConfig
    stm32f10x_tim.o(i.TIM_ETRClockMode2Config) refers to stm32f10x_tim.o(i.TIM_ETRConfig) for TIM_ETRConfig
    stm32f10x_tim.o(i.TIM_ICInit) refers to stm32f10x_tim.o(i.TI1_Config) for TI1_Config
    stm32f10x_tim.o(i.TIM_ICInit) refers to stm32f10x_tim.o(i.TIM_SetIC1Prescaler) for TIM_SetIC1Prescaler
    stm32f10x_tim.o(i.TIM_ICInit) refers to stm32f10x_tim.o(i.TI2_Config) for TI2_Config
    stm32f10x_tim.o(i.TIM_ICInit) refers to stm32f10x_tim.o(i.TIM_SetIC2Prescaler) for TIM_SetIC2Prescaler
    stm32f10x_tim.o(i.TIM_ICInit) refers to stm32f10x_tim.o(i.TI3_Config) for TI3_Config
    stm32f10x_tim.o(i.TIM_ICInit) refers to stm32f10x_tim.o(i.TIM_SetIC3Prescaler) for TIM_SetIC3Prescaler
    stm32f10x_tim.o(i.TIM_ICInit) refers to stm32f10x_tim.o(i.TI4_Config) for TI4_Config
    stm32f10x_tim.o(i.TIM_ICInit) refers to stm32f10x_tim.o(i.TIM_SetIC4Prescaler) for TIM_SetIC4Prescaler
    stm32f10x_tim.o(i.TIM_ITRxExternalClockConfig) refers to stm32f10x_tim.o(i.TIM_SelectInputTrigger) for TIM_SelectInputTrigger
    stm32f10x_tim.o(i.TIM_PWMIConfig) refers to stm32f10x_tim.o(i.TI1_Config) for TI1_Config
    stm32f10x_tim.o(i.TIM_PWMIConfig) refers to stm32f10x_tim.o(i.TIM_SetIC1Prescaler) for TIM_SetIC1Prescaler
    stm32f10x_tim.o(i.TIM_PWMIConfig) refers to stm32f10x_tim.o(i.TI2_Config) for TI2_Config
    stm32f10x_tim.o(i.TIM_PWMIConfig) refers to stm32f10x_tim.o(i.TIM_SetIC2Prescaler) for TIM_SetIC2Prescaler
    stm32f10x_tim.o(i.TIM_TIxExternalClockConfig) refers to stm32f10x_tim.o(i.TI2_Config) for TI2_Config
    stm32f10x_tim.o(i.TIM_TIxExternalClockConfig) refers to stm32f10x_tim.o(i.TI1_Config) for TI1_Config
    stm32f10x_tim.o(i.TIM_TIxExternalClockConfig) refers to stm32f10x_tim.o(i.TIM_SelectInputTrigger) for TIM_SelectInputTrigger
    stm32f10x_usart.o(i.USART_DeInit) refers to stm32f10x_rcc.o(i.RCC_APB2PeriphResetCmd) for RCC_APB2PeriphResetCmd
    stm32f10x_usart.o(i.USART_DeInit) refers to stm32f10x_rcc.o(i.RCC_APB1PeriphResetCmd) for RCC_APB1PeriphResetCmd
    stm32f10x_usart.o(i.USART_Init) refers to stm32f10x_rcc.o(i.RCC_GetClocksFreq) for RCC_GetClocksFreq
    startup_stm32f10x_hd.o(RESET) refers to startup_stm32f10x_hd.o(STACK) for __initial_sp
    startup_stm32f10x_hd.o(RESET) refers to startup_stm32f10x_hd.o(.text) for Reset_Handler
    startup_stm32f10x_hd.o(RESET) refers to stm32f10x_it.o(i.NMI_Handler) for NMI_Handler
    startup_stm32f10x_hd.o(RESET) refers to stm32f10x_it.o(i.HardFault_Handler) for HardFault_Handler
    startup_stm32f10x_hd.o(RESET) refers to stm32f10x_it.o(i.MemManage_Handler) for MemManage_Handler
    startup_stm32f10x_hd.o(RESET) refers to stm32f10x_it.o(i.BusFault_Handler) for BusFault_Handler
    startup_stm32f10x_hd.o(RESET) refers to stm32f10x_it.o(i.UsageFault_Handler) for UsageFault_Handler
    startup_stm32f10x_hd.o(RESET) refers to stm32f10x_it.o(i.SVC_Handler) for SVC_Handler
    startup_stm32f10x_hd.o(RESET) refers to stm32f10x_it.o(i.DebugMon_Handler) for DebugMon_Handler
    startup_stm32f10x_hd.o(RESET) refers to stm32f10x_it.o(i.PendSV_Handler) for PendSV_Handler
    startup_stm32f10x_hd.o(RESET) refers to bsp_mcu_systick.o(i.SysTick_Handler) for SysTick_Handler
    startup_stm32f10x_hd.o(RESET) refers to bsp_mcu_exti.o(i.EXTI2_IRQHandler) for EXTI2_IRQHandler
    startup_stm32f10x_hd.o(RESET) refers to bsp_mcu_uart.o(i.USART1_IRQHandler) for USART1_IRQHandler
    startup_stm32f10x_hd.o(RESET) refers to bsp_mcu_uart.o(i.USART3_IRQHandler) for USART3_IRQHandler
    startup_stm32f10x_hd.o(.text) refers to system_stm32f10x.o(i.SystemInit) for SystemInit
    startup_stm32f10x_hd.o(.text) refers to entry.o(.ARM.Collect$$$$00000000) for __main
[...]
    i.Command_analysis_button                0x08000fa0   Section        0  app_button.o(i.Command_analysis_button)
    i.Command_analysis_dido                  0x08001064   Section        0  app_gpio_dido.o(i.Command_analysis_dido)
    i.Command_analysis_eeprom                0x08001214   Section        0  app_eeprom_24xx.o(i.Command_analysis_eeprom)
    i.Command_analysis_motor                 0x080014a4   Section        0  app_motor_tmc429.o(i.Command_analysis_motor)
    i.Command_analysis_motor_get             0x08001a7c   Section        0  app_motor_tmc429.o(i.Command_analysis_motor_get)
    i.Command_analysis_motor_set             0x08001e8c   Section        0  app_motor_tmc429.o(i.Command_analysis_motor_set)
    i.Command_analysis_uart3                 0x0800229c   Section        0  app_serial.o(i.Command_analysis_uart3)
    i.DebugMon_Handler                       0x08002364   Section        0  stm32f10x_it.o(i.DebugMon_Handler)
    i.EXTI2_IRQHandler                       0x08002368   Section        0  bsp_mcu_exti.o(i.EXTI2_IRQHandler)
    i.EXTI_ClearITPendingBit                 0x080023dc   Section        0  stm32f10x_exti.o(i.EXTI_ClearITPendingBit)
    i.EXTI_Init                              0x080023e8   Section        0  stm32f10x_exti.o(i.EXTI_Init)
    i.EXTI_Init_IN8                          0x0800247c   Section        0  bsp_mcu_exti.o(i.EXTI_Init_IN8)
    i.EnableInterrupts                       0x080024ec   Section        0  app_sys_control.o(i.EnableInterrupts)
    i.GPIO_EXTILineConfig                    0x080024f0   Section        0  stm32f10x_gpio.o(i.GPIO_EXTILineConfig)
    i.GPIO_Init                              0x08002530   Section        0  stm32f10x_gpio.o(i.GPIO_Init)
    i.GPIO_PinRemapConfig                    0x08002648   Section        0  stm32f10x_gpio.o(i.GPIO_PinRemapConfig)
    i.GPIO_ReadInputDataBit                  0x080026d8   Section        0  stm32f10x_gpio.o(i.GPIO_ReadInputDataBit)
    i.GPIO_ResetBits                         0x080026ea   Section        0  stm32f10x_gpio.o(i.GPIO_ResetBits)
    i.GPIO_SetBits                           0x080026ee   Section        0  stm32f10x_gpio.o(i.GPIO_SetBits)
    i.HardFault_Handler                      0x080026f2   Section        0  stm32f10x_it.o(i.HardFault_Handler)
    i.HardStop                               0x080026f6   Section        0  bsp_motor_tmc429.o(i.HardStop)
    i.Init429                                0x0800271c   Section        0  app_motor_tmc429.o(i.Init429)
    i.InitUART_1                             0x08002818   Section        0  bsp_mcu_uart.o(i.InitUART_1)
    i.InitUART_2                             0x0800290c   Section        0  bsp_mcu_uart.o(i.InitUART_2)
    i.LoadParamFromEeprom                    0x08002a0c   Section        0  app_eeprom_24xx.o(i.LoadParamFromEeprom)
    LoadParamFromEeprom                      0x08002a0d   Thumb Code   152  app_eeprom_24xx.o(i.LoadParamFromEeprom)
    i.MemManage_Handler                      0x08002b74   Section        0  stm32f10x_it.o(i.MemManage_Handler)
    i.MotorAutoReset_preset                  0x08002b78   Section        0  app_motor_home.o(i.MotorAutoReset_preset)
    i.MotorHomingWithHomeSensor              0x08002ca4   Section        0  app_motor_home.o(i.MotorHomingWithHomeSensor)
    i.MotorHomingWithLimitSwitch             0x08002d8c   Section        0  app_motor_home.o(i.MotorHomingWithLimitSwitch)
    i.NMI_Handler                            0x08002de4   Section        0  stm32f10x_it.o(i.NMI_Handler)
    i.NVIC_Init                              0x08002de8   Section        0  misc.o(i.NVIC_Init)
    i.NVIC_PriorityGroupConfig               0x08002e58   Section        0  misc.o(i.NVIC_PriorityGroupConfig)
    i.PendSV_Handler                         0x08002e6c   Section        0  stm32f10x_it.o(i.PendSV_Handler)
    i.PrintfUart3DataToUart1                 0x08002e70   Section        0  app_serial.o(i.PrintfUart3DataToUart1)
    i.RCC_APB1PeriphClockCmd                 0x08002e9c   Section        0  stm32f10x_rcc.o(i.RCC_APB1PeriphClockCmd)
    i.RCC_APB1PeriphResetCmd                 0x08002ebc   Section        0  stm32f10x_rcc.o(i.RCC_APB1PeriphResetCmd)
    i.RCC_APB2PeriphClockCmd                 0x08002edc   Section        0  stm32f10x_rcc.o(i.RCC_APB2PeriphClockCmd)
    i.RCC_APB2PeriphResetCmd                 0x08002efc   Section        0  stm32f10x_rcc.o(i.RCC_APB2PeriphResetCmd)
    i.RCC_GetClocksFreq                      0x08002f1c   Section        0  stm32f10x_rcc.o(i.RCC_GetClocksFreq)
    i.Read429Bytes                           0x08002ff0   Section        0  bsp_motor_tmc429.o(i.Read429Bytes)
    i.Read429Int                             0x0800301e   Section        0  bsp_motor_tmc429.o(i.Read429Int)
    i.Read429Short                           0x08003058   Section        0  bsp_motor_tmc429.o(i.Read429Short)
    i.Read429SingleByte                      0x0800308c   Section        0  bsp_motor_tmc429.o(i.Read429SingleByte)
    i.Read429Status                          0x080030a8   Section        0  bsp_motor_tmc429.o(i.Read429Status)
    i.ReadPageStringFromEEPROM               0x080030b8   Section        0  app_eeprom_24xx.o(i.ReadPageStringFromEEPROM)
    ReadPageStringFromEEPROM                 0x080030b9   Thumb Code    90  app_eeprom_24xx.o(i.ReadPageStringFromEEPROM)
    i.ReadWrite429                           0x0800311c   Section        0  bsp_motor_tmc429.o(i.ReadWrite429)
    i.ReadWriteSPI1                          0x08003154   Section        0  bsp_mcu_spi.o(i.ReadWriteSPI1)
    i.ResetCPU                               0x080031d0   Section        0  app_sys_control.o(i.ResetCPU)
    i.SPI1_Init                              0x080031f8   Section        0  bsp_mcu_spi.o(i.SPI1_Init)
    i.SPI_Cmd                                0x08003294   Section        0  stm32f10x_spi.o(i.SPI_Cmd)
    i.SPI_I2S_GetFlagStatus                  0x080032ac   Section        0  stm32f10x_spi.o(i.SPI_I2S_GetFlagStatus)
    i.SPI_I2S_ReceiveData                    0x080032be   Section        0  stm32f10x_spi.o(i.SPI_I2S_ReceiveData)
    i.SPI_I2S_SendData                       0x080032c4   Section        0  stm32f10x_spi.o(i.SPI_I2S_SendData)
    i.SPI_Init                               0x080032c8   Section        0  stm32f10x_spi.o(i.SPI_Init)
    i.SVC_Handler                            0x08003304   Section        0  stm32f10x_it.o(i.SVC_Handler)
    i.SaveParamToEeprom                      0x08003308   Section        0  app_eeprom_24xx.o(i.SaveParamToEeprom)
    SaveParamToEeprom                        0x08003309   Thumb Code    40  app_eeprom_24xx.o(i.SaveParamToEeprom)
    i.Set429RampMode                         0x0800333c   Section        0  bsp_motor_tmc429.o(i.Set429RampMode)
    i.SetAMax                                0x08003384   Section        0  bsp_motor_tmc429.o(i.SetAMax)
    i.SetAmaxAutoByspeed                     0x080034f0   Section        0  app_motor_tmc429.o(i.SetAmaxAutoByspeed)
    i.SetSysClock                            0x080038b0   Section        0  system_stm32f10x.o(i.SetSysClock)
    SetSysClock                              0x080038b1   Thumb Code     8  system_stm32f10x.o(i.SetSysClock)
    i.SetSysClockTo72                        0x080038b8   Section        0  system_stm32f10x.o(i.SetSysClockTo72)
    SetSysClockTo72                          0x080038b9   Thumb Code   214  system_stm32f10x.o(i.SetSysClockTo72)
    i.SoftI2c_CheckDevice                    0x08003998   Section        0  bsp_mcu_softi2c.o(i.SoftI2c_CheckDevice)
    i.SoftI2c_Init                           0x080039d4   Section        0  bsp_mcu_softi2c.o(i.SoftI2c_Init)
    i.SoftI2c_read_byte                      0x080039f2   Section        0  bsp_mcu_softi2c.o(i.SoftI2c_read_byte)
    i.SoftI2c_reads                          0x08003a52   Section        0  bsp_mcu_softi2c.o(i.SoftI2c_reads)
    i.SoftI2c_send_ack                       0x08003bb8   Section        0  bsp_mcu_softi2c.o(i.SoftI2c_send_ack)
    i.SoftI2c_send_byte                      0x08003c00   Section        0  bsp_mcu_softi2c.o(i.SoftI2c_send_byte)
    i.SoftI2c_send_no_ack                    0x08003c62   Section        0  bsp_mcu_softi2c.o(i.SoftI2c_send_no_ack)
    i.SoftI2c_start                          0x08003ca2   Section        0  bsp_mcu_softi2c.o(i.SoftI2c_start)
    i.SoftI2c_stop                           0x08003ce2   Section        0  bsp_mcu_softi2c.o(i.SoftI2c_stop)
    i.SoftI2c_wait_ack                       0x08003d1a   Section        0  bsp_mcu_softi2c.o(i.SoftI2c_wait_ack)
    i.SoftI2c_writes                         0x08003d6e   Section        0  bsp_mcu_softi2c.o(i.SoftI2c_writes)
    i.StopMotorByRamp                        0x08003ebc   Section        0  app_motor_tmc429.o(i.StopMotorByRamp)
    i.SysTick_CLKSourceConfig                0x08003ed6   Section        0  misc.o(i.SysTick_CLKSourceConfig)
    i.SysTick_GetTimer                       0x08003f00   Section        0  bsp_mcu_systick.o(i.SysTick_GetTimer)
    i.SysTick_Handler                        0x08003f0c   Section        0  bsp_mcu_systick.o(i.SysTick_Handler)
    i.SysTick_Init                           0x08003f1c   Section        0  bsp_mcu_systick.o(i.SysTick_Init)
    i.SystemInit                             0x08003f48   Section        0  system_stm32f10x.o(i.SystemInit)
    i.TIM3_PWM_Init                          0x08003fa8   Section        0  bsp_mcu_timer.o(i.TIM3_PWM_Init)
    TIM3_PWM_Init                            0x08003fa9   Thumb Code   122  bsp_mcu_timer.o(i.TIM3_PWM_Init)
    i.TIM_Cmd                                0x0800402c   Section        0  stm32f10x_tim.o(i.TIM_Cmd)
    i.TIM_OC3Init                            0x08004044   Section        0  stm32f10x_tim.o(i.TIM_OC3Init)
    i.TIM_OC3PreloadConfig                   0x080040e4   Section        0  stm32f10x_tim.o(i.TIM_OC3PreloadConfig)
    i.TIM_SetCompare3                        0x080040f6   Section        0  stm32f10x_tim.o(i.TIM_SetCompare3)
    i.TIM_TimeBaseInit                       0x080040fc   Section        0  stm32f10x_tim.o(i.TIM_TimeBaseInit)
    i.TMC429_CLK_Init                        0x080041a0   Section        0  bsp_mcu_timer.o(i.TMC429_CLK_Init)
    i.TMC429_GetAxisParameter                0x080041b8   Section        0  app_motor_tmc429.o(i.TMC429_GetAxisParameter)
    TMC429_GetAxisParameter                  0x080041b9   Thumb Code   856  app_motor_tmc429.o(i.TMC429_GetAxisParameter)
    i.TMC429_MotorRotate                     0x0800484c   Section        0  app_motor_tmc429.o(i.TMC429_MotorRotate)
    i.TMC429_MotorStop                       0x080048b4   Section        0  app_motor_tmc429.o(i.TMC429_MotorStop)
    i.TMC429_MoveToPosition                  0x080048d8   Section        0  app_motor_tmc429.o(i.TMC429_MoveToPosition)
    TMC429_MoveToPosition                    0x080048d9   Thumb Code   158  app_motor_tmc429.o(i.TMC429_MoveToPosition)
    i.TMC429_ParameterPresetToRam            0x080049e0   Section        0  app_motor_tmc429.o(i.TMC429_ParameterPresetToRam)
    TMC429_ParameterPresetToRam              0x080049e1   Thumb Code   120  app_motor_tmc429.o(i.TMC429_ParameterPresetToRam)
    i.TMC429_SetAxisParameter                0x08004a68   Section        0  app_motor_tmc429.o(i.TMC429_SetAxisParameter)
    TMC429_SetAxisParameter                  0x08004a69   Thumb Code   964  app_motor_tmc429.o(i.TMC429_SetAxisParameter)
    i.Task2_every_ms                         0x080050ec   Section        0  app_sys_control.o(i.Task2_every_ms)
    i.UART3_Disable                          0x08005140   Section        0  app_serial.o(i.UART3_Disable)
    i.UART3_Enable                           0x08005160   Section        0  app_serial.o(i.UART3_Enable)
    i.USART1_IRQHandler                      0x08005180   Section        0  bsp_mcu_uart.o(i.USART1_IRQHandler)
    i.USART3_IRQHandler                      0x08005248   Section        0  bsp_mcu_uart.o(i.USART3_IRQHandler)
    i.USART_ClearFlag                        0x08005318   Section        0  stm32f10x_usart.o(i.USART_ClearFlag)
    i.USART_ClearITPendingBit                0x0800532a   Section        0  stm32f10x_usart.o(i.USART_ClearITPendingBit)
    i.USART_Cmd                              0x08005348   Section        0  stm32f10x_usart.o(i.USART_Cmd)
    i.USART_DeInit                           0x08005360   Section        0  stm32f10x_usart.o(i.USART_DeInit)
    i.USART_GetFlagStatus                    0x080053fc   Section        0  stm32f10x_usart.o(i.USART_GetFlagStatus)
    i.USART_ITConfig                         0x08005416   Section        0  stm32f10x_usart.o(i.USART_ITConfig)
    i.USART_Init                             0x08005460   Section        0  stm32f10x_usart.o(i.USART_Init)
    i.USART_ReceiveData                      0x08005538   Section        0  stm32f10x_usart.o(i.USART_ReceiveData)
    i.USART_StructInit                       0x08005542   Section        0  stm32f10x_usart.o(i.USART_StructInit)
    i.UsageFault_Handler                     0x0800555a   Section        0  stm32f10x_it.o(i.UsageFault_Handler)
    i.Write429Bytes                          0x0800555e   Section        0  bsp_motor_tmc429.o(i.Write429Bytes)
    i.Write429Datagram                       0x08005584   Section        0  bsp_motor_tmc429.o(i.Write429Datagram)
    i.Write429Int                            0x080055ac   Section        0  bsp_motor_tmc429.o(i.Write429Int)
    i.Write429Short                          0x080055d2   Section        0  bsp_motor_tmc429.o(i.Write429Short)
    i.Write429Zero                           0x080055f8   Section        0  bsp_motor_tmc429.o(i.Write429Zero)
    i.WritePageStringToEEPROM                0x08005618   Section        0  app_eeprom_24xx.o(i.WritePageStringToEEPROM)
    WritePageStringToEEPROM                  0x08005619   Thumb Code    94  app_eeprom_24xx.o(i.WritePageStringToEEPROM)
    i.__0printf                              0x08005680   Section        0  printfa.o(i.__0printf)
    i.__aeabi_errno_addr                     0x080056a0   Section        0  errno.o(i.__aeabi_errno_addr)
    i.__scatterload_copy                     0x080056a8   Section       14  handlers.o(i.__scatterload_copy)
    i.__scatterload_null                     0x080056b6   Section        2  handlers.o(i.__scatterload_null)
    i.__scatterload_zeroinit                 0x080056b8   Section       14  handlers.o(i.__scatterload_zeroinit)
    i._fp_digits                             0x080056c8   Section        0  printfa.o(i._fp_digits)
    _fp_digits                               0x080056c9   Thumb Code   366  printfa.o(i._fp_digits)
    i._printf_core                           0x0800584c   Section        0  printfa.o(i._printf_core)
    _printf_core                             0x0800584d   Thumb Code  1744  printfa.o(i._printf_core)
    i._printf_post_padding                   0x08005f28   Section        0  printfa.o(i._printf_post_padding)
    _printf_post_padding                     0x08005f29   Thumb Code    36  printfa.o(i._printf_post_padding)
    i._printf_pre_padding                    0x08005f4c   Section        0  printfa.o(i._printf_pre_padding)
    _printf_pre_padding                      0x08005f4d   Thumb Code    46  printfa.o(i._printf_pre_padding)
    i.at24cxx_hw_init                        0x08005f7c   Section        0  app_eeprom_24xx.o(i.at24cxx_hw_init)
    i.buttonRESET_process                    0x08006030   Section        0  app_button.o(i.buttonRESET_process)
    i.buttonSTART_process                    0x08006078   Section        0  app_button.o(i.buttonSTART_process)
    i.delay_ms                               0x080060f4   Section        0  bsp_mcu_delay.o(i.delay_ms)
    i.delay_us                               0x08006106   Section        0  bsp_mcu_delay.o(i.delay_us)
    i.dido_hw_init                           0x08006144   Section        0  app_gpio_dido.o(i.dido_hw_init)
    i.drv_mdelay                             0x080061d4   Section        0  bsp_mcu_delay.o(i.drv_mdelay)
    i.drv_udelay                             0x080061e8   Section        0  bsp_mcu_delay.o(i.drv_udelay)
    i.ee_ReadBytes                           0x08006208   Section        0  bsp_eeprom_24xx.o(i.ee_ReadBytes)
    i.ee_WriteBytes                          0x080062f4   Section        0  bsp_eeprom_24xx.o(i.ee_WriteBytes)
    i.fputc                                  0x080063e0   Section        0  bsp_mcu_uart.o(i.fputc)
    i.getChInput                             0x080063fc   Section        0  app_gpio_dido.o(i.getChInput)
    i.get_pin                                0x08006418   Section        0  bsp_mcu_gpio.o(i.get_pin)
    get_pin                                  0x08006419   Thumb Code    30  bsp_mcu_gpio.o(i.get_pin)
    i.main                                   0x0800643c   Section        0  inc_mbtmc429.o(i.main)
    i.pinMode                                0x08006544   Section        0  bsp_mcu_gpio.o(i.pinMode)
    i.pinRead                                0x0800661c   Section        0  bsp_mcu_gpio.o(i.pinRead)
    i.pinReset                               0x08006640   Section        0  bsp_mcu_gpio.o(i.pinReset)
    i.pinSWD_Init                            0x08006660   Section        0  bsp_mcu_gpio.o(i.pinSWD_Init)
    i.pinSet                                 0x08006678   Section        0  bsp_mcu_gpio.o(i.pinSet)
    i.pinToggle                              0x08006696   Section        0  bsp_mcu_gpio.o(i.pinToggle)
    i.pinWrite                               0x080066b0   Section        0  bsp_mcu_gpio.o(i.pinWrite)
    i.printf_cmdList_button                  0x080066c8   Section        0  app_button.o(i.printf_cmdList_button)
    printf_cmdList_button                    0x080066c9   Thumb Code    22  app_button.o(i.printf_cmdList_button)
    i.printf_cmdList_eeprom                  0x08006738   Section        0  app_eeprom_24xx.o(i.printf_cmdList_eeprom)
    printf_cmdList_eeprom                    0x08006739   Thumb Code    82  app_eeprom_24xx.o(i.printf_cmdList_eeprom)
    i.printf_cmdList_gpio                    0x0800695c   Section        0  app_gpio_dido.o(i.printf_cmdList_gpio)
    printf_cmdList_gpio                      0x0800695d   Thumb Code    28  app_gpio_dido.o(i.printf_cmdList_gpio)
    i.printf_cmdList_motor                   0x08006a00   Section        0  app_motor_tmc429.o(i.printf_cmdList_motor)
    printf_cmdList_motor                     0x08006a01   Thumb Code    76  app_motor_tmc429.o(i.printf_cmdList_motor)
    i.printf_cmdList_motor_get               0x08006c0c   Section        0  app_motor_tmc429.o(i.printf_cmdList_motor_get)
    printf_cmdList_motor_get                 0x08006c0d   Thumb Code    94  app_motor_tmc429.o(i.printf_cmdList_motor_get)
    i.printf_cmdList_motor_set               0x08006f38   Section        0  app_motor_tmc429.o(i.printf_cmdList_motor_set)
    printf_cmdList_motor_set                 0x08006f39   Thumb Code    40  app_motor_tmc429.o(i.printf_cmdList_motor_set)
    i.printf_cmdList_uart3                   0x08006f80   Section        0  app_serial.o(i.printf_cmdList_uart3)
    i.serial3_data_processing                0x08006fe0   Section        0  app_serial.o(i.serial3_data_processing)
    serial3_data_processing                  0x08006fe1   Thumb Code    90  app_serial.o(i.serial3_data_processing)
    i.setChOutput                            0x08007088   Section        0  app_gpio_dido.o(i.setChOutput)
    i.setPositionAsOrigin                    0x080070a0   Section        0  app_motor_home.o(i.setPositionAsOrigin)
    setPositionAsOrigin                      0x080070a1   Thumb Code   292  app_motor_home.o(i.setPositionAsOrigin)
    i.tmc429_hw_init                         0x0800723c   Section        0  app_motor_tmc429.o(i.tmc429_hw_init)
    .constdata                               0x080072d4   Section      200  bsp_eeprom_24xx.o(.constdata)
    .constdata                               0x0800739c   Section     1344  bsp_mcu_gpio.o(.constdata)
    pins                                     0x0800739c   Data        1344  bsp_mcu_gpio.o(.constdata)
    .constdata                               0x080078dc   Section      129  ctype_o.o(.constdata)
    .constdata                               0x08007960   Section        4  ctype_o.o(.constdata)
    table                                    0x08007960   Data           4  ctype_o.o(.constdata)
    .conststring                             0x08007964   Section       65  app_button.o(.conststring)
    .conststring                             0x080079a8   Section       65  app_eeprom_24xx.o(.conststring)
    .conststring                             0x080079ec   Section      862  app_motor_tmc429.o(.conststring)
    .data                                    0x20000000   Section       20  system_stm32f10x.o(.data)
    .data                                    0x20000014   Section       20  stm32f10x_rcc.o(.data)
    APBAHBPrescTable                         0x20000014   Data          16  stm32f10x_rcc.o(.data)
    ADCPrescTable                            0x20000024   Data           4  stm32f10x_rcc.o(.data)
    .data                                    0x20000028   Section       56  bsp_eeprom_24xx.o(.data)
    .data                                    0x20000060   Section        4  bsp_mcu_systick.o(.data)
    SysTick_u32Timer                         0x20000060   Data           4  bsp_mcu_systick.o(.data)
    .data                                    0x20000064   Section       44  bsp_mcu_softi2c.o(.data)
    .data                                    0x20000090   Section        4  bsp_mcu_uart.o(.data)
    .data                                    0x20000094   Section        7  inc_mbtmc429.o(.data)
    .data                                    0x2000009b   Section       23  app_gpio_dido.o(.data)
    .data                                    0x200000b2   Section        4  app_button.o(.data)
    buttonSTARTCNT                           0x200000b4   Data           1  app_button.o(.data)
    buttonRESETCNT                           0x200000b5   Data           1  app_button.o(.data)
    .data                                    0x200000b8   Section       32  app_eeprom_24xx.o(.data)
    .data                                    0x200000d8   Section       70  app_motor_tmc429.o(.data)
    SpeedChangedFlag                         0x20000118   Data           3  app_motor_tmc429.o(.data)
    MotorStopByLimit                         0x2000011b   Data           3  app_motor_tmc429.o(.data)
    .data                                    0x2000011e   Section        1  app_motor_home.o(.data)
    .data                                    0x2000011f   Section        3  app_serial.o(.data)
    uart3_enable                             0x2000011f   Data           1  app_serial.o(.data)
    DataRemoveCnt                            0x20000120   Data           1  app_serial.o(.data)
    AxisSpeedKeepZeroCnt                     0x20000121   Data           1  app_serial.o(.data)
    .data                                    0x20000124   Section       12  app_sys_control.o(.data)
    task1Delay                               0x20000124   Data           4  app_sys_control.o(.data)
    printStr5times                           0x20000128   Data           1  app_sys_control.o(.data)
    task2Delay                               0x2000012c   Data           4  app_sys_control.o(.data)
    .data                                    0x20000130   Section        4  stdout.o(.data)
    .data                                    0x20000134   Section        4  errno.o(.data)
    _errno                                   0x20000134   Data           4  errno.o(.data)
    .bss                                     0x20000138   Section      250  bsp_mcu_uart.o(.bss)
    .bss                                     0x20000234   Section       60  app_eeprom_24xx.o(.bss)
    .bss                                     0x20000270   Section       24  app_motor_tmc429.o(.bss)
    STACK                                    0x20000288   Section     1024  startup_stm32f10x_hd.o(STACK)

    Global Symbols

    Symbol Name                              Value     Ov Type        Size  Object(Section)

    BuildAttributes$$THM_ISAv4$P$D$K$B$S$PE$A:L22UL41UL21$X:L11$S22US41US21$IEEE1$IW$USESV6$~STKCKD$USESV7$~SHL$OTIME$ROPI$EBA8$MICROLIB$REQ8$PRES8$EABIv2 0x00000000   Number         0  anon$$obj.o ABSOLUTE
    __ARM_use_no_argv                        0x00000000   Number         0  inc_mbtmc429.o ABSOLUTE
    _printf_a                                0x00000000   Number         0  stubs.o ABSOLUTE
    _printf_c                                0x00000000   Number         0  stubs.o ABSOLUTE
    _printf_charcount                        0x00000000   Number         0  stubs.o ABSOLUTE
    _printf_d                                0x00000000   Number         0  stubs.o ABSOLUTE
    _printf_e                                0x00000000   Number         0  stubs.o ABSOLUTE
    _printf_f                                0x00000000   Number         0  stubs.o ABSOLUTE
    _printf_flags                            0x00000000   Number         0  stubs.o ABSOLUTE
    _printf_fp_dec                           0x00000000   Number         0  stubs.o ABSOLUTE
    _printf_fp_hex                           0x00000000   Number         0  stubs.o ABSOLUTE
    _printf_g                                0x00000000   Number         0  stubs.o ABSOLUTE
    _printf_i                                0x00000000   Number         0  stubs.o ABSOLUTE
    _printf_int_dec                          0x00000000   Number         0  stubs.o ABSOLUTE
    _printf_l                                0x00000000   Number         0  stubs.o ABSOLUTE
    _printf_lc                               0x00000000   Number         0  stubs.o ABSOLUTE
    _printf_ll                               0x00000000   Number         0  stubs.o ABSOLUTE
    _printf_lld                              0x00000000   Number         0  stubs.o ABSOLUTE
    _printf_lli                              0x00000000   Number         0  stubs.o ABSOLUTE
    _printf_llo                              0x00000000   Number         0  stubs.o ABSOLUTE
    _printf_llu                              0x00000000   Number         0  stubs.o ABSOLUTE
    _printf_llx                              0x00000000   Number         0  stubs.o ABSOLUTE
    _printf_longlong_dec                     0x00000000   Number         0  stubs.o ABSOLUTE
    _printf_longlong_hex                     0x00000000   Number         0  stubs.o ABSOLUTE
    _printf_longlong_oct                     0x00000000   Number         0  stubs.o ABSOLUTE
    _printf_ls                               0x00000000   Number         0  stubs.o ABSOLUTE
    _printf_mbtowc                           0x00000000   Number         0  stubs.o ABSOLUTE
    _printf_n                                0x00000000   Number         0  stubs.o ABSOLUTE
    _printf_o                                0x00000000   Number         0  stubs.o ABSOLUTE
    _printf_p                                0x00000000   Number         0  stubs.o ABSOLUTE
    _printf_percent                          0x00000000   Number         0  stubs.o ABSOLUTE
    _printf_pre_padding                      0x00000000   Number         0  stubs.o ABSOLUTE
    _printf_return_value                     0x00000000   Number         0  stubs.o ABSOLUTE
    _printf_s                                0x00000000   Number         0  stubs.o ABSOLUTE
    _printf_sizespec                         0x00000000   Number         0  stubs.o ABSOLUTE
    _printf_str                              0x00000000   Number         0  stubs.o ABSOLUTE
    _printf_truncate_signed                  0x00000000   Number         0  stubs.o ABSOLUTE
    _printf_truncate_unsigned                0x00000000   Number         0  stubs.o ABSOLUTE
    _printf_u                                0x00000000   Number         0  stubs.o ABSOLUTE
    _printf_wc                               0x00000000   Number         0  stubs.o ABSOLUTE
    _printf_wctomb                           0x00000000   Number         0  stubs.o ABSOLUTE
    _printf_widthprec                        0x00000000   Number         0  stubs.o ABSOLUTE
    _printf_x                                0x00000000   Number         0  stubs.o ABSOLUTE
    __cpp_initialize__aeabi_                  - Undefined Weak Reference
    __cxa_finalize                            - Undefined Weak Reference
    _clock_init                               - Undefined Weak Reference
    _microlib_exit                            - Undefined Weak Reference
    __Vectors_Size                           0x00000130   Number         0  startup_stm32f10x_hd.o ABSOLUTE
    __Vectors                                0x08000000   Data           4  startup_stm32f10x_hd.o(RESET)
    __Vectors_End                            0x08000130   Data           0  startup_stm32f10x_hd.o(RESET)
    __main                                   0x08000131   Thumb Code     0  entry.o(.ARM.Collect$$$$00000000)
    _main_stk                                0x08000131   Thumb Code     0  entry2.o(.ARM.Collect$$$$00000001)
    _main_scatterload                        0x08000135   Thumb Code     0  entry5.o(.ARM.Collect$$$$00000004)
    __main_after_scatterload                 0x08000139   Thumb Code     0  entry5.o(.ARM.Collect$$$$00000004)
    _main_clock                              0x08000139   Thumb Code     0  entry7b.o(.ARM.Collect$$$$00000008)
    _main_cpp_init                           0x08000139   Thumb Code     0  entry8b.o(.ARM.Collect$$$$0000000A)
    _main_init                               0x08000139   Thumb Code     0  entry9a.o(.ARM.Collect$$$$0000000B)
    __rt_final_cpp                           0x08000141   Thumb Code     0  entry10a.o(.ARM.Collect$$$$0000000D)
    __rt_final_exit                          0x08000141   Thumb Code     0  entry11a.o(.ARM.Collect$$$$0000000F)
    Reset_Handler                            0x08000145   Thumb Code     8  startup_stm32f10x_hd.o(.text)
    ADC1_2_IRQHandler                        0x0800015f   Thumb Code     0  startup_stm32f10x_hd.o(.text)
    ADC3_IRQHandler                          0x0800015f   Thumb Code     0  startup_stm32f10x_hd.o(.text)
    CAN1_RX1_IRQHandler                      0x0800015f   Thumb Code     0  startup_stm32f10x_hd.o(.text)
    CAN1_SCE_IRQHandler                      0x0800015f   Thumb Code     0  startup_stm32f10x_hd.o(.text)
    DMA1_Channel1_IRQHandler                 0x0800015f   Thumb Code     0  startup_stm32f10x_hd.o(.text)
    DMA1_Channel2_IRQHandler                 0x0800015f   Thumb Code     0  startup_stm32f10x_hd.o(.text)
    DMA1_Channel3_IRQHandler                 0x0800015f   Thumb Code     0  startup_stm32f10x_hd.o(.text)
    DMA1_Channel4_IRQHandler                 0x0800015f   Thumb Code     0  startup_stm32f10x_hd.o(.text)
    DMA1_Channel5_IRQHandler                 0x0800015f   Thumb Code     0  startup_stm32f10x_hd.o(.text)
    DMA1_Channel6_IRQHandler                 0x0800015f   Thumb Code     0  startup_stm32f10x_hd.o(.text)
    DMA1_Channel7_IRQHandler                 0x0800015f   Thumb Code     0  startup_stm32f10x_hd.o(.text)
    DMA2_Channel1_IRQHandler                 0x0800015f   Thumb Code     0  startup_stm32f10x_hd.o(.text)
    DMA2_Channel2_IRQHandler                 0x0800015f   Thumb Code     0  startup_stm32f10x_hd.o(.text)
    DMA2_Channel3_IRQHandler                 0x0800015f   Thumb Code     0  startup_stm32f10x_hd.o(.text)
    DMA2_Channel4_5_IRQHandler               0x0800015f   Thumb Code     0  startup_stm32f10x_hd.o(.text)
    EXTI0_IRQHandler                         0x0800015f   Thumb Code     0  startup_stm32f10x_hd.o(.text)
    EXTI15_10_IRQHandler                     0x0800015f   Thumb Code     0  startup_stm32f10x_hd.o(.text)
    EXTI1_IRQHandler                         0x0800015f   Thumb Code     0  startup_stm32f10x_hd.o(.text)
    EXTI3_IRQHandler                         0x0800015f   Thumb Code     0  startup_stm32f10x_hd.o(.text)
    EXTI4_IRQHandler                         0x0800015f   Thumb Code     0  startup_stm32f10x_hd.o(.text)
    EXTI9_5_IRQHandler                       0x0800015f   Thumb Code     0  startup_stm32f10x_hd.o(.text)
    FLASH_IRQHandler                         0x0800015f   Thumb Code     0  startup_stm32f10x_hd.o(.text)
    FSMC_IRQHandler                          0x0800015f   Thumb Code     0  startup_stm32f10x_hd.o(.text)
    I2C1_ER_IRQHandler                       0x0800015f   Thumb Code     0  startup_stm32f10x_hd.o(.text)
    I2C1_EV_IRQHandler                       0x0800015f   Thumb Code     0  startup_stm32f10x_hd.o(.text)
    I2C2_ER_IRQHandler                       0x0800015f   Thumb Code     0  startup_stm32f10x_hd.o(.text)
    I2C2_EV_IRQHandler                       0x0800015f   Thumb Code     0  startup_stm32f10x_hd.o(.text)
    PVD_IRQHandler                           0x0800015f   Thumb Code     0  startup_stm32f10x_hd.o(.text)
    RCC_IRQHandler                           0x0800015f   Thumb Code     0  startup_stm32f10x_hd.o(.text)
    RTCAlarm_IRQHandler                      0x0800015f   Thumb Code     0  startup_stm32f10x_hd.o(.text)
    RTC_IRQHandler                           0x0800015f   Thumb Code     0  startup_stm32f10x_hd.o(.text)
    SDIO_IRQHandler                          0x0800015f   Thumb Code     0  startup_stm32f10x_hd.o(.text)
    SPI1_IRQHandler                          0x0800015f   Thumb Code     0  startup_stm32f10x_hd.o(.text)
    SPI2_IRQHandler                          0x0800015f   Thumb Code     0  startup_stm32f10x_hd.o(.text)
    SPI3_IRQHandler                          0x0800015f   Thumb Code     0  startup_stm32f10x_hd.o(.text)
    TAMPER_IRQHandler                        0x0800015f   Thumb Code     0  startup_stm32f10x_hd.o(.text)
    TIM1_BRK_IRQHandler                      0x0800015f   Thumb Code     0  startup_stm32f10x_hd.o(.text)
    TIM1_CC_IRQHandler                       0x0800015f   Thumb Code     0  startup_stm32f10x_hd.o(.text)
    TIM1_TRG_COM_IRQHandler                  0x0800015f   Thumb Code     0  startup_stm32f10x_hd.o(.text)
    TIM1_UP_IRQHandler                       0x0800015f   Thumb Code     0  startup_stm32f10x_hd.o(.text)
    TIM2_IRQHandler                          0x0800015f   Thumb Code     0  startup_stm32f10x_hd.o(.text)
    TIM3_IRQHandler                          0x0800015f   Thumb Code     0  startup_stm32f10x_hd.o(.text)
    TIM4_IRQHandler                          0x0800015f   Thumb Code     0  startup_stm32f10x_hd.o(.text)
    TIM5_IRQHandler                          0x0800015f   Thumb Code     0  startup_stm32f10x_hd.o(.text)
    TIM6_IRQHandler                          0x0800015f   Thumb Code     0  startup_stm32f10x_hd.o(.text)
    TIM7_IRQHandler                          0x0800015f   Thumb Code     0  startup_stm32f10x_hd.o(.text)
    TIM8_BRK_IRQHandler                      0x0800015f   Thumb Code     0  startup_stm32f10x_hd.o(.text)
    TIM8_CC_IRQHandler                       0x0800015f   Thumb Code     0  startup_stm32f10x_hd.o(.text)
    TIM8_TRG_COM_IRQHandler                  0x0800015f   Thumb Code     0  startup_stm32f10x_hd.o(.text)
    TIM8_UP_IRQHandler                       0x0800015f   Thumb Code     0  startup_stm32f10x_hd.o(.text)
    UART4_IRQHandler                         0x0800015f   Thumb Code     0  startup_stm32f10x_hd.o(.text)
    UART5_IRQHandler                         0x0800015f   Thumb Code     0  startup_stm32f10x_hd.o(.text)
    USART2_IRQHandler                        0x0800015f   Thumb Code     0  startup_stm32f10x_hd.o(.text)
    USBWakeUp_IRQHandler                     0x0800015f   Thumb Code     0  startup_stm32f10x_hd.o(.text)
    USB_HP_CAN1_TX_IRQHandler                0x0800015f   Thumb Code     0  startup_stm32f10x_hd.o(.text)
    USB_LP_CAN1_RX0_IRQHandler               0x0800015f   Thumb Code     0  startup_stm32f10x_hd.o(.text)
    WWDG_IRQHandler                          0x0800015f   Thumb Code     0  startup_stm32f10x_hd.o(.text)
    __aeabi_memcpy                           0x08000169   Thumb Code    36  memcpya.o(.text)
    __aeabi_memcpy4                          0x08000169   Thumb Code     0  memcpya.o(.text)
    __aeabi_memcpy8                          0x08000169   Thumb Code     0  memcpya.o(.text)
    strlen                                   0x0800018d   Thumb Code    14  strlen.o(.text)
    strcmp                                   0x0800019b   Thumb Code    28  strcmp.o(.text)
    strncmp                                  0x080001b7   Thumb Code    30  strncmp.o(.text)
    strtol                                   0x080001d5   Thumb Code   112  strtol.o(.text)
    __aeabi_dmul                             0x08000245   Thumb Code   228  dmul.o(.text)
    __aeabi_ddiv                             0x08000329   Thumb Code   222  ddiv.o(.text)
    __aeabi_i2d                              0x08000407   Thumb Code    34  dflti.o(.text)
    __aeabi_ui2d                             0x08000429   Thumb Code    26  dfltui.o(.text)
    __aeabi_d2iz                             0x08000443   Thumb Code    62  dfixi.o(.text)
    __aeabi_f2d                              0x08000481   Thumb Code    38  f2d.o(.text)
    __aeabi_d2f                              0x080004a7   Thumb Code    56  d2f.o(.text)
    __aeabi_uidiv                            0x080004df   Thumb Code     0  uidiv.o(.text)
    __aeabi_uidivmod                         0x080004df   Thumb Code    44  uidiv.o(.text)
    __aeabi_uldivmod                         0x0800050b   Thumb Code    98  uldiv.o(.text)
    __aeabi_llsr                             0x0800056d   Thumb Code    32  llushr.o(.text)
    _ll_ushift_r                             0x0800056d   Thumb Code     0  llushr.o(.text)
    __rt_ctype_table                         0x0800058d   Thumb Code     4  ctype_o.o(.text)
    _strtoul                                 0x08000595   Thumb Code   158  _strtoul.o(.text)
    __I$use$fp                               0x08000633   Thumb Code     0  iusefp.o(.text)
    _float_round                             0x08000633   Thumb Code    18  fepilogue.o(.text)
    _float_epilogue                          0x08000645   Thumb Code    92  fepilogue.o(.text)
    _double_round                            0x080006a1   Thumb Code    30  depilogue.o(.text)
    _double_epilogue                         0x080006bf   Thumb Code   156  depilogue.o(.text)
    __aeabi_dadd                             0x0800075b   Thumb Code   322  dadd.o(.text)
    __aeabi_dsub                             0x0800089d   Thumb Code     6  dadd.o(.text)
    __aeabi_drsub                            0x080008a3   Thumb Code     6  dadd.o(.text)
    __aeabi_d2ulz                            0x080008a9   Thumb Code    48  dfixul.o(.text)
    __aeabi_cdrcmple                         0x080008d9   Thumb Code    48  cdrcmple.o(.text)
    __scatterload                            0x08000909   Thumb Code    28  init.o(.text)
    __scatterload_rt2                        0x08000909   Thumb Code     0  init.o(.text)
    __aeabi_llsl                             0x0800092d   Thumb Code    30  llshl.o(.text)
    _ll_shift_l                              0x0800092d   Thumb Code     0  llshl.o(.text)
    __aeabi_lasr                             0x0800094b   Thumb Code    36  llsshr.o(.text)
    _ll_sshift_r                             0x0800094b   Thumb Code     0  llsshr.o(.text)
    _chval                                   0x0800096f   Thumb Code    28  _chval.o(.text)
    __decompress                             0x0800098b   Thumb Code     0  __dczerorl2.o(.text)
    __decompress1                            0x0800098b   Thumb Code    86  __dczerorl2.o(.text)
    AT24CXX_CheckOk                          0x080009e1   Thumb Code    38  bsp_eeprom_24xx.o(i.AT24CXX_CheckOk)
    AT24CXX_Init                             0x08000a0d   Thumb Code    18  bsp_eeprom_24xx.o(i.AT24CXX_Init)
    AT24CXX_ReadF32                          0x08000a25   Thumb Code    44  bsp_eeprom_24xx.o(i.AT24CXX_ReadF32)
    AT24CXX_ReadU16                          0x08000a51   Thumb Code    46  bsp_eeprom_24xx.o(i.AT24CXX_ReadU16)
    AT24CXX_ReadU32                          0x08000a7f   Thumb Code    44  bsp_eeprom_24xx.o(i.AT24CXX_ReadU32)
    AT24CXX_ReadU8                           0x08000aab   Thumb Code    46  bsp_eeprom_24xx.o(i.AT24CXX_ReadU8)
    AT24CXX_Reads                            0x08000ad9   Thumb Code   118  bsp_eeprom_24xx.o(i.AT24CXX_Reads)
    AT24CXX_WriteF32                         0x08000b55   Thumb Code    48  bsp_eeprom_24xx.o(i.AT24CXX_WriteF32)
    AT24CXX_WriteU16                         0x08000b85   Thumb Code    48  bsp_eeprom_24xx.o(i.AT24CXX_WriteU16)
    AT24CXX_WriteU32                         0x08000bb5   Thumb Code    48  bsp_eeprom_24xx.o(i.AT24CXX_WriteU32)
    AT24CXX_WriteU8                          0x08000be5   Thumb Code    48  bsp_eeprom_24xx.o(i.AT24CXX_WriteU8)
    AT24CXX_Writes                           0x08000c15   Thumb Code   238  bsp_eeprom_24xx.o(i.AT24CXX_Writes)
    BusFault_Handler                         0x08000d09   Thumb Code     4  stm32f10x_it.o(i.BusFault_Handler)
    CommandCheckAndExeViaUart1               0x08000d0d   Thumb Code    80  inc_mbtmc429.o(i.CommandCheckAndExeViaUart1)
    Command_Analysis_Process                 0x08000da5   Thumb Code   248  inc_mbtmc429.o(i.Command_Analysis_Process)
    Command_analysis_button                  0x08000fa1   Thumb Code    82  app_button.o(i.Command_analysis_button)
    Command_analysis_dido                    0x08001065   Thumb Code   276  app_gpio_dido.o(i.Command_analysis_dido)
    Command_analysis_eeprom                  0x08001215   Thumb Code   314  app_eeprom_24xx.o(i.Command_analysis_eeprom)
    Command_analysis_motor                   0x080014a5   Thumb Code  1434  app_motor_tmc429.o(i.Command_analysis_motor)
    Command_analysis_motor_get               0x08001a7d   Thumb Code   816  app_motor_tmc429.o(i.Command_analysis_motor_get)
    Command_analysis_motor_set               0x08001e8d   Thumb Code   902  app_motor_tmc429.o(i.Command_analysis_motor_set)
    Command_analysis_uart3                   0x0800229d   Thumb Code    98  app_serial.o(i.Command_analysis_uart3)
    DebugMon_Handler                         0x08002365   Thumb Code     2  stm32f10x_it.o(i.DebugMon_Handler)
    EXTI2_IRQHandler                         0x08002369   Thumb Code    58  bsp_mcu_exti.o(i.EXTI2_IRQHandler)
    EXTI_ClearITPendingBit                   0x080023dd   Thumb Code     6  stm32f10x_exti.o(i.EXTI_ClearITPendingBit)
    EXTI_Init                                0x080023e9   Thumb Code   142  stm32f10x_exti.o(i.EXTI_Init)
    EXTI_Init_IN8                            0x0800247d   Thumb Code    84  bsp_mcu_exti.o(i.EXTI_Init_IN8)
    EnableInterrupts                         0x080024ed   Thumb Code     4  app_sys_control.o(i.EnableInterrupts)
    GPIO_EXTILineConfig                      0x080024f1   Thumb Code    60  stm32f10x_gpio.o(i.GPIO_EXTILineConfig)
    GPIO_Init                                0x08002531   Thumb Code   278  stm32f10x_gpio.o(i.GPIO_Init)
    GPIO_PinRemapConfig                      0x08002649   Thumb Code   138  stm32f10x_gpio.o(i.GPIO_PinRemapConfig)
    GPIO_ReadInputDataBit                    0x080026d9   Thumb Code    18  stm32f10x_gpio.o(i.GPIO_ReadInputDataBit)
    GPIO_ResetBits                           0x080026eb   Thumb Code     4  stm32f10x_gpio.o(i.GPIO_ResetBits)
    GPIO_SetBits                             0x080026ef   Thumb Code     4  stm32f10x_gpio.o(i.GPIO_SetBits)
    HardFault_Handler                        0x080026f3   Thumb Code     4  stm32f10x_it.o(i.HardFault_Handler)
    HardStop                                 0x080026f7   Thumb Code    38  bsp_motor_tmc429.o(i.HardStop)
    Init429                                  0x0800271d   Thumb Code   248  app_motor_tmc429.o(i.Init429)
    InitUART_1                               0x08002819   Thumb Code   236  bsp_mcu_uart.o(i.InitUART_1)
    InitUART_2                               0x0800290d   Thumb Code   244  bsp_mcu_uart.o(i.InitUART_2)
    MemManage_Handler                        0x08002b75   Thumb Code     4  stm32f10x_it.o(i.MemManage_Handler)
    MotorAutoReset_preset                    0x08002b79   Thumb Code   228  app_motor_home.o(i.MotorAutoReset_preset)
    MotorHomingWithHomeSensor                0x08002ca5   Thumb Code   220  app_motor_home.o(i.MotorHomingWithHomeSensor)
    MotorHomingWithLimitSwitch               0x08002d8d   Thumb Code    82  app_motor_home.o(i.MotorHomingWithLimitSwitch)
    NMI_Handler                              0x08002de5   Thumb Code     2  stm32f10x_it.o(i.NMI_Handler)
    NVIC_Init                                0x08002de9   Thumb Code   100  misc.o(i.NVIC_Init)
    NVIC_PriorityGroupConfig                 0x08002e59   Thumb Code    10  misc.o(i.NVIC_PriorityGroupConfig)
    PendSV_Handler                           0x08002e6d   Thumb Code     2  stm32f10x_it.o(i.PendSV_Handler)
    PrintfUart3DataToUart1                   0x08002e71   Thumb Code    34  app_serial.o(i.PrintfUart3DataToUart1)
    RCC_APB1PeriphClockCmd                   0x08002e9d   Thumb Code    26  stm32f10x_rcc.o(i.RCC_APB1PeriphClockCmd)
    RCC_APB1PeriphResetCmd                   0x08002ebd   Thumb Code    26  stm32f10x_rcc.o(i.RCC_APB1PeriphResetCmd)
    RCC_APB2PeriphClockCmd                   0x08002edd   Thumb Code    26  stm32f10x_rcc.o(i.RCC_APB2PeriphClockCmd)
    RCC_APB2PeriphResetCmd                   0x08002efd   Thumb Code    26  stm32f10x_rcc.o(i.RCC_APB2PeriphResetCmd)
    RCC_GetClocksFreq                        0x08002f1d   Thumb Code   192  stm32f10x_rcc.o(i.RCC_GetClocksFreq)
    Read429Bytes                             0x08002ff1   Thumb Code    46  bsp_motor_tmc429.o(i.Read429Bytes)
    Read429Int                               0x0800301f   Thumb Code    56  bsp_motor_tmc429.o(i.Read429Int)
    Read429Short                             0x08003059   Thumb Code    46  bsp_motor_tmc429.o(i.Read429Short)
    Read429SingleByte                        0x0800308d   Thumb Code    28  bsp_motor_tmc429.o(i.Read429SingleByte)
    Read429Status                            0x080030a9   Thumb Code    14  bsp_motor_tmc429.o(i.Read429Status)
    ReadWrite429                             0x0800311d   Thumb Code    56  bsp_motor_tmc429.o(i.ReadWrite429)
    ReadWriteSPI1                            0x08003155   Thumb Code   114  bsp_mcu_spi.o(i.ReadWriteSPI1)
    ResetCPU                                 0x080031d1   Thumb Code    30  app_sys_control.o(i.ResetCPU)
    SPI1_Init                                0x080031f9   Thumb Code   146  bsp_mcu_spi.o(i.SPI1_Init)
    SPI_Cmd                                  0x08003295   Thumb Code    24  stm32f10x_spi.o(i.SPI_Cmd)
    SPI_I2S_GetFlagStatus                    0x080032ad   Thumb Code    18  stm32f10x_spi.o(i.SPI_I2S_GetFlagStatus)
    SPI_I2S_ReceiveData                      0x080032bf   Thumb Code     6  stm32f10x_spi.o(i.SPI_I2S_ReceiveData)
    SPI_I2S_SendData                         0x080032c5   Thumb Code     4  stm32f10x_spi.o(i.SPI_I2S_SendData)
    SPI_Init                                 0x080032c9   Thumb Code    60  stm32f10x_spi.o(i.SPI_Init)
    SVC_Handler                              0x08003305   Thumb Code     2  stm32f10x_it.o(i.SVC_Handler)
    Set429RampMode                           0x0800333d   Thumb Code    70  bsp_motor_tmc429.o(i.Set429RampMode)
    SetAMax                                  0x08003385   Thumb Code   348  bsp_motor_tmc429.o(i.SetAMax)
    SetAmaxAutoByspeed                       0x080034f1   Thumb Code   956  app_motor_tmc429.o(i.SetAmaxAutoByspeed)
    SoftI2c_CheckDevice                      0x08003999   Thumb Code    60  bsp_mcu_softi2c.o(i.SoftI2c_CheckDevice)
    SoftI2c_Init                             0x080039d5   Thumb Code    30  bsp_mcu_softi2c.o(i.SoftI2c_Init)
    SoftI2c_read_byte                        0x080039f3   Thumb Code    96  bsp_mcu_softi2c.o(i.SoftI2c_read_byte)
    SoftI2c_reads                            0x08003a53   Thumb Code   358  bsp_mcu_softi2c.o(i.SoftI2c_reads)
    SoftI2c_send_ack                         0x08003bb9   Thumb Code    72  bsp_mcu_softi2c.o(i.SoftI2c_send_ack)
    SoftI2c_send_byte                        0x08003c01   Thumb Code    98  bsp_mcu_softi2c.o(i.SoftI2c_send_byte)
    SoftI2c_send_no_ack                      0x08003c63   Thumb Code    64  bsp_mcu_softi2c.o(i.SoftI2c_send_no_ack)
    SoftI2c_start                            0x08003ca3   Thumb Code    64  bsp_mcu_softi2c.o(i.SoftI2c_start)
    SoftI2c_stop                             0x08003ce3   Thumb Code    56  bsp_mcu_softi2c.o(i.SoftI2c_stop)
    SoftI2c_wait_ack                         0x08003d1b   Thumb Code    84  bsp_mcu_softi2c.o(i.SoftI2c_wait_ack)
    SoftI2c_writes                           0x08003d6f   Thumb Code   334  bsp_mcu_softi2c.o(i.SoftI2c_writes)
    StopMotorByRamp                          0x08003ebd   Thumb Code    26  app_motor_tmc429.o(i.StopMotorByRamp)
    SysTick_CLKSourceConfig                  0x08003ed7   Thumb Code    40  misc.o(i.SysTick_CLKSourceConfig)
    SysTick_GetTimer                         0x08003f01   Thumb Code     6  bsp_mcu_systick.o(i.SysTick_GetTimer)
    SysTick_Handler                          0x08003f0d   Thumb Code    12  bsp_mcu_systick.o(i.SysTick_Handler)
    SysTick_Init                             0x08003f1d   Thumb Code    42  bsp_mcu_systick.o(i.SysTick_Init)
    SystemInit                               0x08003f49   Thumb Code    78  system_stm32f10x.o(i.SystemInit)
    TIM_Cmd                                  0x0800402d   Thumb Code    24  stm32f10x_tim.o(i.TIM_Cmd)
    TIM_OC3Init                              0x08004045   Thumb Code   150  stm32f10x_tim.o(i.TIM_OC3Init)
    TIM_OC3PreloadConfig                     0x080040e5   Thumb Code    18  stm32f10x_tim.o(i.TIM_OC3PreloadConfig)
    TIM_SetCompare3                          0x080040f7   Thumb Code     4  stm32f10x_tim.o(i.TIM_SetCompare3)
    TIM_TimeBaseInit                         0x080040fd   Thumb Code   122  stm32f10x_tim.o(i.TIM_TimeBaseInit)
    TMC429_CLK_Init                          0x080041a1   Thumb Code    20  bsp_mcu_timer.o(i.TMC429_CLK_Init)
    TMC429_MotorRotate                       0x0800484d   Thumb Code    72  app_motor_tmc429.o(i.TMC429_MotorRotate)
    TMC429_MotorStop                         0x080048b5   Thumb Code    32  app_motor_tmc429.o(i.TMC429_MotorStop)
    Task2_every_ms                           0x080050ed   Thumb Code    76  app_sys_control.o(i.Task2_every_ms)
    UART3_Disable                            0x08005141   Thumb Code    22  app_serial.o(i.UART3_Disable)
    UART3_Enable                             0x08005161   Thumb Code    22  app_serial.o(i.UART3_Enable)
    USART1_IRQHandler                        0x08005181   Thumb Code   186  bsp_mcu_uart.o(i.USART1_IRQHandler)
    USART3_IRQHandler                        0x08005249   Thumb Code   192  bsp_mcu_uart.o(i.USART3_IRQHandler)
    USART_ClearFlag                          0x08005319   Thumb Code    18  stm32f10x_usart.o(i.USART_ClearFlag)
    USART_ClearITPendingBit                  0x0800532b   Thumb Code    30  stm32f10x_usart.o(i.USART_ClearITPendingBit)
    USART_Cmd                                0x08005349   Thumb Code    24  stm32f10x_usart.o(i.USART_Cmd)
    USART_DeInit                             0x08005361   Thumb Code   134  stm32f10x_usart.o(i.USART_DeInit)
    USART_GetFlagStatus                      0x080053fd   Thumb Code    26  stm32f10x_usart.o(i.USART_GetFlagStatus)
    USART_ITConfig                           0x08005417   Thumb Code    74  stm32f10x_usart.o(i.USART_ITConfig)
    USART_Init                               0x08005461   Thumb Code   210  stm32f10x_usart.o(i.USART_Init)
    USART_ReceiveData                        0x08005539   Thumb Code    10  stm32f10x_usart.o(i.USART_ReceiveData)
    USART_StructInit                         0x08005543   Thumb Code    24  stm32f10x_usart.o(i.USART_StructInit)
    UsageFault_Handler                       0x0800555b   Thumb Code     4  stm32f10x_it.o(i.UsageFault_Handler)
    Write429Bytes                            0x0800555f   Thumb Code    38  bsp_motor_tmc429.o(i.Write429Bytes)
    Write429Datagram                         0x08005585   Thumb Code    40  bsp_motor_tmc429.o(i.Write429Datagram)
    Write429Int                              0x080055ad   Thumb Code    38  bsp_motor_tmc429.o(i.Write429Int)
    Write429Short                            0x080055d3   Thumb Code    38  bsp_motor_tmc429.o(i.Write429Short)
    Write429Zero                             0x080055f9   Thumb Code    32  bsp_motor_tmc429.o(i.Write429Zero)
    __0printf                                0x08005681   Thumb Code    22  printfa.o(i.__0printf)
    __1printf                                0x08005681   Thumb Code     0  printfa.o(i.__0printf)
    __2printf                                0x08005681   Thumb Code     0  printfa.o(i.__0printf)
    __c89printf                              0x08005681   Thumb Code     0  printfa.o(i.__0printf)
    printf                                   0x08005681   Thumb Code     0  printfa.o(i.__0printf)
    __aeabi_errno_addr                       0x080056a1   Thumb Code     4  errno.o(i.__aeabi_errno_addr)
    __rt_errno_addr                          0x080056a1   Thumb Code     0  errno.o(i.__aeabi_errno_addr)
    __scatterload_copy                       0x080056a9   Thumb Code    14  handlers.o(i.__scatterload_copy)
    __scatterload_null                       0x080056b7   Thumb Code     2  handlers.o(i.__scatterload_null)
    __scatterload_zeroinit                   0x080056b9   Thumb Code    14  handlers.o(i.__scatterload_zeroinit)
    at24cxx_hw_init                          0x08005f7d   Thumb Code    94  app_eeprom_24xx.o(i.at24cxx_hw_init)
    buttonRESET_process                      0x08006031   Thumb Code    62  app_button.o(i.buttonRESET_process)
    buttonSTART_process                      0x08006079   Thumb Code    96  app_button.o(i.buttonSTART_process)
    delay_ms                                 0x080060f5   Thumb Code    18  bsp_mcu_delay.o(i.delay_ms)
    delay_us                                 0x08006107   Thumb Code    62  bsp_mcu_delay.o(i.delay_us)
    dido_hw_init                             0x08006145   Thumb Code   108  app_gpio_dido.o(i.dido_hw_init)
    drv_mdelay                               0x080061d5   Thumb Code    18  bsp_mcu_delay.o(i.drv_mdelay)
    drv_udelay                               0x080061e9   Thumb Code    24  bsp_mcu_delay.o(i.drv_udelay)
    ee_ReadBytes                             0x08006209   Thumb Code   232  bsp_eeprom_24xx.o(i.ee_ReadBytes)
    ee_WriteBytes                            0x080062f5   Thumb Code   232  bsp_eeprom_24xx.o(i.ee_WriteBytes)
    fputc                                    0x080063e1   Thumb Code    24  bsp_mcu_uart.o(i.fputc)
    getChInput                               0x080063fd   Thumb Code    24  app_gpio_dido.o(i.getChInput)
    main                                     0x0800643d   Thumb Code   174  inc_mbtmc429.o(i.main)
    pinMode                                  0x08006545   Thumb Code   196  bsp_mcu_gpio.o(i.pinMode)
    pinRead                                  0x0800661d   Thumb Code    36  bsp_mcu_gpio.o(i.pinRead)
    pinReset                                 0x08006641   Thumb Code    30  bsp_mcu_gpio.o(i.pinReset)
    pinSWD_Init                              0x08006661   Thumb Code    20  bsp_mcu_gpio.o(i.pinSWD_Init)
    pinSet                                   0x08006679   Thumb Code    30  bsp_mcu_gpio.o(i.pinSet)
    pinToggle                                0x08006697   Thumb Code    26  bsp_mcu_gpio.o(i.pinToggle)
    pinWrite                                 0x080066b1   Thumb Code    24  bsp_mcu_gpio.o(i.pinWrite)
    printf_cmdList_uart3                     0x08006f81   Thumb Code    28  app_serial.o(i.printf_cmdList_uart3)
    setChOutput                              0x08007089   Thumb Code    20  app_gpio_dido.o(i.setChOutput)
    tmc429_hw_init                           0x0800723d   Thumb Code   128  app_motor_tmc429.o(i.tmc429_hw_init)
    C24LC01                                  0x080072d4   Data          20  bsp_eeprom_24xx.o(.constdata)
    C24LC02                                  0x080072e8   Data          20  bsp_eeprom_24xx.o(.constdata)
    C24LC04                                  0x080072fc   Data          20  bsp_eeprom_24xx.o(.constdata)
    C24LC08                                  0x08007310   Data          20  bsp_eeprom_24xx.o(.constdata)
    C24LC16                                  0x08007324   Data          20  bsp_eeprom_24xx.o(.constdata)
    C24LC32                                  0x08007338   Data          20  bsp_eeprom_24xx.o(.constdata)
    C24LC64                                  0x0800734c   Data          20  bsp_eeprom_24xx.o(.constdata)
    C24LC128                                 0x08007360   Data          20  bsp_eeprom_24xx.o(.constdata)
    C24LC256                                 0x08007374   Data          20  bsp_eeprom_24xx.o(.constdata)
    C24LC512                                 0x08007388   Data          20  bsp_eeprom_24xx.o(.constdata)
    __ctype_table                            0x080078dc   Data         129  ctype_o.o(.constdata)
    Region$$Table$$Base                      0x08007d4c   Number         0  anon$$obj.o(Region$$Table)
    Region$$Table$$Limit                     0x08007d6c   Number         0  anon$$obj.o(Region$$Table)
    SystemCoreClock                          0x20000000   Data           4  system_stm32f10x.o(.data)
    AHBPrescTable                            0x20000004   Data          16  system_stm32f10x.o(.data)
    at24cxx                                  0x20000028   Data          56  bsp_eeprom_24xx.o(.data)
    SoftI2c                                  0x20000064   Data          44  bsp_mcu_softi2c.o(.data)
    USART1_RX_STA                            0x20000090   Data           2  bsp_mcu_uart.o(.data)
    USART3_RX_STA                            0x20000092   Data           2  bsp_mcu_uart.o(.data)
    version_string                           0x20000094   Data           7  inc_mbtmc429.o(.data)
    rgb_pin_num                              0x2000009b   Data           3  app_gpio_dido.o(.data)
    inputs_pin_num                           0x2000009e   Data          12  app_gpio_dido.o(.data)
    outputs_pin_num                          0x200000aa   Data           8  app_gpio_dido.o(.data)
    buttonSTARTpressed                       0x200000b2   Data           1  app_button.o(.data)
    buttonRESETpressed                       0x200000b3   Data           1  app_button.o(.data)
    at24c256                                 0x200000b8   Data          32  app_eeprom_24xx.o(.data)
    homeSensorPin                            0x200000d8   Data           3  app_motor_tmc429.o(.data)
    MotorConfig                              0x200000dc   Data          36  app_motor_tmc429.o(.data)
    CMDGetFromUart                           0x20000100   Data           8  app_motor_tmc429.o(.data)
    TMC429_ParameterGet                      0x20000108   Data           8  app_motor_tmc429.o(.data)
    TMC429_ParameterSet                      0x20000110   Data           8  app_motor_tmc429.o(.data)
    motorsReset_InOrder                      0x2000011e   Data           1  app_motor_home.o(.data)
    __stdout                                 0x20000130   Data           4  stdout.o(.data)
    USART1_RX_BUF                            0x20000138   Data         200  bsp_mcu_uart.o(.bss)
    USART3_RX_BUF                            0x20000200   Data          50  bsp_mcu_uart.o(.bss)
    g_tParam                                 0x20000234   Data          60  app_eeprom_24xx.o(.bss)
    homeInfo                                 0x20000270   Data          24  app_motor_tmc429.o(.bss)
    __initial_sp                             0x20000688   Data           0  startup_stm32f10x_hd.o(STACK)



==============================================================================

Memory Map of the image

  Image Entry point : 0x08000131

  Load Region LR_IROM1 (Base: 0x08000000, Size: 0x00007ea4, Max: 0x00080000, ABSOLUTE, COMPRESSED[0x00007e0c])

    Execution Region ER_IROM1 (Exec base: 0x08000000, Load base: 0x08000000, Size: 0x00007d6c, Max: 0x00080000, ABSOLUTE)

    Exec Addr    Load Addr    Size         Type   Attr      Idx    E Section Name        Object

    0x08000000   0x08000000   0x00000130   Data   RO         1271    RESET               startup_stm32f10x_hd.o
    0x08000130   0x08000130   0x00000000   Code   RO         2558  * .ARM.Collect$$$$00000000  mc_w.l(entry.o)
    0x08000130   0x08000130   0x00000004   Code   RO         2850    .ARM.Collect$$$$00000001  mc_w.l(entry2.o)
    0x08000134   0x08000134   0x00000004   Code   RO         2853    .ARM.Collect$$$$00000004  mc_w.l(entry5.o)
    0x08000138   0x08000138   0x00000000   Code   RO         2855    .ARM.Collect$$$$00000008  mc_w.l(entry7b.o)
    0x08000138   0x08000138   0x00000000   Code   RO         2857    .ARM.Collect$$$$0000000A  mc_w.l(entry8b.o)
    0x08000138   0x08000138   0x00000008   Code   RO         2858    .ARM.Collect$$$$0000000B  mc_w.l(entry9a.o)
    0x08000140   0x08000140   0x00000000   Code   RO         2860    .ARM.Collect$$$$0000000D  mc_w.l(entry10a.o)
    0x08000140   0x08000140   0x00000000   Code   RO         2862    .ARM.Collect$$$$0000000F  mc_w.l(entry11a.o)
    0x08000140   0x08000140   0x00000004   Code   RO         2851    .ARM.Collect$$$$00002712  mc_w.l(entry2.o)
    0x08000144   0x08000144   0x00000024   Code   RO         1272    .text               startup_stm32f10x_hd.o
    0x08000168   0x08000168   0x00000024   Code   RO         2561    .text               mc_w.l(memcpya.o)
    0x0800018c   0x0800018c   0x0000000e   Code   RO         2563    .text               mc_w.l(strlen.o)
    0x0800019a   0x0800019a   0x0000001c   Code   RO         2565    .text               mc_w.l(strcmp.o)
    0x080001b6   0x080001b6   0x0000001e   Code   RO         2567    .text               mc_w.l(strncmp.o)
    0x080001d4   0x080001d4   0x00000070   Code   RO         2832    .text               mc_w.l(strtol.o)
    0x08000244   0x08000244   0x000000e4   Code   RO         2836    .text               mf_w.l(dmul.o)
    0x08000328   0x08000328   0x000000de   Code   RO         2838    .text               mf_w.l(ddiv.o)
    0x08000406   0x08000406   0x00000022   Code   RO         2840    .text               mf_w.l(dflti.o)
    0x08000428   0x08000428   0x0000001a   Code   RO         2842    .text               mf_w.l(dfltui.o)
    0x08000442   0x08000442   0x0000003e   Code   RO         2844    .text               mf_w.l(dfixi.o)
    0x08000480   0x08000480   0x00000026   Code   RO         2846    .text               mf_w.l(f2d.o)
    0x080004a6   0x080004a6   0x00000038   Code   RO         2848    .text               mf_w.l(d2f.o)
    0x080004de   0x080004de   0x0000002c   Code   RO         2865    .text               mc_w.l(uidiv.o)
    0x0800050a   0x0800050a   0x00000062   Code   RO         2867    .text               mc_w.l(uldiv.o)
    0x0800056c   0x0800056c   0x00000020   Code   RO         2869    .text               mc_w.l(llushr.o)
    0x0800058c   0x0800058c   0x00000008   Code   RO         2871    .text               mc_w.l(ctype_o.o)
    0x08000594   0x08000594   0x0000009e   Code   RO         2906    .text               mc_w.l(_strtoul.o)
    0x08000632   0x08000632   0x00000000   Code   RO         2908    .text               mc_w.l(iusefp.o)
    0x08000632   0x08000632   0x0000006e   Code   RO         2909    .text               mf_w.l(fepilogue.o)
    0x080006a0   0x080006a0   0x000000ba   Code   RO         2911    .text               mf_w.l(depilogue.o)
    0x0800075a   0x0800075a   0x0000014e   Code   RO         2913    .text               mf_w.l(dadd.o)
    0x080008a8   0x080008a8   0x00000030   Code   RO         2915    .text               mf_w.l(dfixul.o)
    0x080008d8   0x080008d8   0x00000030   Code   RO         2917    .text               mf_w.l(cdrcmple.o)
    0x08000908   0x08000908   0x00000024   Code   RO         2919    .text               mc_w.l(init.o)
    0x0800092c   0x0800092c   0x0000001e   Code   RO         2921    .text               mc_w.l(llshl.o)
    0x0800094a   0x0800094a   0x00000024   Code   RO         2923    .text               mc_w.l(llsshr.o)
    0x0800096e   0x0800096e   0x0000001c   Code   RO         2925    .text               mc_w.l(_chval.o)
    0x0800098a   0x0800098a   0x00000056   Code   RO         2935    .text               mc_w.l(__dczerorl2.o)
    0x080009e0   0x080009e0   0x0000002c   Code   RO         1480    i.AT24CXX_CheckOk   bsp_eeprom_24xx.o
    0x08000a0c   0x08000a0c   0x00000018   Code   RO         1481    i.AT24CXX_Init      bsp_eeprom_24xx.o
    0x08000a24   0x08000a24   0x0000002c   Code   RO         1482    i.AT24CXX_ReadF32   bsp_eeprom_24xx.o
    0x08000a50   0x08000a50   0x0000002e   Code   RO         1483    i.AT24CXX_ReadU16   bsp_eeprom_24xx.o
    0x08000a7e   0x08000a7e   0x0000002c   Code   RO         1484    i.AT24CXX_ReadU32   bsp_eeprom_24xx.o
    0x08000aaa   0x08000aaa   0x0000002e   Code   RO         1485    i.AT24CXX_ReadU8    bsp_eeprom_24xx.o
    0x08000ad8   0x08000ad8   0x0000007c   Code   RO         1486    i.AT24CXX_Reads     bsp_eeprom_24xx.o
    0x08000b54   0x08000b54   0x00000030   Code   RO         1487    i.AT24CXX_WriteF32  bsp_eeprom_24xx.o
    0x08000b84   0x08000b84   0x00000030   Code   RO         1488    i.AT24CXX_WriteU16  bsp_eeprom_24xx.o
    0x08000bb4   0x08000bb4   0x00000030   Code   RO         1489    i.AT24CXX_WriteU32  bsp_eeprom_24xx.o
    0x08000be4   0x08000be4   0x00000030   Code   RO         1490    i.AT24CXX_WriteU8   bsp_eeprom_24xx.o
    0x08000c14   0x08000c14   0x000000f4   Code   RO         1491    i.AT24CXX_Writes    bsp_eeprom_24xx.o
    0x08000d08   0x08000d08   0x00000004   Code   RO            1    i.BusFault_Handler  stm32f10x_it.o
    0x08000d0c   0x08000d0c   0x00000098   Code   RO         2088    i.CommandCheckAndExeViaUart1  inc_mbtmc429.o
    0x08000da4   0x08000da4   0x000001fc   Code   RO         2089    i.Command_Analysis_Process  inc_mbtmc429.o
    0x08000fa0   0x08000fa0   0x000000c4   Code   RO         2176    i.Command_analysis_button  app_button.o
    0x08001064   0x08001064   0x000001b0   Code   RO         2119    i.Command_analysis_dido  app_gpio_dido.o
    0x08001214   0x08001214   0x00000290   Code   RO         2218    i.Command_analysis_eeprom  app_eeprom_24xx.o
    0x080014a4   0x080014a4   0x000005d8   Code   RO         2296    i.Command_analysis_motor  app_motor_tmc429.o
    0x08001a7c   0x08001a7c   0x00000410   Code   RO         2297    i.Command_analysis_motor_get  app_motor_tmc429.o
    0x08001e8c   0x08001e8c   0x00000410   Code   RO         2298    i.Command_analysis_motor_set  app_motor_tmc429.o
    0x0800229c   0x0800229c   0x000000c8   Code   RO         2442    i.Command_analysis_uart3  app_serial.o
    0x08002364   0x08002364   0x00000002   Code   RO            2    i.DebugMon_Handler  stm32f10x_it.o
    0x08002366   0x08002366   0x00000002   PAD
    0x08002368   0x08002368   0x00000074   Code   RO         2033    i.EXTI2_IRQHandler  bsp_mcu_exti.o
    0x080023dc   0x080023dc   0x0000000c   Code   RO         1424    i.EXTI_ClearITPendingBit  stm32f10x_exti.o
    0x080023e8   0x080023e8   0x00000094   Code   RO         1429    i.EXTI_Init         stm32f10x_exti.o
    0x0800247c   0x0800247c   0x00000070   Code   RO         2034    i.EXTI_Init_IN8     bsp_mcu_exti.o
    0x080024ec   0x080024ec   0x00000004   Code   RO         2492    i.EnableInterrupts  app_sys_control.o
    0x080024f0   0x080024f0   0x00000040   Code   RO          204    i.GPIO_EXTILineConfig  stm32f10x_gpio.o
    0x08002530   0x08002530   0x00000116   Code   RO          207    i.GPIO_Init         stm32f10x_gpio.o
    0x08002646   0x08002646   0x00000002   PAD
    0x08002648   0x08002648   0x00000090   Code   RO          209    i.GPIO_PinRemapConfig  stm32f10x_gpio.o
    0x080026d8   0x080026d8   0x00000012   Code   RO          211    i.GPIO_ReadInputDataBit  stm32f10x_gpio.o
    0x080026ea   0x080026ea   0x00000004   Code   RO          214    i.GPIO_ResetBits    stm32f10x_gpio.o
    0x080026ee   0x080026ee   0x00000004   Code   RO          215    i.GPIO_SetBits      stm32f10x_gpio.o
    0x080026f2   0x080026f2   0x00000004   Code   RO            3    i.HardFault_Handler  stm32f10x_it.o
    0x080026f6   0x080026f6   0x00000026   Code   RO         1604    i.HardStop          bsp_motor_tmc429.o
    0x0800271c   0x0800271c   0x000000fc   Code   RO         2299    i.Init429           app_motor_tmc429.o
    0x08002818   0x08002818   0x000000f4   Code   RO         1917    i.InitUART_1        bsp_mcu_uart.o
    0x0800290c   0x0800290c   0x00000100   Code   RO         1918    i.InitUART_2        bsp_mcu_uart.o
    0x08002a0c   0x08002a0c   0x00000168   Code   RO         2219    i.LoadParamFromEeprom  app_eeprom_24xx.o
    0x08002b74   0x08002b74   0x00000004   Code   RO            4    i.MemManage_Handler  stm32f10x_it.o
    0x08002b78   0x08002b78   0x0000012c   Code   RO         2399    i.MotorAutoReset_preset  app_motor_home.o
    0x08002ca4   0x08002ca4   0x000000e8   Code   RO         2400    i.MotorHomingWithHomeSensor  app_motor_home.o
    0x08002d8c   0x08002d8c   0x00000058   Code   RO         2401    i.MotorHomingWithLimitSwitch  app_motor_home.o
    0x08002de4   0x08002de4   0x00000002   Code   RO            5    i.NMI_Handler       stm32f10x_it.o
    0x08002de6   0x08002de6   0x00000002   PAD
    0x08002de8   0x08002de8   0x00000070   Code   RO          138    i.NVIC_Init         misc.o
    0x08002e58   0x08002e58   0x00000014   Code   RO          139    i.NVIC_PriorityGroupConfig  misc.o
    0x08002e6c   0x08002e6c   0x00000002   Code   RO            6    i.PendSV_Handler    stm32f10x_it.o
    0x08002e6e   0x08002e6e   0x00000002   PAD
    0x08002e70   0x08002e70   0x0000002c   Code   RO         2443    i.PrintfUart3DataToUart1  app_serial.o
    0x08002e9c   0x08002e9c   0x00000020   Code   RO          323    i.RCC_APB1PeriphClockCmd  stm32f10x_rcc.o
    0x08002ebc   0x08002ebc   0x00000020   Code   RO          324    i.RCC_APB1PeriphResetCmd  stm32f10x_rcc.o
    0x08002edc   0x08002edc   0x00000020   Code   RO          325    i.RCC_APB2PeriphClockCmd  stm32f10x_rcc.o
    0x08002efc   0x08002efc   0x00000020   Code   RO          326    i.RCC_APB2PeriphResetCmd  stm32f10x_rcc.o
    0x08002f1c   0x08002f1c   0x000000d4   Code   RO          333    i.RCC_GetClocksFreq  stm32f10x_rcc.o
    0x08002ff0   0x08002ff0   0x0000002e   Code   RO         1605    i.Read429Bytes      bsp_motor_tmc429.o
    0x0800301e   0x0800301e   0x00000038   Code   RO         1606    i.Read429Int        bsp_motor_tmc429.o
    0x08003056   0x08003056   0x00000002   PAD
    0x08003058   0x08003058   0x00000034   Code   RO         1607    i.Read429Short      bsp_motor_tmc429.o
    0x0800308c   0x0800308c   0x0000001c   Code   RO         1608    i.Read429SingleByte  bsp_motor_tmc429.o
    0x080030a8   0x080030a8   0x0000000e   Code   RO         1609    i.Read429Status     bsp_motor_tmc429.o
    0x080030b6   0x080030b6   0x00000002   PAD
    0x080030b8   0x080030b8   0x00000064   Code   RO         2222    i.ReadPageStringFromEEPROM  app_eeprom_24xx.o
    0x0800311c   0x0800311c   0x00000038   Code   RO         1610    i.ReadWrite429      bsp_motor_tmc429.o
    0x08003154   0x08003154   0x0000007c   Code   RO         1995    i.ReadWriteSPI1     bsp_mcu_spi.o
    0x080031d0   0x080031d0   0x00000028   Code   RO         2495    i.ResetCPU          app_sys_control.o
    0x080031f8   0x080031f8   0x0000009c   Code   RO         1996    i.SPI1_Init         bsp_mcu_spi.o
    0x08003294   0x08003294   0x00000018   Code   RO         1281    i.SPI_Cmd           stm32f10x_spi.o
    0x080032ac   0x080032ac   0x00000012   Code   RO         1289    i.SPI_I2S_GetFlagStatus  stm32f10x_spi.o
    0x080032be   0x080032be   0x00000006   Code   RO         1292    i.SPI_I2S_ReceiveData  stm32f10x_spi.o
    0x080032c4   0x080032c4   0x00000004   Code   RO         1293    i.SPI_I2S_SendData  stm32f10x_spi.o
    0x080032c8   0x080032c8   0x0000003c   Code   RO         1294    i.SPI_Init          stm32f10x_spi.o
    0x08003304   0x08003304   0x00000002   Code   RO            7    i.SVC_Handler       stm32f10x_it.o
    0x08003306   0x08003306   0x00000002   PAD
    0x08003308   0x08003308   0x00000034   Code   RO         2223    i.SaveParamToEeprom  app_eeprom_24xx.o
    0x0800333c   0x0800333c   0x00000046   Code   RO         1611    i.Set429RampMode    bsp_motor_tmc429.o
    0x08003382   0x08003382   0x00000002   PAD
    0x08003384   0x08003384   0x0000016c   Code   RO         1613    i.SetAMax           bsp_motor_tmc429.o
    0x080034f0   0x080034f0   0x000003c0   Code   RO         2300    i.SetAmaxAutoByspeed  app_motor_tmc429.o
    0x080038b0   0x080038b0   0x00000008   Code   RO          104    i.SetSysClock       system_stm32f10x.o
    0x080038b8   0x080038b8   0x000000e0   Code   RO          105    i.SetSysClockTo72   system_stm32f10x.o
    0x08003998   0x08003998   0x0000003c   Code   RO         1837    i.SoftI2c_CheckDevice  bsp_mcu_softi2c.o
    0x080039d4   0x080039d4   0x0000001e   Code   RO         1838    i.SoftI2c_Init      bsp_mcu_softi2c.o
    0x080039f2   0x080039f2   0x00000060   Code   RO         1839    i.SoftI2c_read_byte  bsp_mcu_softi2c.o
    0x08003a52   0x08003a52   0x00000166   Code   RO         1840    i.SoftI2c_reads     bsp_mcu_softi2c.o
    0x08003bb8   0x08003bb8   0x00000048   Code   RO         1841    i.SoftI2c_send_ack  bsp_mcu_softi2c.o
    0x08003c00   0x08003c00   0x00000062   Code   RO         1842    i.SoftI2c_send_byte  bsp_mcu_softi2c.o
    0x08003c62   0x08003c62   0x00000040   Code   RO         1843    i.SoftI2c_send_no_ack  bsp_mcu_softi2c.o
    0x08003ca2   0x08003ca2   0x00000040   Code   RO         1844    i.SoftI2c_start     bsp_mcu_softi2c.o
    0x08003ce2   0x08003ce2   0x00000038   Code   RO         1845    i.SoftI2c_stop      bsp_mcu_softi2c.o
    0x08003d1a   0x08003d1a   0x00000054   Code   RO         1846    i.SoftI2c_wait_ack  bsp_mcu_softi2c.o
    0x08003d6e   0x08003d6e   0x0000014e   Code   RO         1847    i.SoftI2c_writes    bsp_mcu_softi2c.o
    0x08003ebc   0x08003ebc   0x0000001a   Code   RO         2301    i.StopMotorByRamp   app_motor_tmc429.o
    0x08003ed6   0x08003ed6   0x00000028   Code   RO          142    i.SysTick_CLKSourceConfig  misc.o
    0x08003efe   0x08003efe   0x00000002   PAD
    0x08003f00   0x08003f00   0x0000000c   Code   RO         1709    i.SysTick_GetTimer  bsp_mcu_systick.o
    0x08003f0c   0x08003f0c   0x00000010   Code   RO         1710    i.SysTick_Handler   bsp_mcu_systick.o
    0x08003f1c   0x08003f1c   0x0000002a   Code   RO         1711    i.SysTick_Init      bsp_mcu_systick.o
    0x08003f46   0x08003f46   0x00000002   PAD
    0x08003f48   0x08003f48   0x00000060   Code   RO          107    i.SystemInit        system_stm32f10x.o
    0x08003fa8   0x08003fa8   0x00000084   Code   RO         2013    i.TIM3_PWM_Init     bsp_mcu_timer.o
    0x0800402c   0x0800402c   0x00000018   Code   RO          540    i.TIM_Cmd           stm32f10x_tim.o
    0x08004044   0x08004044   0x000000a0   Code   RO          579    i.TIM_OC3Init       stm32f10x_tim.o
    0x080040e4   0x080040e4   0x00000012   Code   RO          582    i.TIM_OC3PreloadConfig  stm32f10x_tim.o
    0x080040f6   0x080040f6   0x00000004   Code   RO          603    i.TIM_SetCompare3   stm32f10x_tim.o
    0x080040fa   0x080040fa   0x00000002   PAD
    0x080040fc   0x080040fc   0x000000a4   Code   RO          611    i.TIM_TimeBaseInit  stm32f10x_tim.o
    0x080041a0   0x080041a0   0x00000018   Code   RO         2014    i.TMC429_CLK_Init   bsp_mcu_timer.o
    0x080041b8   0x080041b8   0x00000694   Code   RO         2302    i.TMC429_GetAxisParameter  app_motor_tmc429.o
    0x0800484c   0x0800484c   0x00000068   Code   RO         2303    i.TMC429_MotorRotate  app_motor_tmc429.o
    0x080048b4   0x080048b4   0x00000024   Code   RO         2304    i.TMC429_MotorStop  app_motor_tmc429.o
    0x080048d8   0x080048d8   0x00000108   Code   RO         2305    i.TMC429_MoveToPosition  app_motor_tmc429.o
    0x080049e0   0x080049e0   0x00000088   Code   RO         2306    i.TMC429_ParameterPresetToRam  app_motor_tmc429.o
    0x08004a68   0x08004a68   0x00000684   Code   RO         2307    i.TMC429_SetAxisParameter  app_motor_tmc429.o
    0x080050ec   0x080050ec   0x00000054   Code   RO         2497    i.Task2_every_ms    app_sys_control.o
    0x08005140   0x08005140   0x00000020   Code   RO         2444    i.UART3_Disable     app_serial.o
    0x08005160   0x08005160   0x00000020   Code   RO         2445    i.UART3_Enable      app_serial.o
    0x08005180   0x08005180   0x000000c8   Code   RO         1922    i.USART1_IRQHandler  bsp_mcu_uart.o
    0x08005248   0x08005248   0x000000d0   Code   RO         1923    i.USART3_IRQHandler  bsp_mcu_uart.o
    0x08005318   0x08005318   0x00000012   Code   RO         1075    i.USART_ClearFlag   stm32f10x_usart.o
    0x0800532a   0x0800532a   0x0000001e   Code   RO         1076    i.USART_ClearITPendingBit  stm32f10x_usart.o
    0x08005348   0x08005348   0x00000018   Code   RO         1079    i.USART_Cmd         stm32f10x_usart.o
    0x08005360   0x08005360   0x0000009c   Code   RO         1081    i.USART_DeInit      stm32f10x_usart.o
    0x080053fc   0x080053fc   0x0000001a   Code   RO         1082    i.USART_GetFlagStatus  stm32f10x_usart.o
    0x08005416   0x08005416   0x0000004a   Code   RO         1085    i.USART_ITConfig    stm32f10x_usart.o
    0x08005460   0x08005460   0x000000d8   Code   RO         1086    i.USART_Init        stm32f10x_usart.o
    0x08005538   0x08005538   0x0000000a   Code   RO         1093    i.USART_ReceiveData  stm32f10x_usart.o
    0x08005542   0x08005542   0x00000018   Code   RO         1102    i.USART_StructInit  stm32f10x_usart.o
    0x0800555a   0x0800555a   0x00000004   Code   RO            8    i.UsageFault_Handler  stm32f10x_it.o
    0x0800555e   0x0800555e   0x00000026   Code   RO         1614    i.Write429Bytes     bsp_motor_tmc429.o
    0x08005584   0x08005584   0x00000028   Code   RO         1615    i.Write429Datagram  bsp_motor_tmc429.o
    0x080055ac   0x080055ac   0x00000026   Code   RO         1616    i.Write429Int       bsp_motor_tmc429.o
    0x080055d2   0x080055d2   0x00000026   Code   RO         1617    i.Write429Short     bsp_motor_tmc429.o
    0x080055f8   0x080055f8   0x00000020   Code   RO         1618    i.Write429Zero      bsp_motor_tmc429.o
    0x08005618   0x08005618   0x00000068   Code   RO         2224    i.WritePageStringToEEPROM  app_eeprom_24xx.o
    0x08005680   0x08005680   0x00000020   Code   RO         2804    i.__0printf         mc_w.l(printfa.o)
    0x080056a0   0x080056a0   0x00000008   Code   RO         2899    i.__aeabi_errno_addr  mc_w.l(errno.o)
    0x080056a8   0x080056a8   0x0000000e   Code   RO         2929    i.__scatterload_copy  mc_w.l(handlers.o)
    0x080056b6   0x080056b6   0x00000002   Code   RO         2930    i.__scatterload_null  mc_w.l(handlers.o)
    0x080056b8   0x080056b8   0x0000000e   Code   RO         2931    i.__scatterload_zeroinit  mc_w.l(handlers.o)
    0x080056c6   0x080056c6   0x00000002   PAD
    0x080056c8   0x080056c8   0x00000184   Code   RO         2811    i._fp_digits        mc_w.l(printfa.o)
    0x0800584c   0x0800584c   0x000006dc   Code   RO         2812    i._printf_core      mc_w.l(printfa.o)
    0x08005f28   0x08005f28   0x00000024   Code   RO         2813    i._printf_post_padding  mc_w.l(printfa.o)
    0x08005f4c   0x08005f4c   0x0000002e   Code   RO         2814    i._printf_pre_padding  mc_w.l(printfa.o)
    0x08005f7a   0x08005f7a   0x00000002   PAD
    0x08005f7c   0x08005f7c   0x000000b4   Code   RO         2225    i.at24cxx_hw_init   app_eeprom_24xx.o
    0x08006030   0x08006030   0x00000048   Code   RO         2177    i.buttonRESET_process  app_button.o
    0x08006078   0x08006078   0x0000007c   Code   RO         2179    i.buttonSTART_process  app_button.o
    0x080060f4   0x080060f4   0x00000012   Code   RO         1735    i.delay_ms          bsp_mcu_delay.o
    0x08006106   0x08006106   0x0000003e   Code   RO         1736    i.delay_us          bsp_mcu_delay.o
    0x08006144   0x08006144   0x00000090   Code   RO         2120    i.dido_hw_init      app_gpio_dido.o
    0x080061d4   0x080061d4   0x00000012   Code   RO         1737    i.drv_mdelay        bsp_mcu_delay.o
    0x080061e6   0x080061e6   0x00000002   PAD
    0x080061e8   0x080061e8   0x00000020   Code   RO         1738    i.drv_udelay        bsp_mcu_delay.o
    0x08006208   0x08006208   0x000000ec   Code   RO         1492    i.ee_ReadBytes      bsp_eeprom_24xx.o
    0x080062f4   0x080062f4   0x000000ec   Code   RO         1493    i.ee_WriteBytes     bsp_eeprom_24xx.o
    0x080063e0   0x080063e0   0x0000001c   Code   RO         1924    i.fputc             bsp_mcu_uart.o
    0x080063fc   0x080063fc   0x0000001c   Code   RO         2121    i.getChInput        app_gpio_dido.o
    0x08006418   0x08006418   0x00000024   Code   RO         1765    i.get_pin           bsp_mcu_gpio.o
    0x0800643c   0x0800643c   0x00000108   Code   RO         2090    i.main              inc_mbtmc429.o
    0x08006544   0x08006544   0x000000d8   Code   RO         1767    i.pinMode           bsp_mcu_gpio.o
    0x0800661c   0x0800661c   0x00000024   Code   RO         1768    i.pinRead           bsp_mcu_gpio.o
    0x08006640   0x08006640   0x0000001e   Code   RO         1769    i.pinReset          bsp_mcu_gpio.o
    0x0800665e   0x0800665e   0x00000002   PAD
    0x08006660   0x08006660   0x00000018   Code   RO         1770    i.pinSWD_Init       bsp_mcu_gpio.o
    0x08006678   0x08006678   0x0000001e   Code   RO         1771    i.pinSet            bsp_mcu_gpio.o
    0x08006696   0x08006696   0x0000001a   Code   RO         1772    i.pinToggle         bsp_mcu_gpio.o
    0x080066b0   0x080066b0   0x00000018   Code   RO         1773    i.pinWrite          bsp_mcu_gpio.o
    0x080066c8   0x080066c8   0x00000070   Code   RO         2180    i.printf_cmdList_button  app_button.o
    0x08006738   0x08006738   0x00000224   Code   RO         2226    i.printf_cmdList_eeprom  app_eeprom_24xx.o
    0x0800695c   0x0800695c   0x000000a4   Code   RO         2123    i.printf_cmdList_gpio  app_gpio_dido.o
    0x08006a00   0x08006a00   0x0000020c   Code   RO         2308    i.printf_cmdList_motor  app_motor_tmc429.o
    0x08006c0c   0x08006c0c   0x0000032c   Code   RO         2309    i.printf_cmdList_motor_get  app_motor_tmc429.o
    0x08006f38   0x08006f38   0x00000048   Code   RO         2310    i.printf_cmdList_motor_set  app_motor_tmc429.o
    0x08006f80   0x08006f80   0x00000060   Code   RO         2447    i.printf_cmdList_uart3  app_serial.o
    0x08006fe0   0x08006fe0   0x000000a8   Code   RO         2448    i.serial3_data_processing  app_serial.o
    0x08007088   0x08007088   0x00000018   Code   RO         2126    i.setChOutput       app_gpio_dido.o
    0x080070a0   0x080070a0   0x0000019c   Code   RO         2402    i.setPositionAsOrigin  app_motor_home.o
    0x0800723c   0x0800723c   0x00000098   Code   RO         2311    i.tmc429_hw_init    app_motor_tmc429.o
    0x080072d4   0x080072d4   0x000000c8   Data   RO         1494    .constdata          bsp_eeprom_24xx.o
    0x0800739c   0x0800739c   0x00000540   Data   RO         1776    .constdata          bsp_mcu_gpio.o
    0x080078dc   0x080078dc   0x00000081   Data   RO         2872    .constdata          mc_w.l(ctype_o.o)
    0x0800795d   0x0800795d   0x00000003   PAD
    0x08007960   0x08007960   0x00000004   Data   RO         2873    .constdata          mc_w.l(ctype_o.o)
    0x08007964   0x08007964   0x00000041   Data   RO         2181    .conststring        app_button.o
    0x080079a5   0x080079a5   0x00000003   PAD
    0x080079a8   0x080079a8   0x00000041   Data   RO         2230    .conststring        app_eeprom_24xx.o
    0x080079e9   0x080079e9   0x00000003   PAD
    0x080079ec   0x080079ec   0x0000035e   Data   RO         2313    .conststring        app_motor_tmc429.o
    0x08007d4a   0x08007d4a   0x00000002   PAD
    0x08007d4c   0x08007d4c   0x00000020   Data   RO         2927    Region$$Table       anon$$obj.o


    Execution Region RW_IRAM1 (Exec base: 0x20000000, Load base: 0x08007d6c, Size: 0x00000688, Max: 0x00010000, ABSOLUTE, COMPRESSED[0x000000a0])

    Exec Addr    Load Addr    Size         Type   Attr      Idx    E Section Name        Object

    0x20000000   COMPRESSED   0x00000014   Data   RW          108    .data               system_stm32f10x.o
    0x20000014   COMPRESSED   0x00000014   Data   RW          353    .data               stm32f10x_rcc.o
    0x20000028   COMPRESSED   0x00000038   Data   RW         1495    .data               bsp_eeprom_24xx.o
    0x20000060   COMPRESSED   0x00000004   Data   RW         1712    .data               bsp_mcu_systick.o
    0x20000064   COMPRESSED   0x0000002c   Data   RW         1848    .data               bsp_mcu_softi2c.o
    0x20000090   COMPRESSED   0x00000004   Data   RW         1926    .data               bsp_mcu_uart.o
    0x20000094   COMPRESSED   0x00000007   Data   RW         2091    .data               inc_mbtmc429.o
    0x2000009b   COMPRESSED   0x00000017   Data   RW         2127    .data               app_gpio_dido.o
    0x200000b2   COMPRESSED   0x00000004   Data   RW         2182    .data               app_button.o
    0x200000b6   COMPRESSED   0x00000002   PAD
    0x200000b8   COMPRESSED   0x00000020   Data   RW         2231    .data               app_eeprom_24xx.o
    0x200000d8   COMPRESSED   0x00000046   Data   RW         2314    .data               app_motor_tmc429.o
    0x2000011e   COMPRESSED   0x00000001   Data   RW         2403    .data               app_motor_home.o
    0x2000011f   COMPRESSED   0x00000003   Data   RW         2449    .data               app_serial.o
    0x20000122   COMPRESSED   0x00000002   PAD
    0x20000124   COMPRESSED   0x0000000c   Data   RW         2499    .data               app_sys_control.o
    0x20000130   COMPRESSED   0x00000004   Data   RW         2864    .data               mc_w.l(stdout.o)
    0x20000134   COMPRESSED   0x00000004   Data   RW         2902    .data               mc_w.l(errno.o)
    0x20000138        -       0x000000fa   Zero   RW         1925    .bss                bsp_mcu_uart.o
    0x20000232   COMPRESSED   0x00000002   PAD
    0x20000234        -       0x0000003c   Zero   RW         2229    .bss                app_eeprom_24xx.o
    0x20000270        -       0x00000018   Zero   RW         2312    .bss                app_motor_tmc429.o
    0x20000288        -       0x00000400   Zero   RW         1269    STACK               startup_stm32f10x_hd.o


==============================================================================

Image component sizes


      Code (inc. data)   RO Data    RW Data    ZI Data      Debug   Object Name

       504        242         65          4          0       2850   app_button.o
      2000       1142         65         32         60       7405   app_eeprom_24xx.o
       792        336          0         23          0       4167   app_gpio_dido.o
      1032        210          0          1          0       3335   app_motor_home.o
     10266       3760        862         70         24      17505   app_motor_tmc429.o
       572        278          0          3          0       3584   app_serial.o
       128         18          0         12          0      17403   app_sys_control.o
      1280         32        200         56          0      17625   bsp_eeprom_24xx.o
       130          8          0          0          0       2268   bsp_mcu_delay.o
       228         86          0          0          0       1135   bsp_mcu_exti.o
       422         30       1344          0          0       5413   bsp_mcu_gpio.o
      1316          0          0         44          0       8979   bsp_mcu_softi2c.o
       280         20          0          0          0       1508   bsp_mcu_spi.o
        70         10          0          4          0       2076   bsp_mcu_systick.o
       156         14          0          0          0       1242   bsp_mcu_timer.o
       936         54          0          4        250       6208   bsp_mcu_uart.o
       910         22          0          0          0      10644   bsp_motor_tmc429.o
         0          0          0          0          0         32   core_cm3.o
       924        422          0          7          0       3048   inc_mbtmc429.o
       172         22          0          0          0      12677   misc.o
        36          8        304          0       1024        836   startup_stm32f10x_hd.o
       160         12          0          0          0       3813   stm32f10x_exti.o
       512         10          0          0          0      13688   stm32f10x_gpio.o
        24          0          0          0          0     257384   stm32f10x_it.o
       340         44          0         20          0      14536   stm32f10x_rcc.o
       112          0          0          0          0      10946   stm32f10x_spi.o
       370         52          0          0          0      24120   stm32f10x_tim.o
       578         28          0          0          0      13522   stm32f10x_usart.o
       328         28          0         20          0       2465   system_stm32f10x.o

    ----------------------------------------------------------------------
     24604       6888       2880        304       1360     470414   Object Totals
         0          0         32          0          0          0   (incl. Generated)
        26          0          8          4          2          0   (incl. Padding)

    ----------------------------------------------------------------------

      Code (inc. data)   RO Data    RW Data    ZI Data      Debug   Library Member Name

        86          0          0          0          0          0   __dczerorl2.o
        28          0          0          0          0         68   _chval.o
       158          0          0          0          0         92   _strtoul.o
         8          4        133          0          0         68   ctype_o.o
         0          0          0          0          0          0   entry.o
         0          0          0          0          0          0   entry10a.o
         0          0          0          0          0          0   entry11a.o
         8          4          0          0          0          0   entry2.o
         4          0          0          0          0          0   entry5.o
         0          0          0          0          0          0   entry7b.o
         0          0          0          0          0          0   entry8b.o
         8          4          0          0          0          0   entry9a.o
         8          4          0          4          0         68   errno.o
        30          0          0          0          0          0   handlers.o
        36          8          0          0          0         68   init.o
         0          0          0          0          0          0   iusefp.o
        30          0          0          0          0         68   llshl.o
        36          0          0          0          0         68   llsshr.o
        32          0          0          0          0         68   llushr.o
        36          0          0          0          0         68   memcpya.o
      2258         90          0          0          0        452   printfa.o
         0          0          0          4          0          0   stdout.o
        28          0          0          0          0         76   strcmp.o
        14          0          0          0          0         68   strlen.o
        30          0          0          0          0         80   strncmp.o
       112          0          0          0          0         88   strtol.o
        44          0          0          0          0         80   uidiv.o
        98          0          0          0          0         92   uldiv.o
        48          0          0          0          0         68   cdrcmple.o
        56          0          0          0          0         88   d2f.o
       334          0          0          0          0        148   dadd.o
       222          0          0          0          0        100   ddiv.o
       186          0          0          0          0        176   depilogue.o
        62          0          0          0          0         80   dfixi.o
        48          0          0          0          0         68   dfixul.o
        34          0          0          0          0         76   dflti.o
        26          0          0          0          0         76   dfltui.o
       228          0          0          0          0         96   dmul.o
        38          0          0          0          0         68   f2d.o
       110          0          0          0          0        168   fepilogue.o

    ----------------------------------------------------------------------
      4488        114        136          8          0       2784   Library Totals
         4          0          3          0          0          0   (incl. Padding)

    ----------------------------------------------------------------------

      Code (inc. data)   RO Data    RW Data    ZI Data      Debug   Library Name

      3092        114        133          8          0       1572   mc_w.l
      1392          0          0          0          0       1212   mf_w.l

    ----------------------------------------------------------------------
      4488        114        136          8          0       2784   Library Totals

    ----------------------------------------------------------------------

==============================================================================


      Code (inc. data)   RO Data    RW Data    ZI Data      Debug   

     29092       7002       3016        312       1360     463914   Grand Totals
     29092       7002       3016        160       1360     463914   ELF Image Totals (compressed)
     29092       7002       3016        160          0          0   ROM Totals

==============================================================================

    Total RO  Size (Code + RO Data)                32108 (  31.36kB)
    Total RW  Size (RW Data + ZI Data)              1672 (   1.63kB)
    Total ROM Size (Code + RO Data + RW Data)      32268 (  31.51kB)

==============================================================================

