Component: ARM Compiler 5.06 update 5 (build 528) Tool: armlink [4d35e2]

==============================================================================

Section Cross References

    stm32f0xx_flash.o(i.FLASH_EraseAllPages) refers to stm32f0xx_flash.o(i.FLASH_WaitForLastOperation) for FLASH_WaitForLastOperation
    stm32f0xx_flash.o(i.FLASH_ErasePage) refers to stm32f0xx_flash.o(i.FLASH_WaitForLastOperation) for FLASH_WaitForLastOperation
    stm32f0xx_flash.o(i.FLASH_OB_BOOT0Config) refers to stm32f0xx_flash.o(i.FLASH_WaitForLastOperation) for FLASH_WaitForLastOperation
    stm32f0xx_flash.o(i.FLASH_OB_BOOT0SWConfig) refers to stm32f0xx_flash.o(i.FLASH_WaitForLastOperation) for FLASH_WaitForLastOperation
    stm32f0xx_flash.o(i.FLASH_OB_BOOTConfig) refers to stm32f0xx_flash.o(i.FLASH_WaitForLastOperation) for FLASH_WaitForLastOperation
    stm32f0xx_flash.o(i.FLASH_OB_EnableWRP) refers to stm32f0xx_flash.o(i.FLASH_WaitForLastOperation) for FLASH_WaitForLastOperation
    stm32f0xx_flash.o(i.FLASH_OB_Erase) refers to stm32f0xx_flash.o(i.FLASH_OB_GetRDP) for FLASH_OB_GetRDP
    stm32f0xx_flash.o(i.FLASH_OB_Erase) refers to stm32f0xx_flash.o(i.FLASH_WaitForLastOperation) for FLASH_WaitForLastOperation
    stm32f0xx_flash.o(i.FLASH_OB_ProgramData) refers to stm32f0xx_flash.o(i.FLASH_WaitForLastOperation) for FLASH_WaitForLastOperation
    stm32f0xx_flash.o(i.FLASH_OB_RDPConfig) refers to stm32f0xx_flash.o(i.FLASH_WaitForLastOperation) for FLASH_WaitForLastOperation
    stm32f0xx_flash.o(i.FLASH_OB_SRAMParityConfig) refers to stm32f0xx_flash.o(i.FLASH_WaitForLastOperation) for FLASH_WaitForLastOperation
    stm32f0xx_flash.o(i.FLASH_OB_UserConfig) refers to stm32f0xx_flash.o(i.FLASH_WaitForLastOperation) for FLASH_WaitForLastOperation
    stm32f0xx_flash.o(i.FLASH_OB_VDDAConfig) refers to stm32f0xx_flash.o(i.FLASH_WaitForLastOperation) for FLASH_WaitForLastOperation
    stm32f0xx_flash.o(i.FLASH_OB_WriteUser) refers to stm32f0xx_flash.o(i.FLASH_WaitForLastOperation) for FLASH_WaitForLastOperation
    stm32f0xx_flash.o(i.FLASH_ProgramHalfWord) refers to stm32f0xx_flash.o(i.FLASH_WaitForLastOperation) for FLASH_WaitForLastOperation
    stm32f0xx_flash.o(i.FLASH_ProgramWord) refers to stm32f0xx_flash.o(i.FLASH_WaitForLastOperation) for FLASH_WaitForLastOperation
    stm32f0xx_flash.o(i.FLASH_WaitForLastOperation) refers to stm32f0xx_flash.o(i.FLASH_GetStatus) for FLASH_GetStatus
    stm32f0xx_gpio.o(i.GPIO_DeInit) refers to stm32f0xx_rcc.o(i.RCC_AHBPeriphResetCmd) for RCC_AHBPeriphResetCmd
    stm32f0xx_rcc.o(i.RCC_GetClocksFreq) refers to uidiv.o(.text) for __aeabi_uidivmod
    stm32f0xx_rcc.o(i.RCC_GetClocksFreq) refers to stm32f0xx_rcc.o(.data) for APBAHBPrescTable
    stm32f0xx_rcc.o(i.RCC_WaitForHSEStartUp) refers to stm32f0xx_rcc.o(i.RCC_GetFlagStatus) for RCC_GetFlagStatus
    stm32f0xx_spi.o(i.I2S_Init) refers to stm32f0xx_rcc.o(i.RCC_GetClocksFreq) for RCC_GetClocksFreq
    stm32f0xx_spi.o(i.I2S_Init) refers to uidiv.o(.text) for __aeabi_uidivmod
    stm32f0xx_spi.o(i.SPI_I2S_DeInit) refers to stm32f0xx_rcc.o(i.RCC_APB2PeriphResetCmd) for RCC_APB2PeriphResetCmd
    stm32f0xx_spi.o(i.SPI_I2S_DeInit) refers to stm32f0xx_rcc.o(i.RCC_APB1PeriphResetCmd) for RCC_APB1PeriphResetCmd
    stm32f0xx_usart.o(i.USART_DeInit) refers to stm32f0xx_rcc.o(i.RCC_APB2PeriphResetCmd) for RCC_APB2PeriphResetCmd
    stm32f0xx_usart.o(i.USART_DeInit) refers to stm32f0xx_rcc.o(i.RCC_APB1PeriphResetCmd) for RCC_APB1PeriphResetCmd
    stm32f0xx_usart.o(i.USART_Init) refers to stm32f0xx_rcc.o(i.RCC_GetClocksFreq) for RCC_GetClocksFreq
    stm32f0xx_usart.o(i.USART_Init) refers to uidiv.o(.text) for __aeabi_uidivmod
    stm32f0xx_adc.o(i.ADC_DeInit) refers to stm32f0xx_rcc.o(i.RCC_APB2PeriphResetCmd) for RCC_APB2PeriphResetCmd
    uart1.o(i.USART1_IRQHandler) refers to stm32f0xx_usart.o(i.USART_GetFlagStatus) for USART_GetFlagStatus
    uart1.o(i.USART1_IRQHandler) refers to stm32f0xx_usart.o(i.USART_ClearFlag) for USART_ClearFlag
    uart1.o(i.USART1_IRQHandler) refers to stm32f0xx_usart.o(i.USART_ReceiveData) for USART_ReceiveData
    uart1.o(i.USART1_IRQHandler) refers to stm32f0xx_usart.o(i.USART_GetITStatus) for USART_GetITStatus
    uart1.o(i.USART1_IRQHandler) refers to stm32f0xx_usart.o(i.USART_ClearITPendingBit) for USART_ClearITPendingBit
    uart1.o(i.USART1_IRQHandler) refers to uart1.o(.data) for USART1_RX_STA
    uart1.o(i.USART1_IRQHandler) refers to uart1.o(.bss) for USART1_RX_BUF
    uart1.o(i.USART1_IRQHandler1) refers to stm32f0xx_usart.o(i.USART_GetFlagStatus) for USART_GetFlagStatus
    uart1.o(i.USART1_IRQHandler1) refers to stm32f0xx_usart.o(i.USART_ClearFlag) for USART_ClearFlag
    uart1.o(i.USART1_IRQHandler1) refers to stm32f0xx_usart.o(i.USART_ReceiveData) for USART_ReceiveData
    uart1.o(i.USART1_IRQHandler1) refers to stm32f0xx_usart.o(i.USART_GetITStatus) for USART_GetITStatus
    uart1.o(i.USART1_IRQHandler1) refers to stm32f0xx_usart.o(i.USART_ClearITPendingBit) for USART_ClearITPendingBit
[...]
    uart1.o(i.USART1_IRQHandler2) refers to stm32f0xx_usart.o(i.USART_GetITStatus) for USART_GetITStatus
    uart1.o(i.USART1_IRQHandler2) refers to stm32f0xx_usart.o(i.USART_ClearITPendingBit) for USART_ClearITPendingBit
    uart1.o(i.USART1_IRQHandler2) refers to uart1.o(.data) for USART1_RX_STA
    uart1.o(i.USART1_IRQHandler2) refers to uart1.o(.bss) for USART1_RX_BUF
    uart1.o(i.fputc) refers to stm32f0xx_usart.o(i.USART_SendData) for USART_SendData
    uart1.o(i.fputc) refers to stm32f0xx_usart.o(i.USART_GetFlagStatus) for USART_GetFlagStatus
    uart1.o(i.uart1_init) refers to stm32f0xx_rcc.o(i.RCC_AHBPeriphClockCmd) for RCC_AHBPeriphClockCmd
    uart1.o(i.uart1_init) refers to stm32f0xx_rcc.o(i.RCC_APB2PeriphClockCmd) for RCC_APB2PeriphClockCmd
    uart1.o(i.uart1_init) refers to stm32f0xx_gpio.o(i.GPIO_PinAFConfig) for GPIO_PinAFConfig
    uart1.o(i.uart1_init) refers to stm32f0xx_gpio.o(i.GPIO_Init) for GPIO_Init
    uart1.o(i.uart1_init) refers to stm32f0xx_misc.o(i.NVIC_Init) for NVIC_Init
    uart1.o(i.uart1_init) refers to stm32f0xx_usart.o(i.USART_Init) for USART_Init
    uart1.o(i.uart1_init) refers to stm32f0xx_usart.o(i.USART_ClearFlag) for USART_ClearFlag
    uart1.o(i.uart1_init) refers to stm32f0xx_usart.o(i.USART_ITConfig) for USART_ITConfig
    uart1.o(i.uart1_init) refers to stm32f0xx_usart.o(i.USART_Cmd) for USART_Cmd
    delay.o(i.AutoTask0_per_ms) refers to delay.o(i.SysTick_GetTimer) for SysTick_GetTimer
    delay.o(i.AutoTask0_per_ms) refers to delay.o(.data) for AutoTaskDelay0
    delay.o(i.AutoTask1_per_ms) refers to delay.o(i.SysTick_GetTimer) for SysTick_GetTimer
    delay.o(i.AutoTask1_per_ms) refers to delay.o(.data) for AutoTaskDelay1
    delay.o(i.SysTick_GetTimer) refers to delay.o(.data) for SysTickTimer
    delay.o(i.SysTick_Handler) refers to delay.o(.data) for SysTickTimer
    delay.o(i.delay_ms) refers to delay.o(i.delay_us) for delay_us
    bsp_eeprom_24xx.o(i.ee_CheckOk) refers to bsp_i2c_gpio.o(i.i2c_CheckDevice) for i2c_CheckDevice
    bsp_eeprom_24xx.o(i.ee_CheckOk) refers to bsp_i2c_gpio.o(i.i2c_Stop) for i2c_Stop
    bsp_eeprom_24xx.o(i.ee_ReadBytes) refers to bsp_i2c_gpio.o(i.i2c_Start) for i2c_Start
    bsp_eeprom_24xx.o(i.ee_ReadBytes) refers to bsp_i2c_gpio.o(i.i2c_SendByte) for i2c_SendByte
    bsp_eeprom_24xx.o(i.ee_ReadBytes) refers to bsp_i2c_gpio.o(i.i2c_WaitAck) for i2c_WaitAck
    bsp_eeprom_24xx.o(i.ee_ReadBytes) refers to bsp_i2c_gpio.o(i.i2c_ReadByte) for i2c_ReadByte
    bsp_eeprom_24xx.o(i.ee_ReadBytes) refers to bsp_i2c_gpio.o(i.i2c_Ack) for i2c_Ack
    bsp_eeprom_24xx.o(i.ee_ReadBytes) refers to bsp_i2c_gpio.o(i.i2c_NAck) for i2c_NAck
    bsp_eeprom_24xx.o(i.ee_ReadBytes) refers to bsp_i2c_gpio.o(i.i2c_Stop) for i2c_Stop
    bsp_eeprom_24xx.o(i.ee_WriteBytes) refers to bsp_i2c_gpio.o(i.i2c_Stop) for i2c_Stop
    bsp_eeprom_24xx.o(i.ee_WriteBytes) refers to bsp_i2c_gpio.o(i.i2c_Start) for i2c_Start
    bsp_eeprom_24xx.o(i.ee_WriteBytes) refers to bsp_i2c_gpio.o(i.i2c_SendByte) for i2c_SendByte
    bsp_eeprom_24xx.o(i.ee_WriteBytes) refers to bsp_i2c_gpio.o(i.i2c_WaitAck) for i2c_WaitAck
    bsp_i2c_gpio.o(i.bsp_InitI2C) refers to stm32f0xx_rcc.o(i.RCC_AHBPeriphClockCmd) for RCC_AHBPeriphClockCmd
    bsp_i2c_gpio.o(i.bsp_InitI2C) refers to stm32f0xx_gpio.o(i.GPIO_Init) for GPIO_Init
    bsp_i2c_gpio.o(i.bsp_InitI2C) refers to bsp_i2c_gpio.o(i.i2c_Stop) for i2c_Stop
    bsp_i2c_gpio.o(i.i2c_Ack) refers to bsp_i2c_gpio.o(i.i2c_Delay) for i2c_Delay
    bsp_i2c_gpio.o(i.i2c_CheckDevice) refers to bsp_i2c_gpio.o(i.i2c_Start) for i2c_Start
    bsp_i2c_gpio.o(i.i2c_CheckDevice) refers to bsp_i2c_gpio.o(i.i2c_SendByte) for i2c_SendByte
    bsp_i2c_gpio.o(i.i2c_CheckDevice) refers to bsp_i2c_gpio.o(i.i2c_WaitAck) for i2c_WaitAck
    bsp_i2c_gpio.o(i.i2c_CheckDevice) refers to bsp_i2c_gpio.o(i.i2c_Stop) for i2c_Stop
    bsp_i2c_gpio.o(i.i2c_Delay) refers to uidiv.o(.text) for __aeabi_uidivmod
    bsp_i2c_gpio.o(i.i2c_Delay) refers to system_stm32f0xx.o(.data) for SystemCoreClock
    bsp_i2c_gpio.o(i.i2c_NAck) refers to bsp_i2c_gpio.o(i.i2c_Delay) for i2c_Delay
    bsp_i2c_gpio.o(i.i2c_ReadByte) refers to bsp_i2c_gpio.o(i.i2c_Delay) for i2c_Delay
    bsp_i2c_gpio.o(i.i2c_SendByte) refers to bsp_i2c_gpio.o(i.i2c_Delay) for i2c_Delay
    bsp_i2c_gpio.o(i.i2c_Start) refers to bsp_i2c_gpio.o(i.i2c_Delay) for i2c_Delay
    bsp_i2c_gpio.o(i.i2c_Stop) refers to bsp_i2c_gpio.o(i.i2c_Delay) for i2c_Delay
    bsp_i2c_gpio.o(i.i2c_WaitAck) refers to bsp_i2c_gpio.o(i.i2c_Delay) for i2c_Delay
    system_stm32f0xx.o(i.SystemCoreClockUpdate) refers to uidiv.o(.text) for __aeabi_uidivmod
    system_stm32f0xx.o(i.SystemCoreClockUpdate) refers to system_stm32f0xx.o(.data) for SystemCoreClock
    system_stm32f0xx.o(i.SystemInit) refers to system_stm32f0xx.o(i.SetSysClock) for SetSysClock
    startup_stm32f030.o(RESET) refers to startup_stm32f030.o(STACK) for __initial_sp
    startup_stm32f030.o(RESET) refers to startup_stm32f030.o(.text) for Reset_Handler
    startup_stm32f030.o(RESET) refers to stm32f0xx_it.o(i.NMI_Handler) for NMI_Handler
    startup_stm32f030.o(RESET) refers to stm32f0xx_it.o(i.HardFault_Handler) for HardFault_Handler
    startup_stm32f030.o(RESET) refers to stm32f0xx_it.o(i.SVC_Handler) for SVC_Handler
    startup_stm32f030.o(RESET) refers to stm32f0xx_it.o(i.PendSV_Handler) for PendSV_Handler
    startup_stm32f030.o(RESET) refers to delay.o(i.SysTick_Handler) for SysTick_Handler
    startup_stm32f030.o(RESET) refers to uart1.o(i.USART1_IRQHandler) for USART1_IRQHandler
    startup_stm32f030.o(.text) refers to startup_stm32f030.o(STACK) for __initial_sp
    startup_stm32f030.o(.text) refers to system_stm32f0xx.o(i.SystemInit) for SystemInit
    startup_stm32f030.o(.text) refers to entry.o(.ARM.Collect$$$$00000000) for __main
    user_test.o(i.Uart1Task_test) refers to delay.o(i.SysTick_GetTimer) for SysTick_GetTimer
    user_test.o(i.Uart1Task_test) refers to printfa.o(i.__0printf) for __2printf
    user_test.o(i.Uart1Task_test) refers to delay.o(i.delay_ms) for delay_ms
    user_test.o(i.Uart1Task_test) refers to user_test.o(.data) for KeyTaskDelay
    inc_mboakpled-01.o(i.CommandCheckAndExeViaUart1) refers to printfa.o(i.__0printf) for printf
    inc_mboakpled-01.o(i.CommandCheckAndExeViaUart1) refers to inc_mboakpled-01.o(i.Command_Analysis_Process) for Command_Analysis_Process
    inc_mboakpled-01.o(i.CommandCheckAndExeViaUart1) refers to uart1.o(.data) for USART1_RX_STA
    inc_mboakpled-01.o(i.CommandCheckAndExeViaUart1) refers to uart1.o(.bss) for USART1_RX_BUF
    inc_mboakpled-01.o(i.CommandCheckAndExeViaUart1) refers to inc_mboakpled-01.o(.data) for PromptString
    inc_mboakpled-01.o(i.Command_Analysis_Process) refers to inc_mboakpled-01.o(i.MakeLowercase) for MakeLowercase
    inc_mboakpled-01.o(i.Command_Analysis_Process) refers to inc_mboakpled-01.o(i.Command_INC_MBOAKPLED) for Command_INC_MBOAKPLED
    inc_mboakpled-01.o(i.Command_Analysis_Process) refers to strcmp.o(.text) for strcmp
    inc_mboakpled-01.o(i.Command_Analysis_Process) refers to inc_mboakpled-01.o(i.INC_MBOAKPLED_CMDList) for INC_MBOAKPLED_CMDList
    inc_mboakpled-01.o(i.Command_INC_MBOAKPLED) refers to strcmp.o(.text) for strcmp
    inc_mboakpled-01.o(i.Command_INC_MBOAKPLED) refers to printfa.o(i.__0printf) for __2printf
    inc_mboakpled-01.o(i.Command_INC_MBOAKPLED) refers to stm32f0xx_gpio.o(i.GPIO_ResetBits) for GPIO_ResetBits
    inc_mboakpled-01.o(i.Command_INC_MBOAKPLED) refers to stm32f0xx_gpio.o(i.GPIO_SetBits) for GPIO_SetBits
    inc_mboakpled-01.o(i.INC_MBOAKPLED_CMDList) refers to printfa.o(i.__0printf) for __2printf
    inc_mboakpled-01.o(i.INC_MBOAKPLED_hw_init) refers to stm32f0xx_rcc.o(i.RCC_AHBPeriphClockCmd) for RCC_AHBPeriphClockCmd
    inc_mboakpled-01.o(i.INC_MBOAKPLED_hw_init) refers to stm32f0xx_gpio.o(i.GPIO_Init) for GPIO_Init
    inc_mboakpled-01.o(i.INC_MBOAKPLED_hw_init) refers to stm32f0xx_gpio.o(i.GPIO_ResetBits) for GPIO_ResetBits
    inc_mboakpled-01.o(i.main) refers to stm32f0xx_rcc.o(i.RCC_GetClocksFreq) for RCC_GetClocksFreq
    inc_mboakpled-01.o(i.main) refers to uidiv.o(.text) for __aeabi_uidivmod
    inc_mboakpled-01.o(i.main) refers to inc_mboakpled-01.o(i.NVIC_SetPriority) for NVIC_SetPriority
    inc_mboakpled-01.o(i.main) refers to delay.o(i.delay_ms) for delay_ms
    inc_mboakpled-01.o(i.main) refers to uart1.o(i.uart1_init) for uart1_init
    inc_mboakpled-01.o(i.main) refers to inc_mboakpled-01.o(i.user_show_version) for user_show_version
    inc_mboakpled-01.o(i.main) refers to inc_mboakpled-01.o(i.INC_MBOAKPLED_hw_init) for INC_MBOAKPLED_hw_init
    inc_mboakpled-01.o(i.main) refers to delay.o(i.SysTick_GetTimer) for SysTick_GetTimer
    inc_mboakpled-01.o(i.main) refers to inc_mboakpled-01.o(i.CommandCheckAndExeViaUart1) for CommandCheckAndExeViaUart1
    inc_mboakpled-01.o(i.main) refers to delay.o(i.AutoTask0_per_ms) for AutoTask0_per_ms
    inc_mboakpled-01.o(i.main) refers to inc_mboakpled-01.o(.bss) for RCC_Clocks
    inc_mboakpled-01.o(i.user_show_version) refers to printfa.o(i.__0printf) for __2printf
    inc_mboakpled-01.o(i.user_show_version) refers to inc_mboakpled-01.o(.data) for version_string
    entry.o(.ARM.Collect$$$$00000000) refers (Special) to entry10a.o(.ARM.Collect$$$$0000000D) for __rt_final_cpp
    entry.o(.ARM.Collect$$$$00000000) refers (Special) to entry11a.o(.ARM.Collect$$$$0000000F) for __rt_final_exit
    entry.o(.ARM.Collect$$$$00000000) refers (Special) to entry7b.o(.ARM.Collect$$$$00000008) for _main_clock
    entry.o(.ARM.Collect$$$$00000000) refers (Special) to entry8b.o(.ARM.Collect$$$$0000000A) for _main_cpp_init
    entry.o(.ARM.Collect$$$$00000000) refers (Special) to entry9a.o(.ARM.Collect$$$$0000000B) for _main_init
    entry.o(.ARM.Collect$$$$00000000) refers (Special) to entry5.o(.ARM.Collect$$$$00000004) for _main_scatterload
    entry.o(.ARM.Collect$$$$00000000) refers (Special) to entry2.o(.ARM.Collect$$$$00000001) for _main_stk
    printfb.o(i.__0fprintf$bare) refers to printfb.o(i._printf_core) for _printf_core
    printfb.o(i.__0fprintf$bare) refers to uart1.o(i.fputc) for fputc
    printfb.o(i.__0printf$bare) refers to printfb.o(i._printf_core) for _printf_core
    printfb.o(i.__0printf$bare) refers to uart1.o(i.fputc) for fputc
    printfb.o(i.__0printf$bare) refers to stdout.o(.data) for __stdout
    printfb.o(i.__0snprintf$bare) refers to printfb.o(i._printf_core) for _printf_core
    printfb.o(i.__0snprintf$bare) refers to printfb.o(i._snputc) for _snputc
    printfb.o(i.__0sprintf$bare) refers to printfb.o(i._printf_core) for _printf_core
    printfb.o(i.__0sprintf$bare) refers to printfb.o(i._sputc) for _sputc
    printfb.o(i.__0vfprintf$bare) refers to printfb.o(i._printf_core) for _printf_core
    printfb.o(i.__0vfprintf$bare) refers to uart1.o(i.fputc) for fputc
    printfb.o(i.__0vprintf$bare) refers to printfb.o(i._printf_core) for _printf_core
    printfb.o(i.__0vprintf$bare) refers to uart1.o(i.fputc) for fputc
    printfb.o(i.__0vprintf$bare) refers to stdout.o(.data) for __stdout
    printfb.o(i.__0vsnprintf$bare) refers to printfb.o(i._printf_core) for _printf_core
    printfb.o(i.__0vsnprintf$bare) refers to printfb.o(i._snputc) for _snputc
    printfb.o(i.__0vsprintf$bare) refers to printfb.o(i._printf_core) for _printf_core
    printfb.o(i.__0vsprintf$bare) refers to printfb.o(i._sputc) for _sputc
    printf0.o(i.__0fprintf$0) refers to printf0.o(i._printf_core) for _printf_core
    printf0.o(i.__0fprintf$0) refers to uart1.o(i.fputc) for fputc
    printf0.o(i.__0printf$0) refers to printf0.o(i._printf_core) for _printf_core
    printf0.o(i.__0printf$0) refers to uart1.o(i.fputc) for fputc
    printf0.o(i.__0printf$0) refers to stdout.o(.data) for __stdout
    printf0.o(i.__0snprintf$0) refers to printf0.o(i._printf_core) for _printf_core
    printf0.o(i.__0snprintf$0) refers to printf0.o(i._snputc) for _snputc
    printf0.o(i.__0sprintf$0) refers to printf0.o(i._printf_core) for _printf_core
    printf0.o(i.__0sprintf$0) refers to printf0.o(i._sputc) for _sputc
    printf0.o(i.__0vfprintf$0) refers to printf0.o(i._printf_core) for _printf_core
    printf0.o(i.__0vfprintf$0) refers to uart1.o(i.fputc) for fputc
    printf0.o(i.__0vprintf$0) refers to printf0.o(i._printf_core) for _printf_core
    printf0.o(i.__0vprintf$0) refers to uart1.o(i.fputc) for fputc
    printf0.o(i.__0vprintf$0) refers to stdout.o(.data) for __stdout
    printf0.o(i.__0vsnprintf$0) refers to printf0.o(i._printf_core) for _printf_core
    printf0.o(i.__0vsnprintf$0) refers to printf0.o(i._snputc) for _snputc
    printf0.o(i.__0vsprintf$0) refers to printf0.o(i._printf_core) for _printf_core
    printf0.o(i.__0vsprintf$0) refers to printf0.o(i._sputc) for _sputc
    printf1.o(i.__0fprintf$1) refers to printf1.o(i._printf_core) for _printf_core
    printf1.o(i.__0fprintf$1) refers to uart1.o(i.fputc) for fputc
    printf1.o(i.__0printf$1) refers to printf1.o(i._printf_core) for _printf_core
    printf1.o(i.__0printf$1) refers to uart1.o(i.fputc) for fputc
    printf1.o(i.__0printf$1) refers to stdout.o(.data) for __stdout
    printf1.o(i.__0snprintf$1) refers to printf1.o(i._printf_core) for _printf_core
    printf1.o(i.__0snprintf$1) refers to printf1.o(i._snputc) for _snputc
    printf1.o(i.__0sprintf$1) refers to printf1.o(i._printf_core) for _printf_core
    printf1.o(i.__0sprintf$1) refers to printf1.o(i._sputc) for _sputc
    printf1.o(i.__0vfprintf$1) refers to printf1.o(i._printf_core) for _printf_core
    printf1.o(i.__0vfprintf$1) refers to uart1.o(i.fputc) for fputc
    printf1.o(i.__0vprintf$1) refers to printf1.o(i._printf_core) for _printf_core
    printf1.o(i.__0vprintf$1) refers to uart1.o(i.fputc) for fputc
    printf1.o(i.__0vprintf$1) refers to stdout.o(.data) for __stdout
    printf1.o(i.__0vsnprintf$1) refers to printf1.o(i._printf_core) for _printf_core
    printf1.o(i.__0vsnprintf$1) refers to printf1.o(i._snputc) for _snputc
    printf1.o(i.__0vsprintf$1) refers to printf1.o(i._printf_core) for _printf_core
    printf1.o(i.__0vsprintf$1) refers to printf1.o(i._sputc) for _sputc
    printf1.o(i._printf_core) refers to uidiv.o(.text) for __aeabi_uidivmod
    printf2.o(i.__0fprintf$2) refers to printf2.o(i._printf_core) for _printf_core
    printf2.o(i.__0fprintf$2) refers to uart1.o(i.fputc) for fputc
    printf2.o(i.__0printf$2) refers to printf2.o(i._printf_core) for _printf_core
    printf2.o(i.__0printf$2) refers to uart1.o(i.fputc) for fputc
    printf2.o(i.__0printf$2) refers to stdout.o(.data) for __stdout
    printf2.o(i.__0snprintf$2) refers to printf2.o(i._printf_core) for _printf_core
    printf2.o(i.__0snprintf$2) refers to printf2.o(i._snputc) for _snputc
    printf2.o(i.__0sprintf$2) refers to printf2.o(i._printf_core) for _printf_core
    printf2.o(i.__0sprintf$2) refers to printf2.o(i._sputc) for _sputc
    printf2.o(i.__0vfprintf$2) refers to printf2.o(i._printf_core) for _printf_core
    printf2.o(i.__0vfprintf$2) refers to uart1.o(i.fputc) for fputc
    printf2.o(i.__0vprintf$2) refers to printf2.o(i._printf_core) for _printf_core
    printf2.o(i.__0vprintf$2) refers to uart1.o(i.fputc) for fputc
    printf2.o(i.__0vprintf$2) refers to stdout.o(.data) for __stdout
    printf2.o(i.__0vsnprintf$2) refers to printf2.o(i._printf_core) for _printf_core
    printf2.o(i.__0vsnprintf$2) refers to printf2.o(i._snputc) for _snputc
    printf2.o(i.__0vsprintf$2) refers to printf2.o(i._printf_core) for _printf_core
    printf2.o(i.__0vsprintf$2) refers to printf2.o(i._sputc) for _sputc
    printf3.o(i.__0fprintf$3) refers to printf3.o(i._printf_core) for _printf_core
    printf3.o(i.__0fprintf$3) refers to uart1.o(i.fputc) for fputc
    printf3.o(i.__0printf$3) refers to printf3.o(i._printf_core) for _printf_core
    printf3.o(i.__0printf$3) refers to uart1.o(i.fputc) for fputc
    printf3.o(i.__0printf$3) refers to stdout.o(.data) for __stdout
    printf3.o(i.__0snprintf$3) refers to printf3.o(i._printf_core) for _printf_core
    printf3.o(i.__0snprintf$3) refers to printf3.o(i._snputc) for _snputc
    printf3.o(i.__0sprintf$3) refers to printf3.o(i._printf_core) for _printf_core
    printf3.o(i.__0sprintf$3) refers to printf3.o(i._sputc) for _sputc
    printf3.o(i.__0vfprintf$3) refers to printf3.o(i._printf_core) for _printf_core
    printf3.o(i.__0vfprintf$3) refers to uart1.o(i.fputc) for fputc
    printf3.o(i.__0vprintf$3) refers to printf3.o(i._printf_core) for _printf_core
    printf3.o(i.__0vprintf$3) refers to uart1.o(i.fputc) for fputc
    printf3.o(i.__0vprintf$3) refers to stdout.o(.data) for __stdout
    printf3.o(i.__0vsnprintf$3) refers to printf3.o(i._printf_core) for _printf_core
    printf3.o(i.__0vsnprintf$3) refers to printf3.o(i._snputc) for _snputc
    printf3.o(i.__0vsprintf$3) refers to printf3.o(i._printf_core) for _printf_core
    printf3.o(i.__0vsprintf$3) refers to printf3.o(i._sputc) for _sputc
    printf3.o(i._printf_core) refers to uidiv.o(.text) for __aeabi_uidivmod
    printf4.o(i.__0fprintf$4) refers to printf4.o(i._printf_core) for _printf_core
    printf4.o(i.__0fprintf$4) refers to uart1.o(i.fputc) for fputc
    printf4.o(i.__0printf$4) refers to printf4.o(i._printf_core) for _printf_core
    printf4.o(i.__0printf$4) refers to uart1.o(i.fputc) for fputc
    printf4.o(i.__0printf$4) refers to stdout.o(.data) for __stdout
    printf4.o(i.__0snprintf$4) refers to printf4.o(i._printf_core) for _printf_core
    printf4.o(i.__0snprintf$4) refers to printf4.o(i._snputc) for _snputc
    printf4.o(i.__0sprintf$4) refers to printf4.o(i._printf_core) for _printf_core
    printf4.o(i.__0sprintf$4) refers to printf4.o(i._sputc) for _sputc
    printf4.o(i.__0vfprintf$4) refers to printf4.o(i._printf_core) for _printf_core
    printf4.o(i.__0vfprintf$4) refers to uart1.o(i.fputc) for fputc
    printf4.o(i.__0vprintf$4) refers to printf4.o(i._printf_core) for _printf_core
    printf4.o(i.__0vprintf$4) refers to uart1.o(i.fputc) for fputc
    printf4.o(i.__0vprintf$4) refers to stdout.o(.data) for __stdout
    printf4.o(i.__0vsnprintf$4) refers to printf4.o(i._printf_core) for _printf_core
    printf4.o(i.__0vsnprintf$4) refers to printf4.o(i._snputc) for _snputc
    printf4.o(i.__0vsprintf$4) refers to printf4.o(i._printf_core) for _printf_core
    printf4.o(i.__0vsprintf$4) refers to printf4.o(i._sputc) for _sputc
    printf4.o(i._printf_core) refers to uldiv.o(.text) for __aeabi_uldivmod
    printf5.o(i.__0fprintf$5) refers to printf5.o(i._printf_core) for _printf_core
    printf5.o(i.__0fprintf$5) refers to uart1.o(i.fputc) for fputc
    printf5.o(i.__0printf$5) refers to printf5.o(i._printf_core) for _printf_core
    printf5.o(i.__0printf$5) refers to uart1.o(i.fputc) for fputc
    printf5.o(i.__0printf$5) refers to stdout.o(.data) for __stdout
    printf5.o(i.__0snprintf$5) refers to printf5.o(i._printf_core) for _printf_core
    printf5.o(i.__0snprintf$5) refers to printf5.o(i._snputc) for _snputc
    printf5.o(i.__0sprintf$5) refers to printf5.o(i._printf_core) for _printf_core
    printf5.o(i.__0sprintf$5) refers to printf5.o(i._sputc) for _sputc
    printf5.o(i.__0vfprintf$5) refers to printf5.o(i._printf_core) for _printf_core
    printf5.o(i.__0vfprintf$5) refers to uart1.o(i.fputc) for fputc
    printf5.o(i.__0vprintf$5) refers to printf5.o(i._printf_core) for _printf_core
    printf5.o(i.__0vprintf$5) refers to uart1.o(i.fputc) for fputc
    printf5.o(i.__0vprintf$5) refers to stdout.o(.data) for __stdout
    printf5.o(i.__0vsnprintf$5) refers to printf5.o(i._printf_core) for _printf_core
    printf5.o(i.__0vsnprintf$5) refers to printf5.o(i._snputc) for _snputc
    printf5.o(i.__0vsprintf$5) refers to printf5.o(i._printf_core) for _printf_core
    printf5.o(i.__0vsprintf$5) refers to printf5.o(i._sputc) for _sputc
    printf5.o(i._printf_core) refers to uldiv.o(.text) for __aeabi_uldivmod
    printf6.o(i.__0fprintf$6) refers to printf6.o(i._printf_core) for _printf_core
    printf6.o(i.__0fprintf$6) refers to uart1.o(i.fputc) for fputc
    printf6.o(i.__0printf$6) refers to printf6.o(i._printf_core) for _printf_core
    printf6.o(i.__0printf$6) refers to uart1.o(i.fputc) for fputc
    printf6.o(i.__0printf$6) refers to stdout.o(.data) for __stdout
    printf6.o(i.__0snprintf$6) refers to printf6.o(i._printf_core) for _printf_core
    printf6.o(i.__0snprintf$6) refers to printf6.o(i._snputc) for _snputc
    printf6.o(i.__0sprintf$6) refers to printf6.o(i._printf_core) for _printf_core
    printf6.o(i.__0sprintf$6) refers to printf6.o(i._sputc) for _sputc
    printf6.o(i.__0vfprintf$6) refers to printf6.o(i._printf_core) for _printf_core
    printf6.o(i.__0vfprintf$6) refers to uart1.o(i.fputc) for fputc
    printf6.o(i.__0vprintf$6) refers to printf6.o(i._printf_core) for _printf_core
    printf6.o(i.__0vprintf$6) refers to uart1.o(i.fputc) for fputc
    printf6.o(i.__0vprintf$6) refers to stdout.o(.data) for __stdout
    printf6.o(i.__0vsnprintf$6) refers to printf6.o(i._printf_core) for _printf_core
    printf6.o(i.__0vsnprintf$6) refers to printf6.o(i._snputc) for _snputc
    printf6.o(i.__0vsprintf$6) refers to printf6.o(i._printf_core) for _printf_core
    printf6.o(i.__0vsprintf$6) refers to printf6.o(i._sputc) for _sputc
    printf6.o(i._printf_core) refers to printf6.o(i._printf_pre_padding) for _printf_pre_padding
    printf6.o(i._printf_core) refers to printf6.o(i._printf_post_padding) for _printf_post_padding
    printf6.o(i._printf_core) refers to uidiv.o(.text) for __aeabi_uidivmod
    printf7.o(i.__0fprintf$7) refers to printf7.o(i._printf_core) for _printf_core
    printf7.o(i.__0fprintf$7) refers to uart1.o(i.fputc) for fputc
    printf7.o(i.__0printf$7) refers to printf7.o(i._printf_core) for _printf_core
    printf7.o(i.__0printf$7) refers to uart1.o(i.fputc) for fputc
    printf7.o(i.__0printf$7) refers to stdout.o(.data) for __stdout
    printf7.o(i.__0snprintf$7) refers to printf7.o(i._printf_core) for _printf_core
    printf7.o(i.__0snprintf$7) refers to printf7.o(i._snputc) for _snputc
    printf7.o(i.__0sprintf$7) refers to printf7.o(i._printf_core) for _printf_core
    printf7.o(i.__0sprintf$7) refers to printf7.o(i._sputc) for _sputc
    printf7.o(i.__0vfprintf$7) refers to printf7.o(i._printf_core) for _printf_core
    printf7.o(i.__0vfprintf$7) refers to uart1.o(i.fputc) for fputc
    printf7.o(i.__0vprintf$7) refers to printf7.o(i._printf_core) for _printf_core
    printf7.o(i.__0vprintf$7) refers to uart1.o(i.fputc) for fputc
    printf7.o(i.__0vprintf$7) refers to stdout.o(.data) for __stdout
    printf7.o(i.__0vsnprintf$7) refers to printf7.o(i._printf_core) for _printf_core
    printf7.o(i.__0vsnprintf$7) refers to printf7.o(i._snputc) for _snputc
    printf7.o(i.__0vsprintf$7) refers to printf7.o(i._printf_core) for _printf_core
    printf7.o(i.__0vsprintf$7) refers to printf7.o(i._sputc) for _sputc
    printf7.o(i._printf_core) refers to printf7.o(i._printf_pre_padding) for _printf_pre_padding
    printf7.o(i._printf_core) refers to printf7.o(i._printf_post_padding) for _printf_post_padding
    printf7.o(i._printf_core) refers to uldiv.o(.text) for __aeabi_uldivmod
    printf8.o(i.__0fprintf$8) refers to printf8.o(i._printf_core) for _printf_core
    printf8.o(i.__0fprintf$8) refers to uart1.o(i.fputc) for fputc
    printf8.o(i.__0printf$8) refers to printf8.o(i._printf_core) for _printf_core
    printf8.o(i.__0printf$8) refers to uart1.o(i.fputc) for fputc
    printf8.o(i.__0printf$8) refers to stdout.o(.data) for __stdout
    printf8.o(i.__0snprintf$8) refers to printf8.o(i._printf_core) for _printf_core
    printf8.o(i.__0snprintf$8) refers to printf8.o(i._snputc) for _snputc
    printf8.o(i.__0sprintf$8) refers to printf8.o(i._printf_core) for _printf_core
    printf8.o(i.__0sprintf$8) refers to printf8.o(i._sputc) for _sputc
    printf8.o(i.__0vfprintf$8) refers to printf8.o(i._printf_core) for _printf_core
    printf8.o(i.__0vfprintf$8) refers to uart1.o(i.fputc) for fputc
    printf8.o(i.__0vprintf$8) refers to printf8.o(i._printf_core) for _printf_core
    printf8.o(i.__0vprintf$8) refers to uart1.o(i.fputc) for fputc
    printf8.o(i.__0vprintf$8) refers to stdout.o(.data) for __stdout
    printf8.o(i.__0vsnprintf$8) refers to printf8.o(i._printf_core) for _printf_core
    printf8.o(i.__0vsnprintf$8) refers to printf8.o(i._snputc) for _snputc
    printf8.o(i.__0vsprintf$8) refers to printf8.o(i._printf_core) for _printf_core
    printf8.o(i.__0vsprintf$8) refers to printf8.o(i._sputc) for _sputc
    printf8.o(i._printf_core) refers to printf8.o(i._printf_pre_padding) for _printf_pre_padding
    printf8.o(i._printf_core) refers to printf8.o(i._printf_post_padding) for _printf_post_padding
    printf8.o(i._printf_core) refers to uldiv.o(.text) for __aeabi_uldivmod
    printfa.o(i.__0fprintf) refers (Special) to iusefp.o(.text) for __I$use$fp
    printfa.o(i.__0fprintf) refers to printfa.o(i._printf_core) for _printf_core
    printfa.o(i.__0fprintf) refers to uart1.o(i.fputc) for fputc
    printfa.o(i.__0printf) refers (Special) to iusefp.o(.text) for __I$use$fp
    printfa.o(i.__0printf) refers to printfa.o(i._printf_core) for _printf_core
    printfa.o(i.__0printf) refers to uart1.o(i.fputc) for fputc
    printfa.o(i.__0printf) refers to stdout.o(.data) for __stdout
    printfa.o(i.__0snprintf) refers (Special) to iusefp.o(.text) for __I$use$fp
    printfa.o(i.__0snprintf) refers to printfa.o(i._printf_core) for _printf_core
    printfa.o(i.__0snprintf) refers to printfa.o(i._snputc) for _snputc
    printfa.o(i.__0sprintf) refers (Special) to iusefp.o(.text) for __I$use$fp
    printfa.o(i.__0sprintf) refers to printfa.o(i._printf_core) for _printf_core
    printfa.o(i.__0sprintf) refers to printfa.o(i._sputc) for _sputc
    printfa.o(i.__0vfprintf) refers (Special) to iusefp.o(.text) for __I$use$fp
    printfa.o(i.__0vfprintf) refers to printfa.o(i._printf_core) for _printf_core
    printfa.o(i.__0vfprintf) refers to uart1.o(i.fputc) for fputc
    printfa.o(i.__0vprintf) refers (Special) to iusefp.o(.text) for __I$use$fp
    printfa.o(i.__0vprintf) refers to printfa.o(i._printf_core) for _printf_core
    printfa.o(i.__0vprintf) refers to uart1.o(i.fputc) for fputc
    printfa.o(i.__0vprintf) refers to stdout.o(.data) for __stdout
    printfa.o(i.__0vsnprintf) refers (Special) to iusefp.o(.text) for __I$use$fp
    printfa.o(i.__0vsnprintf) refers to printfa.o(i._printf_core) for _printf_core
    printfa.o(i.__0vsnprintf) refers to printfa.o(i._snputc) for _snputc
    printfa.o(i.__0vsprintf) refers (Special) to iusefp.o(.text) for __I$use$fp
    printfa.o(i.__0vsprintf) refers to printfa.o(i._printf_core) for _printf_core
    printfa.o(i.__0vsprintf) refers to printfa.o(i._sputc) for _sputc
    printfa.o(i._fp_digits) refers (Special) to iusefp.o(.text) for __I$use$fp
    printfa.o(i._fp_digits) refers to dmul.o(.text) for __aeabi_dmul
    printfa.o(i._fp_digits) refers to ddiv.o(.text) for __aeabi_ddiv
    printfa.o(i._fp_digits) refers to cdrcmple.o(.text) for __aeabi_cdrcmple
    printfa.o(i._fp_digits) refers to dadd.o(.text) for __aeabi_dadd
    printfa.o(i._fp_digits) refers to dfixul.o(.text) for __aeabi_d2ulz
    printfa.o(i._fp_digits) refers to uldiv.o(.text) for __aeabi_uldivmod
    printfa.o(i._printf_core) refers (Special) to iusefp.o(.text) for __I$use$fp
    printfa.o(i._printf_core) refers to printfa.o(i._printf_pre_padding) for _printf_pre_padding
    printfa.o(i._printf_core) refers to uldiv.o(.text) for __aeabi_uldivmod
    printfa.o(i._printf_core) refers to printfa.o(i._printf_post_padding) for _printf_post_padding
    printfa.o(i._printf_core) refers to printfa.o(i._fp_digits) for _fp_digits
    printfa.o(i._printf_core) refers to uidiv.o(.text) for __aeabi_uidivmod
    printfa.o(i._printf_post_padding) refers (Special) to iusefp.o(.text) for __I$use$fp
    printfa.o(i._printf_pre_padding) refers (Special) to iusefp.o(.text) for __I$use$fp
    printfa.o(i._snputc) refers (Special) to iusefp.o(.text) for __I$use$fp
    printfa.o(i._sputc) refers (Special) to iusefp.o(.text) for __I$use$fp
    entry2.o(.ARM.Collect$$$$00000001) refers to entry2.o(.ARM.Collect$$$$00002712) for __lit__00000000
    entry2.o(.ARM.Collect$$$$00002712) refers to startup_stm32f030.o(STACK) for __initial_sp
    entry2.o(__vectab_stack_and_reset_area) refers to startup_stm32f030.o(STACK) for __initial_sp
    entry2.o(__vectab_stack_and_reset_area) refers to entry.o(.ARM.Collect$$$$00000000) for __main
    entry5.o(.ARM.Collect$$$$00000004) refers to init.o(.text) for __scatterload
    entry9a.o(.ARM.Collect$$$$0000000B) refers to inc_mboakpled-01.o(i.main) for main
    entry9b.o(.ARM.Collect$$$$0000000C) refers to inc_mboakpled-01.o(i.main) for main
    uldiv.o(.text) refers to llushr.o(.text) for __aeabi_llsr
    uldiv.o(.text) refers to llshl.o(.text) for __aeabi_llsl
    dadd.o(.text) refers to llshl.o(.text) for __aeabi_llsl
    dadd.o(.text) refers to llsshr.o(.text) for __aeabi_lasr
    dadd.o(.text) refers to depilogue.o(.text) for _double_epilogue
    dmul.o(.text) refers to depilogue.o(.text) for _double_epilogue
    ddiv.o(.text) refers to depilogue.o(.text) for _double_round
    dfixul.o(.text) refers to llushr.o(.text) for __aeabi_llsr
    dfixul.o(.text) refers to llshl.o(.text) for __aeabi_llsl
    init.o(.text) refers to entry5.o(.ARM.Collect$$$$00000004) for __main_after_scatterload
    depilogue.o(.text) refers to depilogue.o(i.__ARM_clz) for __ARM_clz
    depilogue.o(.text) refers to llshl.o(.text) for __aeabi_llsl
    depilogue.o(.text) refers to llushr.o(.text) for __aeabi_llsr


==============================================================================

Removing Unused input sections from the image.

    Removing stm32f0xx_flash.o(.rev16_text), (4 bytes).
    Removing stm32f0xx_flash.o(.revsh_text), (4 bytes).
    Removing stm32f0xx_flash.o(i.FLASH_ClearFlag), (12 bytes).
    Removing stm32f0xx_flash.o(i.FLASH_EraseAllPages), (72 bytes).
    Removing stm32f0xx_flash.o(i.FLASH_ErasePage), (76 bytes).
    Removing stm32f0xx_flash.o(i.FLASH_GetFlagStatus), (28 bytes).
    Removing stm32f0xx_flash.o(i.FLASH_GetPrefetchBufferStatus), (28 bytes).
    Removing stm32f0xx_flash.o(i.FLASH_GetStatus), (60 bytes).
    Removing stm32f0xx_flash.o(i.FLASH_ITConfig), (32 bytes).
    Removing stm32f0xx_flash.o(i.FLASH_Lock), (20 bytes).
    Removing stm32f0xx_flash.o(i.FLASH_OB_BOOT0Config), (80 bytes).
    Removing stm32f0xx_flash.o(i.FLASH_OB_BOOT0SWConfig), (80 bytes).
    Removing stm32f0xx_flash.o(i.FLASH_OB_BOOTConfig), (80 bytes).
    Removing stm32f0xx_flash.o(i.FLASH_OB_EnableWRP), (184 bytes).
    Removing stm32f0xx_flash.o(i.FLASH_OB_Erase), (152 bytes).
    Removing stm32f0xx_flash.o(i.FLASH_OB_GetRDP), (28 bytes).
    Removing stm32f0xx_flash.o(i.FLASH_OB_GetUser), (16 bytes).
    Removing stm32f0xx_flash.o(i.FLASH_OB_GetWRP), (12 bytes).
    Removing stm32f0xx_flash.o(i.FLASH_OB_Launch), (20 bytes).
    Removing stm32f0xx_flash.o(i.FLASH_OB_Lock), (20 bytes).
    Removing stm32f0xx_flash.o(i.FLASH_OB_ProgramData), (72 bytes).
    Removing stm32f0xx_flash.o(i.FLASH_OB_RDPConfig), (144 bytes).
    Removing stm32f0xx_flash.o(i.FLASH_OB_SRAMParityConfig), (80 bytes).
    Removing stm32f0xx_flash.o(i.FLASH_OB_Unlock), (40 bytes).
    Removing stm32f0xx_flash.o(i.FLASH_OB_UserConfig), (88 bytes).
    Removing stm32f0xx_flash.o(i.FLASH_OB_VDDAConfig), (80 bytes).
    Removing stm32f0xx_flash.o(i.FLASH_OB_WriteUser), (76 bytes).
    Removing stm32f0xx_flash.o(i.FLASH_PrefetchBufferCmd), (36 bytes).
    Removing stm32f0xx_flash.o(i.FLASH_ProgramHalfWord), (68 bytes).
    Removing stm32f0xx_flash.o(i.FLASH_ProgramWord), (108 bytes).
    Removing stm32f0xx_flash.o(i.FLASH_SetLatency), (28 bytes).
    Removing stm32f0xx_flash.o(i.FLASH_Unlock), (36 bytes).
    Removing stm32f0xx_flash.o(i.FLASH_WaitForLastOperation), (40 bytes).
    Removing stm32f0xx_gpio.o(.rev16_text), (4 bytes).
    Removing stm32f0xx_gpio.o(.revsh_text), (4 bytes).
    Removing stm32f0xx_gpio.o(i.GPIO_DeInit), (176 bytes).
    Removing stm32f0xx_gpio.o(i.GPIO_PinLockConfig), (34 bytes).
    Removing stm32f0xx_gpio.o(i.GPIO_ReadInputData), (6 bytes).
    Removing stm32f0xx_gpio.o(i.GPIO_ReadInputDataBit), (20 bytes).
    Removing stm32f0xx_gpio.o(i.GPIO_ReadOutputData), (6 bytes).
    Removing stm32f0xx_gpio.o(i.GPIO_ReadOutputDataBit), (20 bytes).
    Removing stm32f0xx_gpio.o(i.GPIO_StructInit), (24 bytes).
    Removing stm32f0xx_gpio.o(i.GPIO_Write), (4 bytes).
    Removing stm32f0xx_gpio.o(i.GPIO_WriteBit), (12 bytes).
    Removing stm32f0xx_misc.o(.rev16_text), (4 bytes).
    Removing stm32f0xx_misc.o(.revsh_text), (4 bytes).
    Removing stm32f0xx_misc.o(i.NVIC_SystemLPConfig), (32 bytes).
    Removing stm32f0xx_misc.o(i.SysTick_CLKSourceConfig), (36 bytes).
    Removing stm32f0xx_rcc.o(.rev16_text), (4 bytes).
    Removing stm32f0xx_rcc.o(.revsh_text), (4 bytes).
    Removing stm32f0xx_rcc.o(i.RCC_ADCCLKConfig), (56 bytes).
    Removing stm32f0xx_rcc.o(i.RCC_AHBPeriphResetCmd), (32 bytes).
    Removing stm32f0xx_rcc.o(i.RCC_APB1PeriphClockCmd), (32 bytes).
    Removing stm32f0xx_rcc.o(i.RCC_APB1PeriphResetCmd), (32 bytes).
    Removing stm32f0xx_rcc.o(i.RCC_APB2PeriphResetCmd), (32 bytes).
    Removing stm32f0xx_rcc.o(i.RCC_AdjustHSI14CalibrationValue), (32 bytes).
    Removing stm32f0xx_rcc.o(i.RCC_AdjustHSICalibrationValue), (32 bytes).
    Removing stm32f0xx_rcc.o(i.RCC_BackupResetCmd), (40 bytes).
    Removing stm32f0xx_rcc.o(i.RCC_CECCLKConfig), (28 bytes).
    Removing stm32f0xx_rcc.o(i.RCC_ClearFlag), (20 bytes).
    Removing stm32f0xx_rcc.o(i.RCC_ClearITPendingBit), (12 bytes).
    Removing stm32f0xx_rcc.o(i.RCC_ClockSecuritySystemCmd), (40 bytes).
    Removing stm32f0xx_rcc.o(i.RCC_DeInit), (116 bytes).
    Removing stm32f0xx_rcc.o(i.RCC_GetFlagStatus), (72 bytes).
    Removing stm32f0xx_rcc.o(i.RCC_GetITStatus), (28 bytes).
    Removing stm32f0xx_rcc.o(i.RCC_GetSYSCLKSource), (16 bytes).
    Removing stm32f0xx_rcc.o(i.RCC_HCLKConfig), (32 bytes).
    Removing stm32f0xx_rcc.o(i.RCC_HSEConfig), (16 bytes).
    Removing stm32f0xx_rcc.o(i.RCC_HSI14ADCRequestCmd), (36 bytes).
    Removing stm32f0xx_rcc.o(i.RCC_HSI14Cmd), (36 bytes).
    Removing stm32f0xx_rcc.o(i.RCC_HSI48Cmd), (40 bytes).
    Removing stm32f0xx_rcc.o(i.RCC_HSICmd), (36 bytes).
    Removing stm32f0xx_rcc.o(i.RCC_I2CCLKConfig), (28 bytes).
    Removing stm32f0xx_rcc.o(i.RCC_ITConfig), (32 bytes).
    Removing stm32f0xx_rcc.o(i.RCC_LSEConfig), (40 bytes).
    Removing stm32f0xx_rcc.o(i.RCC_LSEDriveConfig), (28 bytes).
    Removing stm32f0xx_rcc.o(i.RCC_LSICmd), (36 bytes).
    Removing stm32f0xx_rcc.o(i.RCC_MCOConfig), (12 bytes).
    Removing stm32f0xx_rcc.o(i.RCC_PCLKConfig), (36 bytes).
    Removing stm32f0xx_rcc.o(i.RCC_PLLCmd), (40 bytes).
    Removing stm32f0xx_rcc.o(i.RCC_PLLConfig), (36 bytes).
    Removing stm32f0xx_rcc.o(i.RCC_PREDIV1Config), (28 bytes).
    Removing stm32f0xx_rcc.o(i.RCC_RTCCLKCmd), (40 bytes).
    Removing stm32f0xx_rcc.o(i.RCC_RTCCLKConfig), (16 bytes).
    Removing stm32f0xx_rcc.o(i.RCC_SYSCLKConfig), (28 bytes).
    Removing stm32f0xx_rcc.o(i.RCC_USARTCLKConfig), (52 bytes).
    Removing stm32f0xx_rcc.o(i.RCC_USBCLKConfig), (28 bytes).
    Removing stm32f0xx_rcc.o(i.RCC_WaitForHSEStartUp), (60 bytes).
    Removing stm32f0xx_spi.o(.rev16_text), (4 bytes).
    Removing stm32f0xx_spi.o(.revsh_text), (4 bytes).
    Removing stm32f0xx_spi.o(i.I2S_Cmd), (32 bytes).
    Removing stm32f0xx_spi.o(i.I2S_Init), (232 bytes).
    Removing stm32f0xx_spi.o(i.I2S_StructInit), (20 bytes).
    Removing stm32f0xx_spi.o(i.SPI_BiDirectionalLineConfig), (32 bytes).
    Removing stm32f0xx_spi.o(i.SPI_CRCLengthConfig), (20 bytes).
    Removing stm32f0xx_spi.o(i.SPI_CalculateCRC), (32 bytes).
    Removing stm32f0xx_spi.o(i.SPI_Cmd), (28 bytes).
    Removing stm32f0xx_spi.o(i.SPI_DataSizeConfig), (24 bytes).
    Removing stm32f0xx_spi.o(i.SPI_GetCRC), (16 bytes).
    Removing stm32f0xx_spi.o(i.SPI_GetCRCPolynomial), (6 bytes).
    Removing stm32f0xx_spi.o(i.SPI_GetReceptionFIFOStatus), (12 bytes).
    Removing stm32f0xx_spi.o(i.SPI_GetTransmissionFIFOStatus), (12 bytes).
    Removing stm32f0xx_spi.o(i.SPI_I2S_ClearFlag), (6 bytes).
    Removing stm32f0xx_spi.o(i.SPI_I2S_DMACmd), (20 bytes).
    Removing stm32f0xx_spi.o(i.SPI_I2S_DeInit), (60 bytes).
    Removing stm32f0xx_spi.o(i.SPI_I2S_GetFlagStatus), (20 bytes).
    Removing stm32f0xx_spi.o(i.SPI_I2S_GetITStatus), (56 bytes).
    Removing stm32f0xx_spi.o(i.SPI_I2S_ITConfig), (34 bytes).
    Removing stm32f0xx_spi.o(i.SPI_I2S_ReceiveData16), (6 bytes).
    Removing stm32f0xx_spi.o(i.SPI_I2S_SendData16), (4 bytes).
    Removing stm32f0xx_spi.o(i.SPI_Init), (88 bytes).
    Removing stm32f0xx_spi.o(i.SPI_LastDMATransferCmd), (20 bytes).
    Removing stm32f0xx_spi.o(i.SPI_NSSInternalSoftwareConfig), (32 bytes).
    Removing stm32f0xx_spi.o(i.SPI_NSSPulseModeCmd), (28 bytes).
    Removing stm32f0xx_spi.o(i.SPI_ReceiveData8), (12 bytes).
    Removing stm32f0xx_spi.o(i.SPI_RxFIFOThresholdConfig), (20 bytes).
    Removing stm32f0xx_spi.o(i.SPI_SSOutputCmd), (28 bytes).
    Removing stm32f0xx_spi.o(i.SPI_SendData8), (10 bytes).
    Removing stm32f0xx_spi.o(i.SPI_StructInit), (30 bytes).
    Removing stm32f0xx_spi.o(i.SPI_TIModeCmd), (28 bytes).
    Removing stm32f0xx_spi.o(i.SPI_TransmitCRC), (12 bytes).
    Removing stm32f0xx_syscfg.o(.rev16_text), (4 bytes).
    Removing stm32f0xx_syscfg.o(.revsh_text), (4 bytes).
    Removing stm32f0xx_syscfg.o(i.SYSCFG_BreakConfig), (16 bytes).
    Removing stm32f0xx_syscfg.o(i.SYSCFG_ClearFlag), (16 bytes).
    Removing stm32f0xx_syscfg.o(i.SYSCFG_DMAChannelRemapConfig), (32 bytes).
    Removing stm32f0xx_syscfg.o(i.SYSCFG_DeInit), (44 bytes).
    Removing stm32f0xx_syscfg.o(i.SYSCFG_EXTILineConfig), (64 bytes).
    Removing stm32f0xx_syscfg.o(i.SYSCFG_GetFlagStatus), (32 bytes).
    Removing stm32f0xx_syscfg.o(i.SYSCFG_I2CFastModePlusConfig), (32 bytes).
    Removing stm32f0xx_syscfg.o(i.SYSCFG_MemoryRemapConfig), (28 bytes).
    Removing stm32f0xx_usart.o(.rev16_text), (4 bytes).
    Removing stm32f0xx_usart.o(.revsh_text), (4 bytes).
    Removing stm32f0xx_usart.o(i.USART_AddressDetectionConfig), (16 bytes).
    Removing stm32f0xx_usart.o(i.USART_AutoBaudRateCmd), (28 bytes).
    Removing stm32f0xx_usart.o(i.USART_AutoBaudRateConfig), (18 bytes).
    Removing stm32f0xx_usart.o(i.USART_ClockInit), (36 bytes).
    Removing stm32f0xx_usart.o(i.USART_ClockStructInit), (12 bytes).
    Removing stm32f0xx_usart.o(i.USART_DECmd), (28 bytes).
    Removing stm32f0xx_usart.o(i.USART_DEPolarityConfig), (18 bytes).
    Removing stm32f0xx_usart.o(i.USART_DMACmd), (20 bytes).
    Removing stm32f0xx_usart.o(i.USART_DMAReceptionErrorConfig), (18 bytes).
    Removing stm32f0xx_usart.o(i.USART_DataInvCmd), (28 bytes).
    Removing stm32f0xx_usart.o(i.USART_DeInit), (124 bytes).
    Removing stm32f0xx_usart.o(i.USART_DirectionModeCmd), (20 bytes).
    Removing stm32f0xx_usart.o(i.USART_HalfDuplexCmd), (24 bytes).
    Removing stm32f0xx_usart.o(i.USART_InvPinCmd), (20 bytes).
    Removing stm32f0xx_usart.o(i.USART_IrDACmd), (24 bytes).
    Removing stm32f0xx_usart.o(i.USART_IrDAConfig), (16 bytes).
    Removing stm32f0xx_usart.o(i.USART_LINBreakDetectLengthConfig), (16 bytes).
    Removing stm32f0xx_usart.o(i.USART_LINCmd), (28 bytes).
    Removing stm32f0xx_usart.o(i.USART_MSBFirstCmd), (28 bytes).
    Removing stm32f0xx_usart.o(i.USART_MuteModeCmd), (28 bytes).
    Removing stm32f0xx_usart.o(i.USART_MuteModeWakeUpConfig), (18 bytes).
    Removing stm32f0xx_usart.o(i.USART_OneBitMethodCmd), (28 bytes).
    Removing stm32f0xx_usart.o(i.USART_OverSampling8Cmd), (28 bytes).
    Removing stm32f0xx_usart.o(i.USART_OverrunDetectionConfig), (18 bytes).
    Removing stm32f0xx_usart.o(i.USART_ReceiverTimeOutCmd), (28 bytes).
    Removing stm32f0xx_usart.o(i.USART_RequestCmd), (20 bytes).
    Removing stm32f0xx_usart.o(i.USART_STOPModeCmd), (24 bytes).
    Removing stm32f0xx_usart.o(i.USART_SWAPPinCmd), (28 bytes).
    Removing stm32f0xx_usart.o(i.USART_SetAddress), (18 bytes).
    Removing stm32f0xx_usart.o(i.USART_SetAutoRetryCount), (20 bytes).
    Removing stm32f0xx_usart.o(i.USART_SetBlockLength), (18 bytes).
    Removing stm32f0xx_usart.o(i.USART_SetDEAssertionTime), (20 bytes).
    Removing stm32f0xx_usart.o(i.USART_SetDEDeassertionTime), (20 bytes).
    Removing stm32f0xx_usart.o(i.USART_SetGuardTime), (16 bytes).
    Removing stm32f0xx_usart.o(i.USART_SetPrescaler), (18 bytes).
    Removing stm32f0xx_usart.o(i.USART_SetReceiverTimeOut), (16 bytes).
    Removing stm32f0xx_usart.o(i.USART_SmartCardCmd), (24 bytes).
    Removing stm32f0xx_usart.o(i.USART_SmartCardNACKCmd), (24 bytes).
    Removing stm32f0xx_usart.o(i.USART_StopModeWakeUpSourceConfig), (18 bytes).
    Removing stm32f0xx_usart.o(i.USART_StructInit), (24 bytes).
    Removing stm32f0xx_adc.o(.rev16_text), (4 bytes).
    Removing stm32f0xx_adc.o(.revsh_text), (4 bytes).
    Removing stm32f0xx_adc.o(i.ADC_AnalogWatchdogCmd), (28 bytes).
    Removing stm32f0xx_adc.o(i.ADC_AnalogWatchdogSingleChannelCmd), (28 bytes).
    Removing stm32f0xx_adc.o(i.ADC_AnalogWatchdogSingleChannelConfig), (28 bytes).
    Removing stm32f0xx_adc.o(i.ADC_AnalogWatchdogThresholdsConfig), (8 bytes).
    Removing stm32f0xx_adc.o(i.ADC_AutoPowerOffCmd), (28 bytes).
    Removing stm32f0xx_adc.o(i.ADC_ChannelConfig), (24 bytes).
    Removing stm32f0xx_adc.o(i.ADC_ClearFlag), (4 bytes).
    Removing stm32f0xx_adc.o(i.ADC_ClearITPendingBit), (4 bytes).
    Removing stm32f0xx_adc.o(i.ADC_ClockModeConfig), (4 bytes).
    Removing stm32f0xx_adc.o(i.ADC_Cmd), (24 bytes).
    Removing stm32f0xx_adc.o(i.ADC_ContinuousModeCmd), (28 bytes).
    Removing stm32f0xx_adc.o(i.ADC_DMACmd), (24 bytes).
    Removing stm32f0xx_adc.o(i.ADC_DMARequestModeConfig), (16 bytes).
    Removing stm32f0xx_adc.o(i.ADC_DeInit), (32 bytes).
    Removing stm32f0xx_adc.o(i.ADC_DiscModeCmd), (28 bytes).
    Removing stm32f0xx_adc.o(i.ADC_GetCalibrationFactor), (60 bytes).
    Removing stm32f0xx_adc.o(i.ADC_GetConversionValue), (8 bytes).
    Removing stm32f0xx_adc.o(i.ADC_GetFlagStatus), (48 bytes).
    Removing stm32f0xx_adc.o(i.ADC_GetITStatus), (34 bytes).
    Removing stm32f0xx_adc.o(i.ADC_ITConfig), (20 bytes).
    Removing stm32f0xx_adc.o(i.ADC_Init), (44 bytes).
    Removing stm32f0xx_adc.o(i.ADC_JitterCmd), (20 bytes).
    Removing stm32f0xx_adc.o(i.ADC_OverrunModeCmd), (28 bytes).
    Removing stm32f0xx_adc.o(i.ADC_StartOfConversion), (10 bytes).
    Removing stm32f0xx_adc.o(i.ADC_StopOfConversion), (10 bytes).
    Removing stm32f0xx_adc.o(i.ADC_StructInit), (16 bytes).
    Removing stm32f0xx_adc.o(i.ADC_TempSensorCmd), (40 bytes).
    Removing stm32f0xx_adc.o(i.ADC_VbatCmd), (40 bytes).
    Removing stm32f0xx_adc.o(i.ADC_VrefintCmd), (40 bytes).
    Removing stm32f0xx_adc.o(i.ADC_WaitModeCmd), (28 bytes).
    Removing stm32f0xx_exti.o(.rev16_text), (4 bytes).
    Removing stm32f0xx_exti.o(.revsh_text), (4 bytes).
    Removing stm32f0xx_exti.o(i.EXTI_ClearFlag), (12 bytes).
    Removing stm32f0xx_exti.o(i.EXTI_ClearITPendingBit), (12 bytes).
    Removing stm32f0xx_exti.o(i.EXTI_DeInit), (32 bytes).
    Removing stm32f0xx_exti.o(i.EXTI_GenerateSWInterrupt), (16 bytes).
    Removing stm32f0xx_exti.o(i.EXTI_GetFlagStatus), (28 bytes).
    Removing stm32f0xx_exti.o(i.EXTI_GetITStatus), (28 bytes).
    Removing stm32f0xx_exti.o(i.EXTI_Init), (136 bytes).
    Removing stm32f0xx_exti.o(i.EXTI_StructInit), (16 bytes).
    Removing uart1.o(.rev16_text), (4 bytes).
    Removing uart1.o(.revsh_text), (4 bytes).
    Removing uart1.o(i.USART1_IRQHandler1), (236 bytes).
    Removing uart1.o(i.USART1_IRQHandler2), (196 bytes).
    Removing delay.o(.rev16_text), (4 bytes).
    Removing delay.o(.revsh_text), (4 bytes).
    Removing delay.o(i.AutoTask1_per_ms), (44 bytes).
    Removing bsp_eeprom_24xx.o(.rev16_text), (4 bytes).
    Removing bsp_eeprom_24xx.o(.revsh_text), (4 bytes).
    Removing bsp_eeprom_24xx.o(i.ee_CheckOk), (24 bytes).
    Removing bsp_eeprom_24xx.o(i.ee_ReadBytes), (130 bytes).
    Removing bsp_eeprom_24xx.o(i.ee_WriteBytes), (152 bytes).
    Removing bsp_i2c_gpio.o(.rev16_text), (4 bytes).
    Removing bsp_i2c_gpio.o(.revsh_text), (4 bytes).
    Removing bsp_i2c_gpio.o(i.bsp_InitI2C), (46 bytes).
    Removing bsp_i2c_gpio.o(i.i2c_Ack), (48 bytes).
    Removing bsp_i2c_gpio.o(i.i2c_CheckDevice), (60 bytes).
    Removing bsp_i2c_gpio.o(i.i2c_Delay), (32 bytes).
    Removing bsp_i2c_gpio.o(i.i2c_NAck), (44 bytes).
    Removing bsp_i2c_gpio.o(i.i2c_ReadByte), (68 bytes).
    Removing bsp_i2c_gpio.o(i.i2c_SendByte), (88 bytes).
    Removing bsp_i2c_gpio.o(i.i2c_Start), (44 bytes).
    Removing bsp_i2c_gpio.o(i.i2c_Stop), (40 bytes).
    Removing bsp_i2c_gpio.o(i.i2c_WaitAck), (64 bytes).
    Removing stm32f0xx_it.o(.rev16_text), (4 bytes).
    Removing stm32f0xx_it.o(.revsh_text), (4 bytes).
    Removing stm32f0xx_it.o(i.BusFault_Handler), (4 bytes).
    Removing stm32f0xx_it.o(i.DebugMon_Handler), (2 bytes).
    Removing stm32f0xx_it.o(i.MemManage_Handler), (4 bytes).
    Removing stm32f0xx_it.o(i.UsageFault_Handler), (4 bytes).
    Removing system_stm32f0xx.o(.rev16_text), (4 bytes).
    Removing system_stm32f0xx.o(.revsh_text), (4 bytes).
    Removing system_stm32f0xx.o(i.SystemCoreClockUpdate), (176 bytes).
    Removing system_stm32f0xx.o(.data), (20 bytes).
    Removing startup_stm32f030.o(HEAP), (512 bytes).
    Removing user_test.o(.rev16_text), (4 bytes).
    Removing user_test.o(.revsh_text), (4 bytes).
    Removing user_test.o(i.Uart1Task_test), (256 bytes).
    Removing user_test.o(.data), (4 bytes).
    Removing inc_mboakpled-01.o(.rev16_text), (4 bytes).
    Removing inc_mboakpled-01.o(.revsh_text), (4 bytes).

256 unused section(s) (total 9312 bytes) removed from the image.

==============================================================================

Image Symbol Table

    Local Symbols

    Symbol Name                              Value     Ov Type        Size  Object(Section)

    ../clib/microlib/division.c              0x00000000   Number         0  uidiv.o ABSOLUTE
    ../clib/microlib/division.c              0x00000000   Number         0  uldiv.o ABSOLUTE
    ../clib/microlib/init/entry.s            0x00000000   Number         0  entry8a.o ABSOLUTE
    ../clib/microlib/init/entry.s            0x00000000   Number         0  entry9a.o ABSOLUTE
    ../clib/microlib/init/entry.s            0x00000000   Number         0  entry8b.o ABSOLUTE
    ../clib/microlib/init/entry.s            0x00000000   Number         0  entry.o ABSOLUTE
    ../clib/microlib/init/entry.s            0x00000000   Number         0  entry5.o ABSOLUTE
    ../clib/microlib/init/entry.s            0x00000000   Number         0  entry11b.o ABSOLUTE
    ../clib/microlib/init/entry.s            0x00000000   Number         0  entry11a.o ABSOLUTE
    ../clib/microlib/init/entry.s            0x00000000   Number         0  entry7a.o ABSOLUTE
    ../clib/microlib/init/entry.s            0x00000000   Number         0  entry10b.o ABSOLUTE
    ../clib/microlib/init/entry.s            0x00000000   Number         0  entry2.o ABSOLUTE
    ../clib/microlib/init/entry.s            0x00000000   Number         0  entry7b.o ABSOLUTE
    ../clib/microlib/init/entry.s            0x00000000   Number         0  entry10a.o ABSOLUTE
    ../clib/microlib/init/entry.s            0x00000000   Number         0  entry9b.o ABSOLUTE
    ../clib/microlib/longlong.c              0x00000000   Number         0  llsshr.o ABSOLUTE
    ../clib/microlib/longlong.c              0x00000000   Number         0  llushr.o ABSOLUTE
    ../clib/microlib/longlong.c              0x00000000   Number         0  llshl.o ABSOLUTE
    ../clib/microlib/printf/printf.c         0x00000000   Number         0  printf1.o ABSOLUTE
    ../clib/microlib/printf/printf.c         0x00000000   Number         0  printf5.o ABSOLUTE
    ../clib/microlib/printf/printf.c         0x00000000   Number         0  printfa.o ABSOLUTE
    ../clib/microlib/printf/printf.c         0x00000000   Number         0  printf4.o ABSOLUTE
    ../clib/microlib/printf/printf.c         0x00000000   Number         0  printf3.o ABSOLUTE
    ../clib/microlib/printf/printf.c         0x00000000   Number         0  printf7.o ABSOLUTE
    ../clib/microlib/printf/printf.c         0x00000000   Number         0  printf0.o ABSOLUTE
    ../clib/microlib/printf/printf.c         0x00000000   Number         0  printfb.o ABSOLUTE
    ../clib/microlib/printf/printf.c         0x00000000   Number         0  printf2.o ABSOLUTE
    ../clib/microlib/printf/printf.c         0x00000000   Number         0  printf6.o ABSOLUTE
    ../clib/microlib/printf/printf.c         0x00000000   Number         0  printf8.o ABSOLUTE
    ../clib/microlib/printf/stubs.s          0x00000000   Number         0  stubs.o ABSOLUTE
    ../clib/microlib/stdio/streams.c         0x00000000   Number         0  stdout.o ABSOLUTE
    ../clib/microlib/string/strcmp.c         0x00000000   Number         0  strcmp.o ABSOLUTE
    ../clib/microlib/stubs.s                 0x00000000   Number         0  iusefp.o ABSOLUTE
    ../fplib/microlib/fpadd.c                0x00000000   Number         0  dadd.o ABSOLUTE
    ../fplib/microlib/fpdiv.c                0x00000000   Number         0  ddiv.o ABSOLUTE
    ../fplib/microlib/fpepilogue.c           0x00000000   Number         0  depilogue.o ABSOLUTE
    ../fplib/microlib/fpfix.c                0x00000000   Number         0  dfixul.o ABSOLUTE
    ../fplib/microlib/fpmul.c                0x00000000   Number         0  dmul.o ABSOLUTE
    ..\Boards\INC_MBOAKPLED-01\INC_MBOAKPLED-01.c 0x00000000   Number         0  inc_mboakpled-01.o ABSOLUTE
    ..\Project\user_test.c                   0x00000000   Number         0  user_test.o ABSOLUTE
    ..\STM32F0xx_StdPeriph_Driver\src\stm32f0xx_adc.c 0x00000000   Number         0  stm32f0xx_adc.o ABSOLUTE
    ..\STM32F0xx_StdPeriph_Driver\src\stm32f0xx_exti.c 0x00000000   Number         0  stm32f0xx_exti.o ABSOLUTE
    ..\STM32F0xx_StdPeriph_Driver\src\stm32f0xx_flash.c 0x00000000   Number         0  stm32f0xx_flash.o ABSOLUTE
    ..\STM32F0xx_StdPeriph_Driver\src\stm32f0xx_gpio.c 0x00000000   Number         0  stm32f0xx_gpio.o ABSOLUTE
    ..\STM32F0xx_StdPeriph_Driver\src\stm32f0xx_misc.c 0x00000000   Number         0  stm32f0xx_misc.o ABSOLUTE
    ..\STM32F0xx_StdPeriph_Driver\src\stm32f0xx_rcc.c 0x00000000   Number         0  stm32f0xx_rcc.o ABSOLUTE
    ..\STM32F0xx_StdPeriph_Driver\src\stm32f0xx_spi.c 0x00000000   Number         0  stm32f0xx_spi.o ABSOLUTE
    ..\STM32F0xx_StdPeriph_Driver\src\stm32f0xx_syscfg.c 0x00000000   Number         0  stm32f0xx_syscfg.o ABSOLUTE
    ..\STM32F0xx_StdPeriph_Driver\src\stm32f0xx_usart.c 0x00000000   Number         0  stm32f0xx_usart.o ABSOLUTE
    ..\User\delay.c                          0x00000000   Number         0  delay.o ABSOLUTE
    ..\User\startup_stm32f030.s              0x00000000   Number         0  startup_stm32f030.o ABSOLUTE
    ..\User\stm32f0xx_it.c                   0x00000000   Number         0  stm32f0xx_it.o ABSOLUTE
    ..\User\system_stm32f0xx.c               0x00000000   Number         0  system_stm32f0xx.o ABSOLUTE
    ..\User\uart1.c                          0x00000000   Number         0  uart1.o ABSOLUTE
    ..\\Boards\\INC_MBOAKPLED-01\\INC_MBOAKPLED-01.c 0x00000000   Number         0  inc_mboakpled-01.o ABSOLUTE
    ..\\Project\\user_test.c                 0x00000000   Number         0  user_test.o ABSOLUTE
    ..\\STM32F0xx_StdPeriph_Driver\\src\\stm32f0xx_adc.c 0x00000000   Number         0  stm32f0xx_adc.o ABSOLUTE
    ..\\STM32F0xx_StdPeriph_Driver\\src\\stm32f0xx_exti.c 0x00000000   Number         0  stm32f0xx_exti.o ABSOLUTE
    ..\\STM32F0xx_StdPeriph_Driver\\src\\stm32f0xx_flash.c 0x00000000   Number         0  stm32f0xx_flash.o ABSOLUTE
    ..\\STM32F0xx_StdPeriph_Driver\\src\\stm32f0xx_gpio.c 0x00000000   Number         0  stm32f0xx_gpio.o ABSOLUTE
    ..\\STM32F0xx_StdPeriph_Driver\\src\\stm32f0xx_misc.c 0x00000000   Number         0  stm32f0xx_misc.o ABSOLUTE
    ..\\STM32F0xx_StdPeriph_Driver\\src\\stm32f0xx_rcc.c 0x00000000   Number         0  stm32f0xx_rcc.o ABSOLUTE
    ..\\STM32F0xx_StdPeriph_Driver\\src\\stm32f0xx_spi.c 0x00000000   Number         0  stm32f0xx_spi.o ABSOLUTE
    ..\\STM32F0xx_StdPeriph_Driver\\src\\stm32f0xx_syscfg.c 0x00000000   Number         0  stm32f0xx_syscfg.o ABSOLUTE
    ..\\STM32F0xx_StdPeriph_Driver\\src\\stm32f0xx_usart.c 0x00000000   Number         0  stm32f0xx_usart.o ABSOLUTE
    ..\\User\\delay.c                        0x00000000   Number         0  delay.o ABSOLUTE
    ..\\User\\stm32f0xx_it.c                 0x00000000   Number         0  stm32f0xx_it.o ABSOLUTE
    ..\\User\\system_stm32f0xx.c             0x00000000   Number         0  system_stm32f0xx.o ABSOLUTE
    ..\\User\\uart1.c                        0x00000000   Number         0  uart1.o ABSOLUTE
    ..\\bsp\\bsp_eeprom_24xx.c               0x00000000   Number         0  bsp_eeprom_24xx.o ABSOLUTE
    ..\\bsp\\bsp_i2c_gpio.c                  0x00000000   Number         0  bsp_i2c_gpio.o ABSOLUTE
    ..\bsp\bsp_eeprom_24xx.c                 0x00000000   Number         0  bsp_eeprom_24xx.o ABSOLUTE
    ..\bsp\bsp_i2c_gpio.c                    0x00000000   Number         0  bsp_i2c_gpio.o ABSOLUTE
    cdrcmple.s                               0x00000000   Number         0  cdrcmple.o ABSOLUTE
    dc.s                                     0x00000000   Number         0  dc.o ABSOLUTE
    handlers.s                               0x00000000   Number         0  handlers.o ABSOLUTE
    init.s                                   0x00000000   Number         0  init.o ABSOLUTE
    RESET                                    0x08000000   Section      180  startup_stm32f030.o(RESET)
    .ARM.Collect$$$$00000000                 0x080000b4   Section        0  entry.o(.ARM.Collect$$$$00000000)
    .ARM.Collect$$$$00000001                 0x080000b4   Section        4  entry2.o(.ARM.Collect$$$$00000001)
    .ARM.Collect$$$$00000004                 0x080000b8   Section        4  entry5.o(.ARM.Collect$$$$00000004)
    .ARM.Collect$$$$00000008                 0x080000bc   Section        0  entry7b.o(.ARM.Collect$$$$00000008)
    .ARM.Collect$$$$0000000A                 0x080000bc   Section        0  entry8b.o(.ARM.Collect$$$$0000000A)
    .ARM.Collect$$$$0000000B                 0x080000bc   Section        8  entry9a.o(.ARM.Collect$$$$0000000B)
    .ARM.Collect$$$$0000000D                 0x080000c4   Section        0  entry10a.o(.ARM.Collect$$$$0000000D)
    .ARM.Collect$$$$0000000F                 0x080000c4   Section        0  entry11a.o(.ARM.Collect$$$$0000000F)
    .ARM.Collect$$$$00002712                 0x080000c4   Section        4  entry2.o(.ARM.Collect$$$$00002712)
    __lit__00000000                          0x080000c4   Data           4  entry2.o(.ARM.Collect$$$$00002712)
    .text                                    0x080000c8   Section       88  startup_stm32f030.o(.text)
    .text                                    0x08000120   Section        0  uidiv.o(.text)
    .text                                    0x0800014c   Section        0  strcmp.o(.text)
    .text                                    0x08000168   Section        0  uldiv.o(.text)
    .text                                    0x080001c8   Section        0  dadd.o(.text)
    .text                                    0x080001c8   Section        0  iusefp.o(.text)
    .text                                    0x0800032c   Section        0  dmul.o(.text)
    .text                                    0x080003fc   Section        0  ddiv.o(.text)
    .text                                    0x080004ec   Section        0  dfixul.o(.text)
    .text                                    0x0800052c   Section       40  cdrcmple.o(.text)
    .text                                    0x08000554   Section       36  init.o(.text)
    .text                                    0x08000578   Section        0  llshl.o(.text)
    .text                                    0x08000598   Section        0  llushr.o(.text)
    .text                                    0x080005ba   Section        0  llsshr.o(.text)
    .text                                    0x080005e0   Section        0  depilogue.o(.text)
    i.AutoTask0_per_ms                       0x080006a0   Section        0  delay.o(i.AutoTask0_per_ms)
    i.CommandCheckAndExeViaUart1             0x080006cc   Section        0  inc_mboakpled-01.o(i.CommandCheckAndExeViaUart1)
    CommandCheckAndExeViaUart1               0x080006cd   Thumb Code    90  inc_mboakpled-01.o(i.CommandCheckAndExeViaUart1)
    i.Command_Analysis_Process               0x08000770   Section        0  inc_mboakpled-01.o(i.Command_Analysis_Process)
    Command_Analysis_Process                 0x08000771   Thumb Code    66  inc_mboakpled-01.o(i.Command_Analysis_Process)
    i.Command_INC_MBOAKPLED                  0x080007cc   Section        0  inc_mboakpled-01.o(i.Command_INC_MBOAKPLED)
    Command_INC_MBOAKPLED                    0x080007cd   Thumb Code   304  inc_mboakpled-01.o(i.Command_INC_MBOAKPLED)
    i.GPIO_Init                              0x080009ac   Section        0  stm32f0xx_gpio.o(i.GPIO_Init)
    i.GPIO_PinAFConfig                       0x08000a3c   Section        0  stm32f0xx_gpio.o(i.GPIO_PinAFConfig)
    i.GPIO_ResetBits                         0x08000a80   Section        0  stm32f0xx_gpio.o(i.GPIO_ResetBits)
    i.GPIO_SetBits                           0x08000a84   Section        0  stm32f0xx_gpio.o(i.GPIO_SetBits)
    i.HardFault_Handler                      0x08000a88   Section        0  stm32f0xx_it.o(i.HardFault_Handler)
    i.INC_MBOAKPLED_CMDList                  0x08000a8c   Section        0  inc_mboakpled-01.o(i.INC_MBOAKPLED_CMDList)
    INC_MBOAKPLED_CMDList                    0x08000a8d   Thumb Code    46  inc_mboakpled-01.o(i.INC_MBOAKPLED_CMDList)
    i.INC_MBOAKPLED_hw_init                  0x08000b38   Section        0  inc_mboakpled-01.o(i.INC_MBOAKPLED_hw_init)
    INC_MBOAKPLED_hw_init                    0x08000b39   Thumb Code    92  inc_mboakpled-01.o(i.INC_MBOAKPLED_hw_init)
    i.MakeLowercase                          0x08000b98   Section        0  inc_mboakpled-01.o(i.MakeLowercase)
    MakeLowercase                            0x08000b99   Thumb Code    30  inc_mboakpled-01.o(i.MakeLowercase)
    i.NMI_Handler                            0x08000bb6   Section        0  stm32f0xx_it.o(i.NMI_Handler)
    i.NVIC_Init                              0x08000bb8   Section        0  stm32f0xx_misc.o(i.NVIC_Init)
    i.NVIC_SetPriority                       0x08000c28   Section        0  inc_mboakpled-01.o(i.NVIC_SetPriority)
    NVIC_SetPriority                         0x08000c29   Thumb Code   110  inc_mboakpled-01.o(i.NVIC_SetPriority)
    i.PendSV_Handler                         0x08000ca0   Section        0  stm32f0xx_it.o(i.PendSV_Handler)
    i.RCC_AHBPeriphClockCmd                  0x08000ca4   Section        0  stm32f0xx_rcc.o(i.RCC_AHBPeriphClockCmd)
    i.RCC_APB2PeriphClockCmd                 0x08000cc4   Section        0  stm32f0xx_rcc.o(i.RCC_APB2PeriphClockCmd)
    i.RCC_GetClocksFreq                      0x08000ce4   Section        0  stm32f0xx_rcc.o(i.RCC_GetClocksFreq)
    i.SVC_Handler                            0x08000ed4   Section        0  stm32f0xx_it.o(i.SVC_Handler)
    i.SetSysClock                            0x08000ed8   Section        0  system_stm32f0xx.o(i.SetSysClock)
    SetSysClock                              0x08000ed9   Thumb Code   126  system_stm32f0xx.o(i.SetSysClock)
    i.SysTick_GetTimer                       0x08000f60   Section        0  delay.o(i.SysTick_GetTimer)
    i.SysTick_Handler                        0x08000f6c   Section        0  delay.o(i.SysTick_Handler)
    i.SystemInit                             0x08000f7c   Section        0  system_stm32f0xx.o(i.SystemInit)
    i.USART1_IRQHandler                      0x08000ff8   Section        0  uart1.o(i.USART1_IRQHandler)
    i.USART_ClearFlag                        0x080010bc   Section        0  stm32f0xx_usart.o(i.USART_ClearFlag)
    i.USART_ClearITPendingBit                0x080010c0   Section        0  stm32f0xx_usart.o(i.USART_ClearITPendingBit)
    i.USART_Cmd                              0x080010d2   Section        0  stm32f0xx_usart.o(i.USART_Cmd)
    i.USART_GetFlagStatus                    0x080010ea   Section        0  stm32f0xx_usart.o(i.USART_GetFlagStatus)
    i.USART_GetITStatus                      0x080010fe   Section        0  stm32f0xx_usart.o(i.USART_GetITStatus)
    i.USART_ITConfig                         0x0800114c   Section        0  stm32f0xx_usart.o(i.USART_ITConfig)
    i.USART_Init                             0x08001190   Section        0  stm32f0xx_usart.o(i.USART_Init)
    i.USART_ReceiveData                      0x08001278   Section        0  stm32f0xx_usart.o(i.USART_ReceiveData)
    i.USART_SendData                         0x08001282   Section        0  stm32f0xx_usart.o(i.USART_SendData)
    i.__0printf                              0x0800128c   Section        0  printfa.o(i.__0printf)
    i.__ARM_clz                              0x080012ac   Section        0  depilogue.o(i.__ARM_clz)
    i.__scatterload_copy                     0x080012da   Section       14  handlers.o(i.__scatterload_copy)
    i.__scatterload_null                     0x080012e8   Section        2  handlers.o(i.__scatterload_null)
    i.__scatterload_zeroinit                 0x080012ea   Section       14  handlers.o(i.__scatterload_zeroinit)
    i._fp_digits                             0x080012f8   Section        0  printfa.o(i._fp_digits)
    _fp_digits                               0x080012f9   Thumb Code   344  printfa.o(i._fp_digits)
    i._printf_core                           0x0800146c   Section        0  printfa.o(i._printf_core)
    _printf_core                             0x0800146d   Thumb Code  1754  printfa.o(i._printf_core)
    i._printf_post_padding                   0x08001b58   Section        0  printfa.o(i._printf_post_padding)
    _printf_post_padding                     0x08001b59   Thumb Code    32  printfa.o(i._printf_post_padding)
    i._printf_pre_padding                    0x08001b78   Section        0  printfa.o(i._printf_pre_padding)
    _printf_pre_padding                      0x08001b79   Thumb Code    44  printfa.o(i._printf_pre_padding)
    i.delay_ms                               0x08001ba4   Section        0  delay.o(i.delay_ms)
    i.delay_us                               0x08001bb8   Section        0  delay.o(i.delay_us)
    i.fputc                                  0x08001bfc   Section        0  uart1.o(i.fputc)
    i.main                                   0x08001c20   Section        0  inc_mboakpled-01.o(i.main)
    i.uart1_init                             0x08001cc4   Section        0  uart1.o(i.uart1_init)
    i.user_show_version                      0x08001dc8   Section        0  inc_mboakpled-01.o(i.user_show_version)
    .data                                    0x20000000   Section       16  stm32f0xx_rcc.o(.data)
    APBAHBPrescTable                         0x20000000   Data          16  stm32f0xx_rcc.o(.data)
    .data                                    0x20000010   Section        2  uart1.o(.data)
    .data                                    0x20000014   Section       12  delay.o(.data)
    SysTickTimer                             0x20000014   Data           4  delay.o(.data)
    AutoTaskDelay0                           0x20000018   Data           4  delay.o(.data)
    AutoTaskDelay1                           0x2000001c   Data           4  delay.o(.data)
    .data                                    0x20000020   Section       26  inc_mboakpled-01.o(.data)
    .data                                    0x2000003c   Section        4  stdout.o(.data)
    .bss                                     0x20000040   Section      100  uart1.o(.bss)
    .bss                                     0x200000a4   Section       36  inc_mboakpled-01.o(.bss)
    STACK                                    0x200000c8   Section     1024  startup_stm32f030.o(STACK)

    Global Symbols

    Symbol Name                              Value     Ov Type        Size  Object(Section)

    BuildAttributes$$THM_ISAv3M$S$PE$A:L22$X:L11$S22$IEEE1$IW$USESV6$~STKCKD$USESV7$~SHL$OSPACE$ROPI$EBA8$MICROLIB$REQ8$PRES8$EABIv2 0x00000000   Number         0  anon$$obj.o ABSOLUTE
    __ARM_use_no_argv                        0x00000000   Number         0  inc_mboakpled-01.o ABSOLUTE
    _printf_a                                0x00000000   Number         0  stubs.o ABSOLUTE
    _printf_c                                0x00000000   Number         0  stubs.o ABSOLUTE
    _printf_charcount                        0x00000000   Number         0  stubs.o ABSOLUTE
    _printf_d                                0x00000000   Number         0  stubs.o ABSOLUTE
    _printf_e                                0x00000000   Number         0  stubs.o ABSOLUTE
    _printf_f                                0x00000000   Number         0  stubs.o ABSOLUTE
    _printf_flags                            0x00000000   Number         0  stubs.o ABSOLUTE
    _printf_fp_dec                           0x00000000   Number         0  stubs.o ABSOLUTE
    _printf_fp_hex                           0x00000000   Number         0  stubs.o ABSOLUTE
    _printf_g                                0x00000000   Number         0  stubs.o ABSOLUTE
    _printf_i                                0x00000000   Number         0  stubs.o ABSOLUTE
    _printf_int_dec                          0x00000000   Number         0  stubs.o ABSOLUTE
    _printf_l                                0x00000000   Number         0  stubs.o ABSOLUTE
    _printf_lc                               0x00000000   Number         0  stubs.o ABSOLUTE
    _printf_ll                               0x00000000   Number         0  stubs.o ABSOLUTE
    _printf_lld                              0x00000000   Number         0  stubs.o ABSOLUTE
    _printf_lli                              0x00000000   Number         0  stubs.o ABSOLUTE
    _printf_llo                              0x00000000   Number         0  stubs.o ABSOLUTE
    _printf_llu                              0x00000000   Number         0  stubs.o ABSOLUTE
    _printf_llx                              0x00000000   Number         0  stubs.o ABSOLUTE
    _printf_longlong_dec                     0x00000000   Number         0  stubs.o ABSOLUTE
    _printf_longlong_hex                     0x00000000   Number         0  stubs.o ABSOLUTE
    _printf_longlong_oct                     0x00000000   Number         0  stubs.o ABSOLUTE
    _printf_ls                               0x00000000   Number         0  stubs.o ABSOLUTE
    _printf_mbtowc                           0x00000000   Number         0  stubs.o ABSOLUTE
    _printf_n                                0x00000000   Number         0  stubs.o ABSOLUTE
    _printf_o                                0x00000000   Number         0  stubs.o ABSOLUTE
    _printf_p                                0x00000000   Number         0  stubs.o ABSOLUTE
    _printf_percent                          0x00000000   Number         0  stubs.o ABSOLUTE
    _printf_pre_padding                      0x00000000   Number         0  stubs.o ABSOLUTE
    _printf_return_value                     0x00000000   Number         0  stubs.o ABSOLUTE
    _printf_s                                0x00000000   Number         0  stubs.o ABSOLUTE
    _printf_sizespec                         0x00000000   Number         0  stubs.o ABSOLUTE
    _printf_str                              0x00000000   Number         0  stubs.o ABSOLUTE
    _printf_truncate_signed                  0x00000000   Number         0  stubs.o ABSOLUTE
    _printf_truncate_unsigned                0x00000000   Number         0  stubs.o ABSOLUTE
    _printf_u                                0x00000000   Number         0  stubs.o ABSOLUTE
    _printf_wc                               0x00000000   Number         0  stubs.o ABSOLUTE
    _printf_wctomb                           0x00000000   Number         0  stubs.o ABSOLUTE
    _printf_widthprec                        0x00000000   Number         0  stubs.o ABSOLUTE
    _printf_x                                0x00000000   Number         0  stubs.o ABSOLUTE
    __cpp_initialize__aeabi_                  - Undefined Weak Reference
    __cxa_finalize                            - Undefined Weak Reference
    __decompress                              - Undefined Weak Reference
    _clock_init                               - Undefined Weak Reference
    _microlib_exit                            - Undefined Weak Reference
    __Vectors_Size                           0x000000b4   Number         0  startup_stm32f030.o ABSOLUTE
    __Vectors                                0x08000000   Data           4  startup_stm32f030.o(RESET)
    __Vectors_End                            0x080000b4   Data           0  startup_stm32f030.o(RESET)
    __main                                   0x080000b5   Thumb Code     0  entry.o(.ARM.Collect$$$$00000000)
    _main_stk                                0x080000b5   Thumb Code     0  entry2.o(.ARM.Collect$$$$00000001)
    _main_scatterload                        0x080000b9   Thumb Code     0  entry5.o(.ARM.Collect$$$$00000004)
    __main_after_scatterload                 0x080000bd   Thumb Code     0  entry5.o(.ARM.Collect$$$$00000004)
    _main_clock                              0x080000bd   Thumb Code     0  entry7b.o(.ARM.Collect$$$$00000008)
    _main_cpp_init                           0x080000bd   Thumb Code     0  entry8b.o(.ARM.Collect$$$$0000000A)
    _main_init                               0x080000bd   Thumb Code     0  entry9a.o(.ARM.Collect$$$$0000000B)
    __rt_final_cpp                           0x080000c5   Thumb Code     0  entry10a.o(.ARM.Collect$$$$0000000D)
    __rt_final_exit                          0x080000c5   Thumb Code     0  entry11a.o(.ARM.Collect$$$$0000000F)
    Reset_Handler                            0x080000c9   Thumb Code    38  startup_stm32f030.o(.text)
    ADC1_IRQHandler                          0x080000f9   Thumb Code     0  startup_stm32f030.o(.text)
    DMA1_Channel1_IRQHandler                 0x080000f9   Thumb Code     0  startup_stm32f030.o(.text)
    DMA1_Channel2_3_IRQHandler               0x080000f9   Thumb Code     0  startup_stm32f030.o(.text)
    DMA1_Channel4_5_IRQHandler               0x080000f9   Thumb Code     0  startup_stm32f030.o(.text)
    EXTI0_1_IRQHandler                       0x080000f9   Thumb Code     0  startup_stm32f030.o(.text)
    EXTI2_3_IRQHandler                       0x080000f9   Thumb Code     0  startup_stm32f030.o(.text)
    EXTI4_15_IRQHandler                      0x080000f9   Thumb Code     0  startup_stm32f030.o(.text)
    FLASH_IRQHandler                         0x080000f9   Thumb Code     0  startup_stm32f030.o(.text)
    I2C1_IRQHandler                          0x080000f9   Thumb Code     0  startup_stm32f030.o(.text)
    I2C2_IRQHandler                          0x080000f9   Thumb Code     0  startup_stm32f030.o(.text)
    RCC_IRQHandler                           0x080000f9   Thumb Code     0  startup_stm32f030.o(.text)
    RTC_IRQHandler                           0x080000f9   Thumb Code     0  startup_stm32f030.o(.text)
    SPI1_IRQHandler                          0x080000f9   Thumb Code     0  startup_stm32f030.o(.text)
    SPI2_IRQHandler                          0x080000f9   Thumb Code     0  startup_stm32f030.o(.text)
    TIM14_IRQHandler                         0x080000f9   Thumb Code     0  startup_stm32f030.o(.text)
    TIM15_IRQHandler                         0x080000f9   Thumb Code     0  startup_stm32f030.o(.text)
    TIM16_IRQHandler                         0x080000f9   Thumb Code     0  startup_stm32f030.o(.text)
    TIM17_IRQHandler                         0x080000f9   Thumb Code     0  startup_stm32f030.o(.text)
    TIM1_BRK_UP_TRG_COM_IRQHandler           0x080000f9   Thumb Code     0  startup_stm32f030.o(.text)
    TIM1_CC_IRQHandler                       0x080000f9   Thumb Code     0  startup_stm32f030.o(.text)
    TIM3_IRQHandler                          0x080000f9   Thumb Code     0  startup_stm32f030.o(.text)
    USART2_IRQHandler                        0x080000f9   Thumb Code     0  startup_stm32f030.o(.text)
    WWDG_IRQHandler                          0x080000f9   Thumb Code     0  startup_stm32f030.o(.text)
    __aeabi_uidiv                            0x08000121   Thumb Code     0  uidiv.o(.text)
    __aeabi_uidivmod                         0x08000121   Thumb Code    44  uidiv.o(.text)
    strcmp                                   0x0800014d   Thumb Code    28  strcmp.o(.text)
    __aeabi_uldivmod                         0x08000169   Thumb Code    96  uldiv.o(.text)
    __I$use$fp                               0x080001c9   Thumb Code     0  iusefp.o(.text)
    __aeabi_dadd                             0x080001c9   Thumb Code   328  dadd.o(.text)
    __aeabi_dsub                             0x08000311   Thumb Code    12  dadd.o(.text)
    __aeabi_drsub                            0x0800031d   Thumb Code    12  dadd.o(.text)
    __aeabi_dmul                             0x0800032d   Thumb Code   202  dmul.o(.text)
    __aeabi_ddiv                             0x080003fd   Thumb Code   234  ddiv.o(.text)
    __aeabi_d2ulz                            0x080004ed   Thumb Code    54  dfixul.o(.text)
    __aeabi_cdrcmple                         0x0800052d   Thumb Code    38  cdrcmple.o(.text)
    __scatterload                            0x08000555   Thumb Code    28  init.o(.text)
    __scatterload_rt2                        0x08000555   Thumb Code     0  init.o(.text)
    __aeabi_llsl                             0x08000579   Thumb Code    32  llshl.o(.text)
    _ll_shift_l                              0x08000579   Thumb Code     0  llshl.o(.text)
    __aeabi_llsr                             0x08000599   Thumb Code    34  llushr.o(.text)
    _ll_ushift_r                             0x08000599   Thumb Code     0  llushr.o(.text)
    __aeabi_lasr                             0x080005bb   Thumb Code    38  llsshr.o(.text)
    _ll_sshift_r                             0x080005bb   Thumb Code     0  llsshr.o(.text)
    _double_round                            0x080005e1   Thumb Code    26  depilogue.o(.text)
    _double_epilogue                         0x080005fb   Thumb Code   164  depilogue.o(.text)
    AutoTask0_per_ms                         0x080006a1   Thumb Code    38  delay.o(i.AutoTask0_per_ms)
    GPIO_Init                                0x080009ad   Thumb Code   144  stm32f0xx_gpio.o(i.GPIO_Init)
    GPIO_PinAFConfig                         0x08000a3d   Thumb Code    68  stm32f0xx_gpio.o(i.GPIO_PinAFConfig)
    GPIO_ResetBits                           0x08000a81   Thumb Code     4  stm32f0xx_gpio.o(i.GPIO_ResetBits)
    GPIO_SetBits                             0x08000a85   Thumb Code     4  stm32f0xx_gpio.o(i.GPIO_SetBits)
    HardFault_Handler                        0x08000a89   Thumb Code     4  stm32f0xx_it.o(i.HardFault_Handler)
    NMI_Handler                              0x08000bb7   Thumb Code     2  stm32f0xx_it.o(i.NMI_Handler)
    NVIC_Init                                0x08000bb9   Thumb Code   106  stm32f0xx_misc.o(i.NVIC_Init)
    PendSV_Handler                           0x08000ca1   Thumb Code     2  stm32f0xx_it.o(i.PendSV_Handler)
    RCC_AHBPeriphClockCmd                    0x08000ca5   Thumb Code    28  stm32f0xx_rcc.o(i.RCC_AHBPeriphClockCmd)
    RCC_APB2PeriphClockCmd                   0x08000cc5   Thumb Code    28  stm32f0xx_rcc.o(i.RCC_APB2PeriphClockCmd)
    RCC_GetClocksFreq                        0x08000ce5   Thumb Code   468  stm32f0xx_rcc.o(i.RCC_GetClocksFreq)
    SVC_Handler                              0x08000ed5   Thumb Code     2  stm32f0xx_it.o(i.SVC_Handler)
    SysTick_GetTimer                         0x08000f61   Thumb Code     6  delay.o(i.SysTick_GetTimer)
    SysTick_Handler                          0x08000f6d   Thumb Code    12  delay.o(i.SysTick_Handler)
    SystemInit                               0x08000f7d   Thumb Code   110  system_stm32f0xx.o(i.SystemInit)
    USART1_IRQHandler                        0x08000ff9   Thumb Code   178  uart1.o(i.USART1_IRQHandler)
    USART_ClearFlag                          0x080010bd   Thumb Code     4  stm32f0xx_usart.o(i.USART_ClearFlag)
    USART_ClearITPendingBit                  0x080010c1   Thumb Code    18  stm32f0xx_usart.o(i.USART_ClearITPendingBit)
    USART_Cmd                                0x080010d3   Thumb Code    24  stm32f0xx_usart.o(i.USART_Cmd)
    USART_GetFlagStatus                      0x080010eb   Thumb Code    20  stm32f0xx_usart.o(i.USART_GetFlagStatus)
    USART_GetITStatus                        0x080010ff   Thumb Code    78  stm32f0xx_usart.o(i.USART_GetITStatus)
    USART_ITConfig                           0x0800114d   Thumb Code    66  stm32f0xx_usart.o(i.USART_ITConfig)
    USART_Init                               0x08001191   Thumb Code   214  stm32f0xx_usart.o(i.USART_Init)
    USART_ReceiveData                        0x08001279   Thumb Code    10  stm32f0xx_usart.o(i.USART_ReceiveData)
    USART_SendData                           0x08001283   Thumb Code     8  stm32f0xx_usart.o(i.USART_SendData)
    __0printf                                0x0800128d   Thumb Code    24  printfa.o(i.__0printf)
    __1printf                                0x0800128d   Thumb Code     0  printfa.o(i.__0printf)
    __2printf                                0x0800128d   Thumb Code     0  printfa.o(i.__0printf)
    __c89printf                              0x0800128d   Thumb Code     0  printfa.o(i.__0printf)
    printf                                   0x0800128d   Thumb Code     0  printfa.o(i.__0printf)
    __ARM_clz                                0x080012ad   Thumb Code    46  depilogue.o(i.__ARM_clz)
    __scatterload_copy                       0x080012db   Thumb Code    14  handlers.o(i.__scatterload_copy)
    __scatterload_null                       0x080012e9   Thumb Code     2  handlers.o(i.__scatterload_null)
    __scatterload_zeroinit                   0x080012eb   Thumb Code    14  handlers.o(i.__scatterload_zeroinit)
    delay_ms                                 0x08001ba5   Thumb Code    18  delay.o(i.delay_ms)
    delay_us                                 0x08001bb9   Thumb Code    62  delay.o(i.delay_us)
    fputc                                    0x08001bfd   Thumb Code    32  uart1.o(i.fputc)
    main                                     0x08001c21   Thumb Code   146  inc_mboakpled-01.o(i.main)
    uart1_init                               0x08001cc5   Thumb Code   226  uart1.o(i.uart1_init)
    user_show_version                        0x08001dc9   Thumb Code    46  inc_mboakpled-01.o(i.user_show_version)
    Region$$Table$$Base                      0x08001eb0   Number         0  anon$$obj.o(Region$$Table)
    Region$$Table$$Limit                     0x08001ed0   Number         0  anon$$obj.o(Region$$Table)
    USART1_RX_STA                            0x20000010   Data           2  uart1.o(.data)
    PromptString                             0x20000020   Data           3  inc_mboakpled-01.o(.data)
    version_string                           0x20000023   Data          23  inc_mboakpled-01.o(.data)
    __stdout                                 0x2000003c   Data           4  stdout.o(.data)
    USART1_RX_BUF                            0x20000040   Data         100  uart1.o(.bss)
    RCC_Clocks                               0x200000a4   Data          36  inc_mboakpled-01.o(.bss)
    __initial_sp                             0x200004c8   Data           0  startup_stm32f030.o(STACK)



==============================================================================

Memory Map of the image

  Image Entry point : 0x080000b5

  Load Region LR_IROM1 (Base: 0x08000000, Size: 0x00001f10, Max: 0x00004000, ABSOLUTE)

    Execution Region ER_IROM1 (Exec base: 0x08000000, Load base: 0x08000000, Size: 0x00001ed0, Max: 0x00004000, ABSOLUTE)

    Exec Addr    Load Addr    Size         Type   Attr      Idx    E Section Name        Object

    0x08000000   0x08000000   0x000000b4   Data   RO         1849    RESET               startup_stm32f030.o
    0x080000b4   0x080000b4   0x00000000   Code   RO         1956  * .ARM.Collect$$$$00000000  mc_p.l(entry.o)
    0x080000b4   0x080000b4   0x00000004   Code   RO         2224    .ARM.Collect$$$$00000001  mc_p.l(entry2.o)
    0x080000b8   0x080000b8   0x00000004   Code   RO         2227    .ARM.Collect$$$$00000004  mc_p.l(entry5.o)
    0x080000bc   0x080000bc   0x00000000   Code   RO         2229    .ARM.Collect$$$$00000008  mc_p.l(entry7b.o)
    0x080000bc   0x080000bc   0x00000000   Code   RO         2231    .ARM.Collect$$$$0000000A  mc_p.l(entry8b.o)
    0x080000bc   0x080000bc   0x00000008   Code   RO         2232    .ARM.Collect$$$$0000000B  mc_p.l(entry9a.o)
    0x080000c4   0x080000c4   0x00000000   Code   RO         2234    .ARM.Collect$$$$0000000D  mc_p.l(entry10a.o)
    0x080000c4   0x080000c4   0x00000000   Code   RO         2236    .ARM.Collect$$$$0000000F  mc_p.l(entry11a.o)
    0x080000c4   0x080000c4   0x00000004   Code   RO         2225    .ARM.Collect$$$$00002712  mc_p.l(entry2.o)
    0x080000c8   0x080000c8   0x00000058   Code   RO         1850    .text               startup_stm32f030.o
    0x08000120   0x08000120   0x0000002c   Code   RO         1959    .text               mc_p.l(uidiv.o)
    0x0800014c   0x0800014c   0x0000001c   Code   RO         1961    .text               mc_p.l(strcmp.o)
    0x08000168   0x08000168   0x00000060   Code   RO         2239    .text               mc_p.l(uldiv.o)
    0x080001c8   0x080001c8   0x00000000   Code   RO         2241    .text               mc_p.l(iusefp.o)
    0x080001c8   0x080001c8   0x00000164   Code   RO         2242    .text               mf_p.l(dadd.o)
    0x0800032c   0x0800032c   0x000000d0   Code   RO         2244    .text               mf_p.l(dmul.o)
    0x080003fc   0x080003fc   0x000000f0   Code   RO         2246    .text               mf_p.l(ddiv.o)
    0x080004ec   0x080004ec   0x00000040   Code   RO         2248    .text               mf_p.l(dfixul.o)
    0x0800052c   0x0800052c   0x00000028   Code   RO         2250    .text               mf_p.l(cdrcmple.o)
    0x08000554   0x08000554   0x00000024   Code   RO         2252    .text               mc_p.l(init.o)
    0x08000578   0x08000578   0x00000020   Code   RO         2254    .text               mc_p.l(llshl.o)
    0x08000598   0x08000598   0x00000022   Code   RO         2256    .text               mc_p.l(llushr.o)
    0x080005ba   0x080005ba   0x00000026   Code   RO         2258    .text               mc_p.l(llsshr.o)
    0x080005e0   0x080005e0   0x000000be   Code   RO         2260    .text               mf_p.l(depilogue.o)
    0x0800069e   0x0800069e   0x00000002   PAD
    0x080006a0   0x080006a0   0x0000002c   Code   RO         1570    i.AutoTask0_per_ms  delay.o
    0x080006cc   0x080006cc   0x000000a4   Code   RO         1880    i.CommandCheckAndExeViaUart1  inc_mboakpled-01.o
    0x08000770   0x08000770   0x0000005c   Code   RO         1881    i.Command_Analysis_Process  inc_mboakpled-01.o
    0x080007cc   0x080007cc   0x000001e0   Code   RO         1882    i.Command_INC_MBOAKPLED  inc_mboakpled-01.o
    0x080009ac   0x080009ac   0x00000090   Code   RO          292    i.GPIO_Init         stm32f0xx_gpio.o
    0x08000a3c   0x08000a3c   0x00000044   Code   RO          293    i.GPIO_PinAFConfig  stm32f0xx_gpio.o
    0x08000a80   0x08000a80   0x00000004   Code   RO          299    i.GPIO_ResetBits    stm32f0xx_gpio.o
    0x08000a84   0x08000a84   0x00000004   Code   RO          300    i.GPIO_SetBits      stm32f0xx_gpio.o
    0x08000a88   0x08000a88   0x00000004   Code   RO         1744    i.HardFault_Handler  stm32f0xx_it.o
    0x08000a8c   0x08000a8c   0x000000ac   Code   RO         1883    i.INC_MBOAKPLED_CMDList  inc_mboakpled-01.o
    0x08000b38   0x08000b38   0x00000060   Code   RO         1884    i.INC_MBOAKPLED_hw_init  inc_mboakpled-01.o
    0x08000b98   0x08000b98   0x0000001e   Code   RO         1885    i.MakeLowercase     inc_mboakpled-01.o
    0x08000bb6   0x08000bb6   0x00000002   Code   RO         1746    i.NMI_Handler       stm32f0xx_it.o
    0x08000bb8   0x08000bb8   0x00000070   Code   RO          383    i.NVIC_Init         stm32f0xx_misc.o
    0x08000c28   0x08000c28   0x00000078   Code   RO         1886    i.NVIC_SetPriority  inc_mboakpled-01.o
    0x08000ca0   0x08000ca0   0x00000002   Code   RO         1747    i.PendSV_Handler    stm32f0xx_it.o
    0x08000ca2   0x08000ca2   0x00000002   PAD
    0x08000ca4   0x08000ca4   0x00000020   Code   RO          416    i.RCC_AHBPeriphClockCmd  stm32f0xx_rcc.o
    0x08000cc4   0x08000cc4   0x00000020   Code   RO          420    i.RCC_APB2PeriphClockCmd  stm32f0xx_rcc.o
    0x08000ce4   0x08000ce4   0x000001f0   Code   RO          430    i.RCC_GetClocksFreq  stm32f0xx_rcc.o
    0x08000ed4   0x08000ed4   0x00000002   Code   RO         1748    i.SVC_Handler       stm32f0xx_it.o
    0x08000ed6   0x08000ed6   0x00000002   PAD
    0x08000ed8   0x08000ed8   0x00000088   Code   RO         1812    i.SetSysClock       system_stm32f0xx.o
    0x08000f60   0x08000f60   0x0000000c   Code   RO         1572    i.SysTick_GetTimer  delay.o
    0x08000f6c   0x08000f6c   0x00000010   Code   RO         1573    i.SysTick_Handler   delay.o
    0x08000f7c   0x08000f7c   0x0000007c   Code   RO         1814    i.SystemInit        system_stm32f0xx.o
    0x08000ff8   0x08000ff8   0x000000c4   Code   RO         1503    i.USART1_IRQHandler  uart1.o
    0x080010bc   0x080010bc   0x00000004   Code   RO          942    i.USART_ClearFlag   stm32f0xx_usart.o
    0x080010c0   0x080010c0   0x00000012   Code   RO          943    i.USART_ClearITPendingBit  stm32f0xx_usart.o
    0x080010d2   0x080010d2   0x00000018   Code   RO          946    i.USART_Cmd         stm32f0xx_usart.o
    0x080010ea   0x080010ea   0x00000014   Code   RO          954    i.USART_GetFlagStatus  stm32f0xx_usart.o
    0x080010fe   0x080010fe   0x0000004e   Code   RO          955    i.USART_GetITStatus  stm32f0xx_usart.o
    0x0800114c   0x0800114c   0x00000042   Code   RO          957    i.USART_ITConfig    stm32f0xx_usart.o
    0x0800118e   0x0800118e   0x00000002   PAD
    0x08001190   0x08001190   0x000000e8   Code   RO          958    i.USART_Init        stm32f0xx_usart.o
    0x08001278   0x08001278   0x0000000a   Code   RO          970    i.USART_ReceiveData  stm32f0xx_usart.o
    0x08001282   0x08001282   0x00000008   Code   RO          975    i.USART_SendData    stm32f0xx_usart.o
    0x0800128a   0x0800128a   0x00000002   PAD
    0x0800128c   0x0800128c   0x00000020   Code   RO         2196    i.__0printf         mc_p.l(printfa.o)
    0x080012ac   0x080012ac   0x0000002e   Code   RO         2262    i.__ARM_clz         mf_p.l(depilogue.o)
    0x080012da   0x080012da   0x0000000e   Code   RO         2266    i.__scatterload_copy  mc_p.l(handlers.o)
    0x080012e8   0x080012e8   0x00000002   Code   RO         2267    i.__scatterload_null  mc_p.l(handlers.o)
    0x080012ea   0x080012ea   0x0000000e   Code   RO         2268    i.__scatterload_zeroinit  mc_p.l(handlers.o)
    0x080012f8   0x080012f8   0x00000174   Code   RO         2203    i._fp_digits        mc_p.l(printfa.o)
    0x0800146c   0x0800146c   0x000006ec   Code   RO         2204    i._printf_core      mc_p.l(printfa.o)
    0x08001b58   0x08001b58   0x00000020   Code   RO         2205    i._printf_post_padding  mc_p.l(printfa.o)
    0x08001b78   0x08001b78   0x0000002c   Code   RO         2206    i._printf_pre_padding  mc_p.l(printfa.o)
    0x08001ba4   0x08001ba4   0x00000012   Code   RO         1574    i.delay_ms          delay.o
    0x08001bb6   0x08001bb6   0x00000002   PAD
    0x08001bb8   0x08001bb8   0x00000044   Code   RO         1575    i.delay_us          delay.o
    0x08001bfc   0x08001bfc   0x00000024   Code   RO         1506    i.fputc             uart1.o
    0x08001c20   0x08001c20   0x000000a4   Code   RO         1887    i.main              inc_mboakpled-01.o
    0x08001cc4   0x08001cc4   0x00000104   Code   RO         1507    i.uart1_init        uart1.o
    0x08001dc8   0x08001dc8   0x000000e8   Code   RO         1888    i.user_show_version  inc_mboakpled-01.o
    0x08001eb0   0x08001eb0   0x00000020   Data   RO         2264    Region$$Table       anon$$obj.o


    Execution Region RW_IRAM1 (Exec base: 0x20000000, Load base: 0x08001ed0, Size: 0x000004c8, Max: 0x00001000, ABSOLUTE)

    Exec Addr    Load Addr    Size         Type   Attr      Idx    E Section Name        Object

    0x20000000   0x08001ed0   0x00000010   Data   RW          456    .data               stm32f0xx_rcc.o
    0x20000010   0x08001ee0   0x00000002   Data   RW         1509    .data               uart1.o
    0x20000012   0x08001ee2   0x00000002   PAD
    0x20000014   0x08001ee4   0x0000000c   Data   RW         1576    .data               delay.o
    0x20000020   0x08001ef0   0x0000001a   Data   RW         1890    .data               inc_mboakpled-01.o
    0x2000003a   0x08001f0a   0x00000002   PAD
    0x2000003c   0x08001f0c   0x00000004   Data   RW         2238    .data               mc_p.l(stdout.o)
    0x20000040        -       0x00000064   Zero   RW         1508    .bss                uart1.o
    0x200000a4        -       0x00000024   Zero   RW         1889    .bss                inc_mboakpled-01.o
    0x200000c8        -       0x00000400   Zero   RW         1847    STACK               startup_stm32f030.o


==============================================================================

Image component sizes


      Code (inc. data)   RO Data    RW Data    ZI Data      Debug   Object Name

       158         22          0         12          0       3517   delay.o
      1550        620          0         26         36      11856   inc_mboakpled-01.o
        88         38        180          0       1024        648   startup_stm32f030.o
         0          0          0          0          0     175312   stm32f0xx_flash.o
       220          0          0          0          0       3027   stm32f0xx_gpio.o
        10          0          0          0          0       1745   stm32f0xx_it.o
       112          6          0          0          0       1004   stm32f0xx_misc.o
       560         36          0         16          0       3189   stm32f0xx_rcc.o
       460         18          0          0          0       6893   stm32f0xx_usart.o
       260         24          0          0          0       1389   system_stm32f0xx.o
       492         56          0          2        100       8887   uart1.o

    ----------------------------------------------------------------------
      3920        820        212         60       1160     217467   Object Totals
         0          0         32          0          0          0   (incl. Generated)
        10          0          0          4          0          0   (incl. Padding)

    ----------------------------------------------------------------------

      Code (inc. data)   RO Data    RW Data    ZI Data      Debug   Library Member Name

         0          0          0          0          0          0   entry.o
         0          0          0          0          0          0   entry10a.o
         0          0          0          0          0          0   entry11a.o
         8          4          0          0          0          0   entry2.o
         4          0          0          0          0          0   entry5.o
         0          0          0          0          0          0   entry7b.o
         0          0          0          0          0          0   entry8b.o
         8          4          0          0          0          0   entry9a.o
        30          0          0          0          0          0   handlers.o
        36          8          0          0          0         68   init.o
         0          0          0          0          0          0   iusefp.o
        32          0          0          0          0         68   llshl.o
        38          0          0          0          0         68   llsshr.o
        34          0          0          0          0         68   llushr.o
      2252         98          0          0          0        412   printfa.o
         0          0          0          4          0          0   stdout.o
        28          0          0          0          0         68   strcmp.o
        44          0          0          0          0         72   uidiv.o
        96          0          0          0          0         84   uldiv.o
        40          2          0          0          0         68   cdrcmple.o
       356          4          0          0          0        140   dadd.o
       240          6          0          0          0         84   ddiv.o
       236          0          0          0          0        216   depilogue.o
        64         10          0          0          0         68   dfixul.o
       208          6          0          0          0         88   dmul.o

    ----------------------------------------------------------------------
      3756        142          0          4          0       1572   Library Totals
         2          0          0          0          0          0   (incl. Padding)

    ----------------------------------------------------------------------

      Code (inc. data)   RO Data    RW Data    ZI Data      Debug   Library Name

      2610        114          0          4          0        908   mc_p.l
      1144         28          0          0          0        664   mf_p.l

    ----------------------------------------------------------------------
      3756        142          0          4          0       1572   Library Totals

    ----------------------------------------------------------------------

==============================================================================


      Code (inc. data)   RO Data    RW Data    ZI Data      Debug   

      7676        962        212         64       1160     216851   Grand Totals
      7676        962        212         64       1160     216851   ELF Image Totals
      7676        962        212         64          0          0   ROM Totals

==============================================================================

    Total RO  Size (Code + RO Data)                 7888 (   7.70kB)
    Total RW  Size (RW Data + ZI Data)              1224 (   1.20kB)
    Total ROM Size (Code + RO Data + RW Data)       7952 (   7.77kB)

==============================================================================

